Command line invocation:
    /Applications/Xcode.app/Contents/Developer/usr/bin/xcodebuild test -project Sprout.xcodeproj -scheme Sprout -destination "platform=iOS Simulator,name=Sprout-Claude"

ComputePackagePrebuildTargetDependencyGraph

Prepare packages

CreateBuildRequest

SendProjectDescription

CreateBuildOperation

ComputeTargetDependencyGraph
note: Building targets in dependency order
note: Target dependency graph (2 targets)
    Target 'SproutTests' in project 'Sprout'
        ➜ Explicit dependency on target 'Sprout' in project 'Sprout'
    Target 'Sprout' in project 'Sprout' (no dependencies)

GatherProvisioningInputs

CreateBuildDescription

ExecuteExternalTool /Applications/Xcode.app/Contents/Developer/Toolchains/XcodeDefault.xctoolchain/usr/bin/clang -v -E -dM -isysroot /Applications/Xcode.app/Contents/Developer/Platforms/iPhoneSimulator.platform/Developer/SDKs/iPhoneSimulator26.5.sdk -x c -c /dev/null

ExecuteExternalTool /Applications/Xcode.app/Contents/Developer/Toolchains/XcodeDefault.xctoolchain/usr/bin/swiftc --version

ExecuteExternalTool /Applications/Xcode.app/Contents/Developer/usr/bin/actool --print-asset-tag-combinations --output-format xml1 /Users/ryankrol/Development/Sprout-loop/Sources/Assets.xcassets

ExecuteExternalTool /Applications/Xcode.app/Contents/Developer/usr/bin/actool --version --output-format xml1

ExecuteExternalTool /Applications/Xcode.app/Contents/Developer/Toolchains/XcodeDefault.xctoolchain/usr/bin/ld -version_details

Build description signature: 2af898ac4ba853cd676d23562a902d65
Build description path: /Users/ryankrol/Library/Developer/Xcode/DerivedData/Sprout-bvuuttoslfvxdqbxqlhflydjsroa/Build/Intermediates.noindex/XCBuildData/2af898ac4ba853cd676d23562a902d65.xcbuilddata
ClangStatCache /Applications/Xcode.app/Contents/Developer/Toolchains/XcodeDefault.xctoolchain/usr/bin/clang-stat-cache /Applications/Xcode.app/Contents/Developer/Platforms/iPhoneSimulator.platform/Developer/SDKs/iPhoneSimulator26.5.sdk /Users/ryankrol/Library/Developer/Xcode/DerivedData/SDKStatCaches.noindex/iphonesimulator26.5-23F81a-6cfe768891a92b912361537c460fe42b.sdkstatcache
    cd /Users/ryankrol/Development/Sprout-loop/Sprout.xcodeproj
    /Applications/Xcode.app/Contents/Developer/Toolchains/XcodeDefault.xctoolchain/usr/bin/clang-stat-cache /Applications/Xcode.app/Contents/Developer/Platforms/iPhoneSimulator.platform/Developer/SDKs/iPhoneSimulator26.5.sdk -o /Users/ryankrol/Library/Developer/Xcode/DerivedData/SDKStatCaches.noindex/iphonesimulator26.5-23F81a-6cfe768891a92b912361537c460fe42b.sdkstatcache

GenerateAssetSymbols /Users/ryankrol/Development/Sprout-loop/Sources/Assets.xcassets (in target 'Sprout' from project 'Sprout')
    cd /Users/ryankrol/Development/Sprout-loop
    /Applications/Xcode.app/Contents/Developer/usr/bin/actool /Users/ryankrol/Development/Sprout-loop/Sources/Assets.xcassets --compile /Users/ryankrol/Library/Developer/Xcode/DerivedData/Sprout-bvuuttoslfvxdqbxqlhflydjsroa/Build/Products/Debug-iphonesimulator/Sprout.app --output-format human-readable-text --notices --warnings --export-dependency-info /Users/ryankrol/Library/Developer/Xcode/DerivedData/Sprout-bvuuttoslfvxdqbxqlhflydjsroa/Build/Intermediates.noindex/Sprout.build/Debug-iphonesimulator/Sprout.build/assetcatalog_dependencies --output-partial-info-plist /Users/ryankrol/Library/Developer/Xcode/DerivedData/Sprout-bvuuttoslfvxdqbxqlhflydjsroa/Build/Intermediates.noindex/Sprout.build/Debug-iphonesimulator/Sprout.build/assetcatalog_generated_info.plist --app-icon AppIcon --accent-color AccentColor --compress-pngs --enable-on-demand-resources YES --development-region en --target-device iphone --target-device ipad --minimum-deployment-target 18.0 --platform iphonesimulator --bundle-identifier com.ryankrol.sprout --generate-swift-asset-symbol-extensions NO --generate-swift-asset-symbols /Users/ryankrol/Library/Developer/Xcode/DerivedData/Sprout-bvuuttoslfvxdqbxqlhflydjsroa/Build/Intermediates.noindex/Sprout.build/Debug-iphonesimulator/Sprout.build/DerivedSources/GeneratedAssetSymbols.swift --generate-objc-asset-symbols /Users/ryankrol/Library/Developer/Xcode/DerivedData/Sprout-bvuuttoslfvxdqbxqlhflydjsroa/Build/Intermediates.noindex/Sprout.build/Debug-iphonesimulator/Sprout.build/DerivedSources/GeneratedAssetSymbols.h --generate-asset-symbol-index /Users/ryankrol/Library/Developer/Xcode/DerivedData/Sprout-bvuuttoslfvxdqbxqlhflydjsroa/Build/Intermediates.noindex/Sprout.build/Debug-iphonesimulator/Sprout.build/DerivedSources/GeneratedAssetSymbols-Index.plist
/* com.apple.actool.compilation-results */
/Users/ryankrol/Library/Developer/Xcode/DerivedData/Sprout-bvuuttoslfvxdqbxqlhflydjsroa/Build/Intermediates.noindex/Sprout.build/Debug-iphonesimulator/Sprout.build/DerivedSources/GeneratedAssetSymbols-Index.plist
/Users/ryankrol/Library/Developer/Xcode/DerivedData/Sprout-bvuuttoslfvxdqbxqlhflydjsroa/Build/Intermediates.noindex/Sprout.build/Debug-iphonesimulator/Sprout.build/DerivedSources/GeneratedAssetSymbols.h
/Users/ryankrol/Library/Developer/Xcode/DerivedData/Sprout-bvuuttoslfvxdqbxqlhflydjsroa/Build/Intermediates.noindex/Sprout.build/Debug-iphonesimulator/Sprout.build/DerivedSources/GeneratedAssetSymbols.swift


CompileAssetCatalogVariant thinned /Users/ryankrol/Library/Developer/Xcode/DerivedData/Sprout-bvuuttoslfvxdqbxqlhflydjsroa/Build/Products/Debug-iphonesimulator/Sprout.app /Users/ryankrol/Development/Sprout-loop/Sources/Assets.xcassets (in target 'Sprout' from project 'Sprout')
    cd /Users/ryankrol/Development/Sprout-loop
    /Applications/Xcode.app/Contents/Developer/usr/bin/actool /Users/ryankrol/Development/Sprout-loop/Sources/Assets.xcassets --compile /Users/ryankrol/Library/Developer/Xcode/DerivedData/Sprout-bvuuttoslfvxdqbxqlhflydjsroa/Build/Intermediates.noindex/Sprout.build/Debug-iphonesimulator/Sprout.build/assetcatalog_output/thinned --output-format human-readable-text --notices --warnings --export-dependency-info /Users/ryankrol/Library/Developer/Xcode/DerivedData/Sprout-bvuuttoslfvxdqbxqlhflydjsroa/Build/Intermediates.noindex/Sprout.build/Debug-iphonesimulator/Sprout.build/assetcatalog_dependencies_thinned --output-partial-info-plist /Users/ryankrol/Library/Developer/Xcode/DerivedData/Sprout-bvuuttoslfvxdqbxqlhflydjsroa/Build/Intermediates.noindex/Sprout.build/Debug-iphonesimulator/Sprout.build/assetcatalog_generated_info.plist_thinned --app-icon AppIcon --accent-color AccentColor --compress-pngs --enable-on-demand-resources YES --filter-for-thinning-device-configuration iPhone18,1 --filter-for-device-os-version 26.5 --development-region en --target-device iphone --target-device ipad --minimum-deployment-target 18.0 --platform iphonesimulator
/* com.apple.actool.compilation-results */
/Users/ryankrol/Library/Developer/Xcode/DerivedData/Sprout-bvuuttoslfvxdqbxqlhflydjsroa/Build/Intermediates.noindex/Sprout.build/Debug-iphonesimulator/Sprout.build/assetcatalog_generated_info.plist_thinned
/Users/ryankrol/Library/Developer/Xcode/DerivedData/Sprout-bvuuttoslfvxdqbxqlhflydjsroa/Build/Intermediates.noindex/Sprout.build/Debug-iphonesimulator/Sprout.build/assetcatalog_output/thinned/Assets.car


SwiftDriver Sprout normal arm64 com.apple.xcode.tools.swift.compiler (in target 'Sprout' from project 'Sprout')
    cd /Users/ryankrol/Development/Sprout-loop
    builtin-SwiftDriver -- /Applications/Xcode.app/Contents/Developer/Toolchains/XcodeDefault.xctoolchain/usr/bin/swiftc -module-name Sprout -Onone @/Users/ryankrol/Library/Developer/Xcode/DerivedData/Sprout-bvuuttoslfvxdqbxqlhflydjsroa/Build/Intermediates.noindex/Sprout.build/Debug-iphonesimulator/Sprout.build/Objects-normal/arm64/Sprout.SwiftFileList -DDEBUG -enable-bare-slash-regex -enable-experimental-feature DebugDescriptionMacro -sdk /Applications/Xcode.app/Contents/Developer/Platforms/iPhoneSimulator.platform/Developer/SDKs/iPhoneSimulator26.5.sdk -target arm64-apple-ios18.0-simulator -g -module-cache-path /Users/ryankrol/Library/Developer/Xcode/DerivedData/ModuleCache.noindex -Xfrontend -serialize-debugging-options -enable-testing -index-store-path /Users/ryankrol/Library/Developer/Xcode/DerivedData/Sprout-bvuuttoslfvxdqbxqlhflydjsroa/Index.noindex/DataStore -Xcc -D_LIBCPP_HARDENING_MODE\=_LIBCPP_HARDENING_MODE_DEBUG -swift-version 5 -I /Users/ryankrol/Library/Developer/Xcode/DerivedData/Sprout-bvuuttoslfvxdqbxqlhflydjsroa/Build/Products/Debug-iphonesimulator -F /Users/ryankrol/Library/Developer/Xcode/DerivedData/Sprout-bvuuttoslfvxdqbxqlhflydjsroa/Build/Products/Debug-iphonesimulator -c -j8 -enable-batch-mode -incremental -Xcc -ivfsstatcache -Xcc /Users/ryankrol/Library/Developer/Xcode/DerivedData/SDKStatCaches.noindex/iphonesimulator26.5-23F81a-6cfe768891a92b912361537c460fe42b.sdkstatcache -output-file-map /Users/ryankrol/Library/Developer/Xcode/DerivedData/Sprout-bvuuttoslfvxdqbxqlhflydjsroa/Build/Intermediates.noindex/Sprout.build/Debug-iphonesimulator/Sprout.build/Objects-normal/arm64/Sprout-OutputFileMap.json -use-frontend-parseable-output -save-temps -no-color-diagnostics -explicit-module-build -module-cache-path /Users/ryankrol/Library/Developer/Xcode/DerivedData/Sprout-bvuuttoslfvxdqbxqlhflydjsroa/Build/Intermediates.noindex/SwiftExplicitPrecompiledModules -clang-scanner-module-cache-path /Users/ryankrol/Library/Developer/Xcode/DerivedData/ModuleCache.noindex -sdk-module-cache-path /Users/ryankrol/Library/Developer/Xcode/DerivedData/ModuleCache.noindex -serialize-diagnostics -emit-dependencies -emit-module -emit-module-path /Users/ryankrol/Library/Developer/Xcode/DerivedData/Sprout-bvuuttoslfvxdqbxqlhflydjsroa/Build/Intermediates.noindex/Sprout.build/Debug-iphonesimulator/Sprout.build/Objects-normal/arm64/Sprout.swiftmodule -validate-clang-modules-once -clang-build-session-file /Users/ryankrol/Library/Developer/Xcode/DerivedData/ModuleCache.noindex/Session.modulevalidation -Xcc -I/Users/ryankrol/Library/Developer/Xcode/DerivedData/Sprout-bvuuttoslfvxdqbxqlhflydjsroa/Build/Intermediates.noindex/Sprout.build/Debug-iphonesimulator/Sprout.build/swift-overrides.hmap -emit-const-values -Xfrontend -const-gather-protocols-file -Xfrontend /Users/ryankrol/Library/Developer/Xcode/DerivedData/Sprout-bvuuttoslfvxdqbxqlhflydjsroa/Build/Intermediates.noindex/Sprout.build/Debug-iphonesimulator/Sprout.build/Objects-normal/arm64/Sprout_const_extract_protocols.json -Xcc -iquote -Xcc /Users/ryankrol/Library/Developer/Xcode/DerivedData/Sprout-bvuuttoslfvxdqbxqlhflydjsroa/Build/Intermediates.noindex/Sprout.build/Debug-iphonesimulator/Sprout.build/Sprout-generated-files.hmap -Xcc -I/Users/ryankrol/Library/Developer/Xcode/DerivedData/Sprout-bvuuttoslfvxdqbxqlhflydjsroa/Build/Intermediates.noindex/Sprout.build/Debug-iphonesimulator/Sprout.build/Sprout-own-target-headers.hmap -Xcc -I/Users/ryankrol/Library/Developer/Xcode/DerivedData/Sprout-bvuuttoslfvxdqbxqlhflydjsroa/Build/Intermediates.noindex/Sprout.build/Debug-iphonesimulator/Sprout.build/Sprout-all-target-headers.hmap -Xcc -iquote -Xcc /Users/ryankrol/Library/Developer/Xcode/DerivedData/Sprout-bvuuttoslfvxdqbxqlhflydjsroa/Build/Intermediates.noindex/Sprout.build/Debug-iphonesimulator/Sprout.build/Sprout-project-headers.hmap -Xcc -I/Users/ryankrol/Library/Developer/Xcode/DerivedData/Sprout-bvuuttoslfvxdqbxqlhflydjsroa/Build/Products/Debug-iphonesimulator/include -Xcc -I/Users/ryankrol/Library/Developer/Xcode/DerivedData/Sprout-bvuuttoslfvxdqbxqlhflydjsroa/Build/Intermediates.noindex/Sprout.build/Debug-iphonesimulator/Sprout.build/DerivedSources-normal/arm64 -Xcc -I/Users/ryankrol/Library/Developer/Xcode/DerivedData/Sprout-bvuuttoslfvxdqbxqlhflydjsroa/Build/Intermediates.noindex/Sprout.build/Debug-iphonesimulator/Sprout.build/DerivedSources/arm64 -Xcc -I/Users/ryankrol/Library/Developer/Xcode/DerivedData/Sprout-bvuuttoslfvxdqbxqlhflydjsroa/Build/Intermediates.noindex/Sprout.build/Debug-iphonesimulator/Sprout.build/DerivedSources -Xcc -DDEBUG\=1 -emit-objc-header -emit-objc-header-path /Users/ryankrol/Library/Developer/Xcode/DerivedData/Sprout-bvuuttoslfvxdqbxqlhflydjsroa/Build/Intermediates.noindex/Sprout.build/Debug-iphonesimulator/Sprout.build/Objects-normal/arm64/Sprout-Swift.h -working-directory /Users/ryankrol/Development/Sprout-loop -experimental-emit-module-separately -disable-cmo

SwiftEmitModule normal arm64 Emitting\ module\ for\ Sprout (in target 'Sprout' from project 'Sprout')

EmitSwiftModule normal arm64 (in target 'Sprout' from project 'Sprout')
    cd /Users/ryankrol/Development/Sprout-loop
    

SwiftCompile normal arm64 Compiling\ AVFoundationCamera.swift,\ AdaptiveEngine.swift,\ AddFlowView.swift,\ AddRoomView.swift,\ AlertCard.swift,\ BasketAddViewModel.swift,\ Buttons.swift,\ CapturePhotoView.swift,\ Cards.swift /Users/ryankrol/Development/Sprout-loop/Sources/Camera/AVFoundationCamera.swift /Users/ryankrol/Development/Sprout-loop/Sources/Engine/AdaptiveEngine.swift /Users/ryankrol/Development/Sprout-loop/Sources/Views/AddFlowView.swift /Users/ryankrol/Development/Sprout-loop/Sources/Views/AddRoomView.swift /Users/ryankrol/Development/Sprout-loop/Sources/DesignSystem/AlertCard.swift /Users/ryankrol/Development/Sprout-loop/Sources/ViewModels/BasketAddViewModel.swift /Users/ryankrol/Development/Sprout-loop/Sources/DesignSystem/Buttons.swift /Users/ryankrol/Development/Sprout-loop/Sources/Views/CapturePhotoView.swift /Users/ryankrol/Development/Sprout-loop/Sources/DesignSystem/Cards.swift (in target 'Sprout' from project 'Sprout')

SwiftCompile normal arm64 /Users/ryankrol/Development/Sprout-loop/Sources/Camera/AVFoundationCamera.swift (in target 'Sprout' from project 'Sprout')
    cd /Users/ryankrol/Development/Sprout-loop
    

SwiftCompile normal arm64 /Users/ryankrol/Development/Sprout-loop/Sources/Engine/AdaptiveEngine.swift (in target 'Sprout' from project 'Sprout')
    cd /Users/ryankrol/Development/Sprout-loop
    

SwiftCompile normal arm64 /Users/ryankrol/Development/Sprout-loop/Sources/Views/AddFlowView.swift (in target 'Sprout' from project 'Sprout')
    cd /Users/ryankrol/Development/Sprout-loop
    

SwiftCompile normal arm64 /Users/ryankrol/Development/Sprout-loop/Sources/Views/AddRoomView.swift (in target 'Sprout' from project 'Sprout')
    cd /Users/ryankrol/Development/Sprout-loop
    

SwiftCompile normal arm64 /Users/ryankrol/Development/Sprout-loop/Sources/DesignSystem/AlertCard.swift (in target 'Sprout' from project 'Sprout')
    cd /Users/ryankrol/Development/Sprout-loop
    

SwiftCompile normal arm64 /Users/ryankrol/Development/Sprout-loop/Sources/ViewModels/BasketAddViewModel.swift (in target 'Sprout' from project 'Sprout')
    cd /Users/ryankrol/Development/Sprout-loop
    

SwiftCompile normal arm64 /Users/ryankrol/Development/Sprout-loop/Sources/DesignSystem/Buttons.swift (in target 'Sprout' from project 'Sprout')
    cd /Users/ryankrol/Development/Sprout-loop
    

SwiftCompile normal arm64 /Users/ryankrol/Development/Sprout-loop/Sources/Views/CapturePhotoView.swift (in target 'Sprout' from project 'Sprout')
    cd /Users/ryankrol/Development/Sprout-loop
    

SwiftCompile normal arm64 /Users/ryankrol/Development/Sprout-loop/Sources/DesignSystem/Cards.swift (in target 'Sprout' from project 'Sprout')
    cd /Users/ryankrol/Development/Sprout-loop
    

SwiftCompile normal arm64 Compiling\ DisplayFormatting.swift,\ GuidedWateringCoordinator.swift,\ GuidedWateringView.swift,\ HomeComponents.swift,\ HomeView.swift,\ LocationProviding.swift,\ NotificationForegroundPresenter.swift,\ NotificationGatekeeper.swift,\ NotificationIntroView.swift /Users/ryankrol/Development/Sprout-loop/Sources/Support/DisplayFormatting.swift /Users/ryankrol/Development/Sprout-loop/Sources/ViewModels/GuidedWateringCoordinator.swift /Users/ryankrol/Development/Sprout-loop/Sources/Views/GuidedWateringView.swift /Users/ryankrol/Development/Sprout-loop/Sources/Views/HomeComponents.swift /Users/ryankrol/Development/Sprout-loop/Sources/Views/HomeView.swift /Users/ryankrol/Development/Sprout-loop/Sources/Weather/LocationProviding.swift /Users/ryankrol/Development/Sprout-loop/Sources/Notifications/NotificationForegroundPresenter.swift /Users/ryankrol/Development/Sprout-loop/Sources/Notifications/NotificationGatekeeper.swift /Users/ryankrol/Development/Sprout-loop/Sources/Views/NotificationIntroView.swift (in target 'Sprout' from project 'Sprout')

SwiftCompile normal arm64 /Users/ryankrol/Development/Sprout-loop/Sources/Support/DisplayFormatting.swift (in target 'Sprout' from project 'Sprout')
    cd /Users/ryankrol/Development/Sprout-loop
    

SwiftCompile normal arm64 /Users/ryankrol/Development/Sprout-loop/Sources/ViewModels/GuidedWateringCoordinator.swift (in target 'Sprout' from project 'Sprout')
    cd /Users/ryankrol/Development/Sprout-loop
    

SwiftCompile normal arm64 /Users/ryankrol/Development/Sprout-loop/Sources/Views/GuidedWateringView.swift (in target 'Sprout' from project 'Sprout')
    cd /Users/ryankrol/Development/Sprout-loop
    

SwiftCompile normal arm64 /Users/ryankrol/Development/Sprout-loop/Sources/Views/HomeComponents.swift (in target 'Sprout' from project 'Sprout')
    cd /Users/ryankrol/Development/Sprout-loop
    

SwiftCompile normal arm64 /Users/ryankrol/Development/Sprout-loop/Sources/Views/HomeView.swift (in target 'Sprout' from project 'Sprout')
    cd /Users/ryankrol/Development/Sprout-loop
    

SwiftCompile normal arm64 /Users/ryankrol/Development/Sprout-loop/Sources/Weather/LocationProviding.swift (in target 'Sprout' from project 'Sprout')
    cd /Users/ryankrol/Development/Sprout-loop
    

SwiftCompile normal arm64 /Users/ryankrol/Development/Sprout-loop/Sources/Notifications/NotificationForegroundPresenter.swift (in target 'Sprout' from project 'Sprout')
    cd /Users/ryankrol/Development/Sprout-loop
    

SwiftCompile normal arm64 /Users/ryankrol/Development/Sprout-loop/Sources/Notifications/NotificationGatekeeper.swift (in target 'Sprout' from project 'Sprout')
    cd /Users/ryankrol/Development/Sprout-loop
    

SwiftCompile normal arm64 /Users/ryankrol/Development/Sprout-loop/Sources/Views/NotificationIntroView.swift (in target 'Sprout' from project 'Sprout')
    cd /Users/ryankrol/Development/Sprout-loop
    

SwiftCompile normal arm64 Compiling\ PlantEditViewModel.swift,\ PlantListView.swift,\ PlantListViewModel.swift,\ PlantPhoto.swift,\ PlantRepository.swift,\ PlantToken.swift,\ RandomNicknameProvider.swift,\ RecommendationPresentation.swift,\ RhythmBand.swift /Users/ryankrol/Development/Sprout-loop/Sources/ViewModels/PlantEditViewModel.swift /Users/ryankrol/Development/Sprout-loop/Sources/Views/PlantListView.swift /Users/ryankrol/Development/Sprout-loop/Sources/ViewModels/PlantListViewModel.swift /Users/ryankrol/Development/Sprout-loop/Sources/Model/PlantPhoto.swift /Users/ryankrol/Development/Sprout-loop/Sources/Persistence/PlantRepository.swift /Users/ryankrol/Development/Sprout-loop/Sources/DesignSystem/PlantToken.swift /Users/ryankrol/Development/Sprout-loop/Sources/Model/RandomNicknameProvider.swift /Users/ryankrol/Development/Sprout-loop/Sources/Support/RecommendationPresentation.swift /Users/ryankrol/Development/Sprout-loop/Sources/DesignSystem/RhythmBand.swift (in target 'Sprout' from project 'Sprout')

SwiftCompile normal arm64 /Users/ryankrol/Development/Sprout-loop/Sources/ViewModels/PlantEditViewModel.swift (in target 'Sprout' from project 'Sprout')
    cd /Users/ryankrol/Development/Sprout-loop
    

SwiftCompile normal arm64 /Users/ryankrol/Development/Sprout-loop/Sources/Views/PlantListView.swift (in target 'Sprout' from project 'Sprout')
    cd /Users/ryankrol/Development/Sprout-loop
    

SwiftCompile normal arm64 /Users/ryankrol/Development/Sprout-loop/Sources/ViewModels/PlantListViewModel.swift (in target 'Sprout' from project 'Sprout')
    cd /Users/ryankrol/Development/Sprout-loop
    

SwiftCompile normal arm64 /Users/ryankrol/Development/Sprout-loop/Sources/Model/PlantPhoto.swift (in target 'Sprout' from project 'Sprout')
    cd /Users/ryankrol/Development/Sprout-loop
    

SwiftCompile normal arm64 /Users/ryankrol/Development/Sprout-loop/Sources/Persistence/PlantRepository.swift (in target 'Sprout' from project 'Sprout')
    cd /Users/ryankrol/Development/Sprout-loop
    

SwiftCompile normal arm64 /Users/ryankrol/Development/Sprout-loop/Sources/DesignSystem/PlantToken.swift (in target 'Sprout' from project 'Sprout')
    cd /Users/ryankrol/Development/Sprout-loop
    

SwiftCompile normal arm64 /Users/ryankrol/Development/Sprout-loop/Sources/Model/RandomNicknameProvider.swift (in target 'Sprout' from project 'Sprout')
    cd /Users/ryankrol/Development/Sprout-loop
    

SwiftCompile normal arm64 /Users/ryankrol/Development/Sprout-loop/Sources/Support/RecommendationPresentation.swift (in target 'Sprout' from project 'Sprout')
    cd /Users/ryankrol/Development/Sprout-loop
    

SwiftCompile normal arm64 /Users/ryankrol/Development/Sprout-loop/Sources/DesignSystem/RhythmBand.swift (in target 'Sprout' from project 'Sprout')
    cd /Users/ryankrol/Development/Sprout-loop
    

SwiftCompile normal arm64 Compiling\ SettingsView.swift,\ SettingsViewModel.swift,\ SheetAlertPreview.swift,\ SheetScaffold.swift,\ SproutApp.swift,\ SproutFont.swift,\ SproutIcon.swift,\ SproutTheme.swift,\ StoredModels.swift /Users/ryankrol/Development/Sprout-loop/Sources/Views/SettingsView.swift /Users/ryankrol/Development/Sprout-loop/Sources/ViewModels/SettingsViewModel.swift /Users/ryankrol/Development/Sprout-loop/Sources/DesignSystem/SheetAlertPreview.swift /Users/ryankrol/Development/Sprout-loop/Sources/DesignSystem/SheetScaffold.swift /Users/ryankrol/Development/Sprout-loop/Sources/SproutApp.swift /Users/ryankrol/Development/Sprout-loop/Sources/DesignSystem/SproutFont.swift /Users/ryankrol/Development/Sprout-loop/Sources/DesignSystem/SproutIcon.swift /Users/ryankrol/Development/Sprout-loop/Sources/DesignSystem/SproutTheme.swift /Users/ryankrol/Development/Sprout-loop/Sources/Persistence/StoredModels.swift (in target 'Sprout' from project 'Sprout')

SwiftCompile normal arm64 /Users/ryankrol/Development/Sprout-loop/Sources/Views/SettingsView.swift (in target 'Sprout' from project 'Sprout')
    cd /Users/ryankrol/Development/Sprout-loop
    

SwiftCompile normal arm64 /Users/ryankrol/Development/Sprout-loop/Sources/ViewModels/SettingsViewModel.swift (in target 'Sprout' from project 'Sprout')
    cd /Users/ryankrol/Development/Sprout-loop
    

SwiftCompile normal arm64 /Users/ryankrol/Development/Sprout-loop/Sources/DesignSystem/SheetAlertPreview.swift (in target 'Sprout' from project 'Sprout')
    cd /Users/ryankrol/Development/Sprout-loop
    

SwiftCompile normal arm64 /Users/ryankrol/Development/Sprout-loop/Sources/DesignSystem/SheetScaffold.swift (in target 'Sprout' from project 'Sprout')
    cd /Users/ryankrol/Development/Sprout-loop
    

SwiftCompile normal arm64 /Users/ryankrol/Development/Sprout-loop/Sources/SproutApp.swift (in target 'Sprout' from project 'Sprout')
    cd /Users/ryankrol/Development/Sprout-loop
    

SwiftCompile normal arm64 /Users/ryankrol/Development/Sprout-loop/Sources/DesignSystem/SproutFont.swift (in target 'Sprout' from project 'Sprout')
    cd /Users/ryankrol/Development/Sprout-loop
    

SwiftCompile normal arm64 /Users/ryankrol/Development/Sprout-loop/Sources/DesignSystem/SproutIcon.swift (in target 'Sprout' from project 'Sprout')
    cd /Users/ryankrol/Development/Sprout-loop
    

SwiftCompile normal arm64 /Users/ryankrol/Development/Sprout-loop/Sources/DesignSystem/SproutTheme.swift (in target 'Sprout' from project 'Sprout')
    cd /Users/ryankrol/Development/Sprout-loop
    

SwiftCompile normal arm64 /Users/ryankrol/Development/Sprout-loop/Sources/Persistence/StoredModels.swift (in target 'Sprout' from project 'Sprout')
    cd /Users/ryankrol/Development/Sprout-loop
    

SwiftCompile normal arm64 Compiling\ Room.swift,\ RoomEnvironment.swift,\ RoomInfoHeader.swift,\ RoomPreset.swift,\ RoomsView.swift,\ RoomsViewModel.swift,\ ScheduleEngine.swift,\ ScheduleExplanation.swift,\ SegmentedPicker.swift /Users/ryankrol/Development/Sprout-loop/Sources/Model/Room.swift /Users/ryankrol/Development/Sprout-loop/Sources/Engine/RoomEnvironment.swift /Users/ryankrol/Development/Sprout-loop/Sources/Views/RoomInfoHeader.swift /Users/ryankrol/Development/Sprout-loop/Sources/Model/RoomPreset.swift /Users/ryankrol/Development/Sprout-loop/Sources/Views/RoomsView.swift /Users/ryankrol/Development/Sprout-loop/Sources/ViewModels/RoomsViewModel.swift /Users/ryankrol/Development/Sprout-loop/Sources/Engine/ScheduleEngine.swift /Users/ryankrol/Development/Sprout-loop/Sources/Engine/ScheduleExplanation.swift /Users/ryankrol/Development/Sprout-loop/Sources/DesignSystem/SegmentedPicker.swift (in target 'Sprout' from project 'Sprout')

SwiftCompile normal arm64 /Users/ryankrol/Development/Sprout-loop/Sources/Model/Room.swift (in target 'Sprout' from project 'Sprout')
    cd /Users/ryankrol/Development/Sprout-loop
    

SwiftCompile normal arm64 /Users/ryankrol/Development/Sprout-loop/Sources/Engine/RoomEnvironment.swift (in target 'Sprout' from project 'Sprout')
    cd /Users/ryankrol/Development/Sprout-loop
    

SwiftCompile normal arm64 /Users/ryankrol/Development/Sprout-loop/Sources/Views/RoomInfoHeader.swift (in target 'Sprout' from project 'Sprout')
    cd /Users/ryankrol/Development/Sprout-loop
    

SwiftCompile normal arm64 /Users/ryankrol/Development/Sprout-loop/Sources/Model/RoomPreset.swift (in target 'Sprout' from project 'Sprout')
    cd /Users/ryankrol/Development/Sprout-loop
    

SwiftCompile normal arm64 /Users/ryankrol/Development/Sprout-loop/Sources/Views/RoomsView.swift (in target 'Sprout' from project 'Sprout')
    cd /Users/ryankrol/Development/Sprout-loop
    

SwiftCompile normal arm64 /Users/ryankrol/Development/Sprout-loop/Sources/ViewModels/RoomsViewModel.swift (in target 'Sprout' from project 'Sprout')
    cd /Users/ryankrol/Development/Sprout-loop
    

SwiftCompile normal arm64 /Users/ryankrol/Development/Sprout-loop/Sources/Engine/ScheduleEngine.swift (in target 'Sprout' from project 'Sprout')
    cd /Users/ryankrol/Development/Sprout-loop
    

SwiftCompile normal arm64 /Users/ryankrol/Development/Sprout-loop/Sources/Engine/ScheduleExplanation.swift (in target 'Sprout' from project 'Sprout')
    cd /Users/ryankrol/Development/Sprout-loop
    

SwiftCompile normal arm64 /Users/ryankrol/Development/Sprout-loop/Sources/DesignSystem/SegmentedPicker.swift (in target 'Sprout' from project 'Sprout')
    cd /Users/ryankrol/Development/Sprout-loop
    

SwiftCompile normal arm64 Compiling\ CareDatabase.swift,\ CareProfile.swift,\ CheckIn.swift,\ CheckInView.swift,\ CheckInViewModel.swift,\ ContentView.swift,\ DemoSeed.swift,\ DiagnosticLog.swift,\ DiagnosticsView.swift /Users/ryankrol/Development/Sprout-loop/Sources/Model/CareDatabase.swift /Users/ryankrol/Development/Sprout-loop/Sources/Model/CareProfile.swift /Users/ryankrol/Development/Sprout-loop/Sources/Model/CheckIn.swift /Users/ryankrol/Development/Sprout-loop/Sources/Views/CheckInView.swift /Users/ryankrol/Development/Sprout-loop/Sources/ViewModels/CheckInViewModel.swift /Users/ryankrol/Development/Sprout-loop/Sources/ContentView.swift /Users/ryankrol/Development/Sprout-loop/Sources/DemoSeed.swift /Users/ryankrol/Development/Sprout-loop/Sources/Diagnostics/DiagnosticLog.swift /Users/ryankrol/Development/Sprout-loop/Sources/Views/DiagnosticsView.swift (in target 'Sprout' from project 'Sprout')

SwiftCompile normal arm64 /Users/ryankrol/Development/Sprout-loop/Sources/Model/CareDatabase.swift (in target 'Sprout' from project 'Sprout')
    cd /Users/ryankrol/Development/Sprout-loop
    

SwiftCompile normal arm64 /Users/ryankrol/Development/Sprout-loop/Sources/Model/CareProfile.swift (in target 'Sprout' from project 'Sprout')
    cd /Users/ryankrol/Development/Sprout-loop
    

SwiftCompile normal arm64 /Users/ryankrol/Development/Sprout-loop/Sources/Model/CheckIn.swift (in target 'Sprout' from project 'Sprout')
    cd /Users/ryankrol/Development/Sprout-loop
    

SwiftCompile normal arm64 /Users/ryankrol/Development/Sprout-loop/Sources/Views/CheckInView.swift (in target 'Sprout' from project 'Sprout')
    cd /Users/ryankrol/Development/Sprout-loop
    

SwiftCompile normal arm64 /Users/ryankrol/Development/Sprout-loop/Sources/ViewModels/CheckInViewModel.swift (in target 'Sprout' from project 'Sprout')
    cd /Users/ryankrol/Development/Sprout-loop
    

SwiftCompile normal arm64 /Users/ryankrol/Development/Sprout-loop/Sources/ContentView.swift (in target 'Sprout' from project 'Sprout')
    cd /Users/ryankrol/Development/Sprout-loop
    

SwiftCompile normal arm64 /Users/ryankrol/Development/Sprout-loop/Sources/DemoSeed.swift (in target 'Sprout' from project 'Sprout')
    cd /Users/ryankrol/Development/Sprout-loop
    

SwiftCompile normal arm64 /Users/ryankrol/Development/Sprout-loop/Sources/Diagnostics/DiagnosticLog.swift (in target 'Sprout' from project 'Sprout')
    cd /Users/ryankrol/Development/Sprout-loop
    

SwiftCompile normal arm64 /Users/ryankrol/Development/Sprout-loop/Sources/Views/DiagnosticsView.swift (in target 'Sprout' from project 'Sprout')
    cd /Users/ryankrol/Development/Sprout-loop
    

SwiftCompile normal arm64 Compiling\ NotificationScheduling.swift,\ PhotoCaptureCoordinator.swift,\ PhotoCaptureView.swift,\ PhotoCapturing.swift,\ PhotoPromptView.swift,\ Plant.swift,\ PlantDetailView.swift,\ PlantDetailViewModel.swift,\ PlantEditView.swift /Users/ryankrol/Development/Sprout-loop/Sources/Notifications/NotificationScheduling.swift /Users/ryankrol/Development/Sprout-loop/Sources/ViewModels/PhotoCaptureCoordinator.swift /Users/ryankrol/Development/Sprout-loop/Sources/Views/PhotoCaptureView.swift /Users/ryankrol/Development/Sprout-loop/Sources/Camera/PhotoCapturing.swift /Users/ryankrol/Development/Sprout-loop/Sources/Views/PhotoPromptView.swift /Users/ryankrol/Development/Sprout-loop/Sources/Model/Plant.swift /Users/ryankrol/Development/Sprout-loop/Sources/Views/PlantDetailView.swift /Users/ryankrol/Development/Sprout-loop/Sources/ViewModels/PlantDetailViewModel.swift /Users/ryankrol/Development/Sprout-loop/Sources/Views/PlantEditView.swift (in target 'Sprout' from project 'Sprout')

SwiftCompile normal arm64 /Users/ryankrol/Development/Sprout-loop/Sources/Notifications/NotificationScheduling.swift (in target 'Sprout' from project 'Sprout')
    cd /Users/ryankrol/Development/Sprout-loop
    

SwiftCompile normal arm64 /Users/ryankrol/Development/Sprout-loop/Sources/ViewModels/PhotoCaptureCoordinator.swift (in target 'Sprout' from project 'Sprout')
    cd /Users/ryankrol/Development/Sprout-loop
    

SwiftCompile normal arm64 /Users/ryankrol/Development/Sprout-loop/Sources/Views/PhotoCaptureView.swift (in target 'Sprout' from project 'Sprout')
    cd /Users/ryankrol/Development/Sprout-loop
    

SwiftCompile normal arm64 /Users/ryankrol/Development/Sprout-loop/Sources/Camera/PhotoCapturing.swift (in target 'Sprout' from project 'Sprout')
    cd /Users/ryankrol/Development/Sprout-loop
    

SwiftCompile normal arm64 /Users/ryankrol/Development/Sprout-loop/Sources/Views/PhotoPromptView.swift (in target 'Sprout' from project 'Sprout')
    cd /Users/ryankrol/Development/Sprout-loop
    

SwiftCompile normal arm64 /Users/ryankrol/Development/Sprout-loop/Sources/Model/Plant.swift (in target 'Sprout' from project 'Sprout')
    cd /Users/ryankrol/Development/Sprout-loop
    

SwiftCompile normal arm64 /Users/ryankrol/Development/Sprout-loop/Sources/Views/PlantDetailView.swift (in target 'Sprout' from project 'Sprout')
    cd /Users/ryankrol/Development/Sprout-loop
    

SwiftCompile normal arm64 /Users/ryankrol/Development/Sprout-loop/Sources/ViewModels/PlantDetailViewModel.swift (in target 'Sprout' from project 'Sprout')
    cd /Users/ryankrol/Development/Sprout-loop
    

SwiftCompile normal arm64 /Users/ryankrol/Development/Sprout-loop/Sources/Views/PlantEditView.swift (in target 'Sprout' from project 'Sprout')
    cd /Users/ryankrol/Development/Sprout-loop
    

SwiftDriverJobDiscovery normal arm64 Compiling CareDatabase.swift, CareProfile.swift, CheckIn.swift, CheckInView.swift, CheckInViewModel.swift, ContentView.swift, DemoSeed.swift, DiagnosticLog.swift, DiagnosticsView.swift (in target 'Sprout' from project 'Sprout')

SwiftCompile normal arm64 Compiling\ StubPhotoCapturing.swift,\ SwiftDataPlantRepository.swift,\ WateringNotificationScheduler.swift,\ WeatherFactor.swift,\ WeatherFactorService.swift,\ WeatherForecast.swift,\ WeatherProviding.swift,\ GeneratedAssetSymbols.swift /Users/ryankrol/Development/Sprout-loop/Sources/Camera/StubPhotoCapturing.swift /Users/ryankrol/Development/Sprout-loop/Sources/Persistence/SwiftDataPlantRepository.swift /Users/ryankrol/Development/Sprout-loop/Sources/Notifications/WateringNotificationScheduler.swift /Users/ryankrol/Development/Sprout-loop/Sources/Engine/WeatherFactor.swift /Users/ryankrol/Development/Sprout-loop/Sources/Weather/WeatherFactorService.swift /Users/ryankrol/Development/Sprout-loop/Sources/Weather/WeatherForecast.swift /Users/ryankrol/Development/Sprout-loop/Sources/Weather/WeatherProviding.swift /Users/ryankrol/Library/Developer/Xcode/DerivedData/Sprout-bvuuttoslfvxdqbxqlhflydjsroa/Build/Intermediates.noindex/Sprout.build/Debug-iphonesimulator/Sprout.build/DerivedSources/GeneratedAssetSymbols.swift (in target 'Sprout' from project 'Sprout')

SwiftCompile normal arm64 /Users/ryankrol/Development/Sprout-loop/Sources/Camera/StubPhotoCapturing.swift (in target 'Sprout' from project 'Sprout')
    cd /Users/ryankrol/Development/Sprout-loop
    

SwiftCompile normal arm64 /Users/ryankrol/Development/Sprout-loop/Sources/Persistence/SwiftDataPlantRepository.swift (in target 'Sprout' from project 'Sprout')
    cd /Users/ryankrol/Development/Sprout-loop
    

SwiftCompile normal arm64 /Users/ryankrol/Development/Sprout-loop/Sources/Notifications/WateringNotificationScheduler.swift (in target 'Sprout' from project 'Sprout')
    cd /Users/ryankrol/Development/Sprout-loop
    

SwiftCompile normal arm64 /Users/ryankrol/Development/Sprout-loop/Sources/Engine/WeatherFactor.swift (in target 'Sprout' from project 'Sprout')
    cd /Users/ryankrol/Development/Sprout-loop
    

SwiftCompile normal arm64 /Users/ryankrol/Development/Sprout-loop/Sources/Weather/WeatherFactorService.swift (in target 'Sprout' from project 'Sprout')
    cd /Users/ryankrol/Development/Sprout-loop
    

SwiftCompile normal arm64 /Users/ryankrol/Development/Sprout-loop/Sources/Weather/WeatherForecast.swift (in target 'Sprout' from project 'Sprout')
    cd /Users/ryankrol/Development/Sprout-loop
    

SwiftCompile normal arm64 /Users/ryankrol/Development/Sprout-loop/Sources/Weather/WeatherProviding.swift (in target 'Sprout' from project 'Sprout')
    cd /Users/ryankrol/Development/Sprout-loop
    

SwiftCompile normal arm64 /Users/ryankrol/Library/Developer/Xcode/DerivedData/Sprout-bvuuttoslfvxdqbxqlhflydjsroa/Build/Intermediates.noindex/Sprout.build/Debug-iphonesimulator/Sprout.build/DerivedSources/GeneratedAssetSymbols.swift (in target 'Sprout' from project 'Sprout')
    cd /Users/ryankrol/Development/Sprout-loop
    

SwiftDriverJobDiscovery normal arm64 Emitting module for Sprout (in target 'Sprout' from project 'Sprout')

SwiftDriverJobDiscovery normal arm64 Compiling Room.swift, RoomEnvironment.swift, RoomInfoHeader.swift, RoomPreset.swift, RoomsView.swift, RoomsViewModel.swift, ScheduleEngine.swift, ScheduleExplanation.swift, SegmentedPicker.swift (in target 'Sprout' from project 'Sprout')

SwiftDriver\ Compilation\ Requirements Sprout normal arm64 com.apple.xcode.tools.swift.compiler (in target 'Sprout' from project 'Sprout')
    cd /Users/ryankrol/Development/Sprout-loop
    builtin-Swift-Compilation-Requirements -- /Applications/Xcode.app/Contents/Developer/Toolchains/XcodeDefault.xctoolchain/usr/bin/swiftc -module-name Sprout -Onone @/Users/ryankrol/Library/Developer/Xcode/DerivedData/Sprout-bvuuttoslfvxdqbxqlhflydjsroa/Build/Intermediates.noindex/Sprout.build/Debug-iphonesimulator/Sprout.build/Objects-normal/arm64/Sprout.SwiftFileList -DDEBUG -enable-bare-slash-regex -enable-experimental-feature DebugDescriptionMacro -sdk /Applications/Xcode.app/Contents/Developer/Platforms/iPhoneSimulator.platform/Developer/SDKs/iPhoneSimulator26.5.sdk -target arm64-apple-ios18.0-simulator -g -module-cache-path /Users/ryankrol/Library/Developer/Xcode/DerivedData/ModuleCache.noindex -Xfrontend -serialize-debugging-options -enable-testing -index-store-path /Users/ryankrol/Library/Developer/Xcode/DerivedData/Sprout-bvuuttoslfvxdqbxqlhflydjsroa/Index.noindex/DataStore -Xcc -D_LIBCPP_HARDENING_MODE\=_LIBCPP_HARDENING_MODE_DEBUG -swift-version 5 -I /Users/ryankrol/Library/Developer/Xcode/DerivedData/Sprout-bvuuttoslfvxdqbxqlhflydjsroa/Build/Products/Debug-iphonesimulator -F /Users/ryankrol/Library/Developer/Xcode/DerivedData/Sprout-bvuuttoslfvxdqbxqlhflydjsroa/Build/Products/Debug-iphonesimulator -c -j8 -enable-batch-mode -incremental -Xcc -ivfsstatcache -Xcc /Users/ryankrol/Library/Developer/Xcode/DerivedData/SDKStatCaches.noindex/iphonesimulator26.5-23F81a-6cfe768891a92b912361537c460fe42b.sdkstatcache -output-file-map /Users/ryankrol/Library/Developer/Xcode/DerivedData/Sprout-bvuuttoslfvxdqbxqlhflydjsroa/Build/Intermediates.noindex/Sprout.build/Debug-iphonesimulator/Sprout.build/Objects-normal/arm64/Sprout-OutputFileMap.json -use-frontend-parseable-output -save-temps -no-color-diagnostics -explicit-module-build -module-cache-path /Users/ryankrol/Library/Developer/Xcode/DerivedData/Sprout-bvuuttoslfvxdqbxqlhflydjsroa/Build/Intermediates.noindex/SwiftExplicitPrecompiledModules -clang-scanner-module-cache-path /Users/ryankrol/Library/Developer/Xcode/DerivedData/ModuleCache.noindex -sdk-module-cache-path /Users/ryankrol/Library/Developer/Xcode/DerivedData/ModuleCache.noindex -serialize-diagnostics -emit-dependencies -emit-module -emit-module-path /Users/ryankrol/Library/Developer/Xcode/DerivedData/Sprout-bvuuttoslfvxdqbxqlhflydjsroa/Build/Intermediates.noindex/Sprout.build/Debug-iphonesimulator/Sprout.build/Objects-normal/arm64/Sprout.swiftmodule -validate-clang-modules-once -clang-build-session-file /Users/ryankrol/Library/Developer/Xcode/DerivedData/ModuleCache.noindex/Session.modulevalidation -Xcc -I/Users/ryankrol/Library/Developer/Xcode/DerivedData/Sprout-bvuuttoslfvxdqbxqlhflydjsroa/Build/Intermediates.noindex/Sprout.build/Debug-iphonesimulator/Sprout.build/swift-overrides.hmap -emit-const-values -Xfrontend -const-gather-protocols-file -Xfrontend /Users/ryankrol/Library/Developer/Xcode/DerivedData/Sprout-bvuuttoslfvxdqbxqlhflydjsroa/Build/Intermediates.noindex/Sprout.build/Debug-iphonesimulator/Sprout.build/Objects-normal/arm64/Sprout_const_extract_protocols.json -Xcc -iquote -Xcc /Users/ryankrol/Library/Developer/Xcode/DerivedData/Sprout-bvuuttoslfvxdqbxqlhflydjsroa/Build/Intermediates.noindex/Sprout.build/Debug-iphonesimulator/Sprout.build/Sprout-generated-files.hmap -Xcc -I/Users/ryankrol/Library/Developer/Xcode/DerivedData/Sprout-bvuuttoslfvxdqbxqlhflydjsroa/Build/Intermediates.noindex/Sprout.build/Debug-iphonesimulator/Sprout.build/Sprout-own-target-headers.hmap -Xcc -I/Users/ryankrol/Library/Developer/Xcode/DerivedData/Sprout-bvuuttoslfvxdqbxqlhflydjsroa/Build/Intermediates.noindex/Sprout.build/Debug-iphonesimulator/Sprout.build/Sprout-all-target-headers.hmap -Xcc -iquote -Xcc /Users/ryankrol/Library/Developer/Xcode/DerivedData/Sprout-bvuuttoslfvxdqbxqlhflydjsroa/Build/Intermediates.noindex/Sprout.build/Debug-iphonesimulator/Sprout.build/Sprout-project-headers.hmap -Xcc -I/Users/ryankrol/Library/Developer/Xcode/DerivedData/Sprout-bvuuttoslfvxdqbxqlhflydjsroa/Build/Products/Debug-iphonesimulator/include -Xcc -I/Users/ryankrol/Library/Developer/Xcode/DerivedData/Sprout-bvuuttoslfvxdqbxqlhflydjsroa/Build/Intermediates.noindex/Sprout.build/Debug-iphonesimulator/Sprout.build/DerivedSources-normal/arm64 -Xcc -I/Users/ryankrol/Library/Developer/Xcode/DerivedData/Sprout-bvuuttoslfvxdqbxqlhflydjsroa/Build/Intermediates.noindex/Sprout.build/Debug-iphonesimulator/Sprout.build/DerivedSources/arm64 -Xcc -I/Users/ryankrol/Library/Developer/Xcode/DerivedData/Sprout-bvuuttoslfvxdqbxqlhflydjsroa/Build/Intermediates.noindex/Sprout.build/Debug-iphonesimulator/Sprout.build/DerivedSources -Xcc -DDEBUG\=1 -emit-objc-header -emit-objc-header-path /Users/ryankrol/Library/Developer/Xcode/DerivedData/Sprout-bvuuttoslfvxdqbxqlhflydjsroa/Build/Intermediates.noindex/Sprout.build/Debug-iphonesimulator/Sprout.build/Objects-normal/arm64/Sprout-Swift.h -working-directory /Users/ryankrol/Development/Sprout-loop -experimental-emit-module-separately -disable-cmo

Copy /Users/ryankrol/Library/Developer/Xcode/DerivedData/Sprout-bvuuttoslfvxdqbxqlhflydjsroa/Build/Products/Debug-iphonesimulator/Sprout.swiftmodule/Project/arm64-apple-ios-simulator.swiftsourceinfo /Users/ryankrol/Library/Developer/Xcode/DerivedData/Sprout-bvuuttoslfvxdqbxqlhflydjsroa/Build/Intermediates.noindex/Sprout.build/Debug-iphonesimulator/Sprout.build/Objects-normal/arm64/Sprout.swiftsourceinfo (in target 'Sprout' from project 'Sprout')
    cd /Users/ryankrol/Development/Sprout-loop
    builtin-copy -exclude .DS_Store -exclude CVS -exclude .svn -exclude .git -exclude .hg -resolve-src-symlinks -rename /Users/ryankrol/Library/Developer/Xcode/DerivedData/Sprout-bvuuttoslfvxdqbxqlhflydjsroa/Build/Intermediates.noindex/Sprout.build/Debug-iphonesimulator/Sprout.build/Objects-normal/arm64/Sprout.swiftsourceinfo /Users/ryankrol/Library/Developer/Xcode/DerivedData/Sprout-bvuuttoslfvxdqbxqlhflydjsroa/Build/Products/Debug-iphonesimulator/Sprout.swiftmodule/Project/arm64-apple-ios-simulator.swiftsourceinfo

Copy /Users/ryankrol/Library/Developer/Xcode/DerivedData/Sprout-bvuuttoslfvxdqbxqlhflydjsroa/Build/Products/Debug-iphonesimulator/Sprout.swiftmodule/arm64-apple-ios-simulator.abi.json /Users/ryankrol/Library/Developer/Xcode/DerivedData/Sprout-bvuuttoslfvxdqbxqlhflydjsroa/Build/Intermediates.noindex/Sprout.build/Debug-iphonesimulator/Sprout.build/Objects-normal/arm64/Sprout.abi.json (in target 'Sprout' from project 'Sprout')
    cd /Users/ryankrol/Development/Sprout-loop
    builtin-copy -exclude .DS_Store -exclude CVS -exclude .svn -exclude .git -exclude .hg -resolve-src-symlinks -rename /Users/ryankrol/Library/Developer/Xcode/DerivedData/Sprout-bvuuttoslfvxdqbxqlhflydjsroa/Build/Intermediates.noindex/Sprout.build/Debug-iphonesimulator/Sprout.build/Objects-normal/arm64/Sprout.abi.json /Users/ryankrol/Library/Developer/Xcode/DerivedData/Sprout-bvuuttoslfvxdqbxqlhflydjsroa/Build/Products/Debug-iphonesimulator/Sprout.swiftmodule/arm64-apple-ios-simulator.abi.json

SwiftDriver SproutTests normal arm64 com.apple.xcode.tools.swift.compiler (in target 'SproutTests' from project 'Sprout')
    cd /Users/ryankrol/Development/Sprout-loop
    builtin-SwiftDriver -- /Applications/Xcode.app/Contents/Developer/Toolchains/XcodeDefault.xctoolchain/usr/bin/swiftc -module-name SproutTests -Onone @/Users/ryankrol/Library/Developer/Xcode/DerivedData/Sprout-bvuuttoslfvxdqbxqlhflydjsroa/Build/Intermediates.noindex/Sprout.build/Debug-iphonesimulator/SproutTests.build/Objects-normal/arm64/SproutTests.SwiftFileList -DDEBUG -plugin-path /Applications/Xcode.app/Contents/Developer/Toolchains/XcodeDefault.xctoolchain/usr/lib/swift/host/plugins/testing -enable-bare-slash-regex -enable-experimental-feature DebugDescriptionMacro -sdk /Applications/Xcode.app/Contents/Developer/Platforms/iPhoneSimulator.platform/Developer/SDKs/iPhoneSimulator26.5.sdk -target arm64-apple-ios18.0-simulator -g -module-cache-path /Users/ryankrol/Library/Developer/Xcode/DerivedData/ModuleCache.noindex -Xfrontend -serialize-debugging-options -enable-testing -index-store-path /Users/ryankrol/Library/Developer/Xcode/DerivedData/Sprout-bvuuttoslfvxdqbxqlhflydjsroa/Index.noindex/DataStore -Xcc -D_LIBCPP_HARDENING_MODE\=_LIBCPP_HARDENING_MODE_DEBUG -swift-version 5 -I /Users/ryankrol/Library/Developer/Xcode/DerivedData/Sprout-bvuuttoslfvxdqbxqlhflydjsroa/Build/Products/Debug-iphonesimulator -Isystem /Applications/Xcode.app/Contents/Developer/Platforms/iPhoneSimulator.platform/Developer/usr/lib -F /Users/ryankrol/Library/Developer/Xcode/DerivedData/Sprout-bvuuttoslfvxdqbxqlhflydjsroa/Build/Products/Debug-iphonesimulator -F /Applications/Xcode.app/Contents/Developer/Platforms/iPhoneSimulator.platform/Developer/Library/Frameworks -F /Applications/Xcode.app/Contents/Developer/Platforms/iPhoneSimulator.platform/Developer/SDKs/iPhoneSimulator26.5.sdk/Developer/Library/Frameworks -c -j8 -enable-batch-mode -incremental -Xcc -ivfsstatcache -Xcc /Users/ryankrol/Library/Developer/Xcode/DerivedData/SDKStatCaches.noindex/iphonesimulator26.5-23F81a-6cfe768891a92b912361537c460fe42b.sdkstatcache -output-file-map /Users/ryankrol/Library/Developer/Xcode/DerivedData/Sprout-bvuuttoslfvxdqbxqlhflydjsroa/Build/Intermediates.noindex/Sprout.build/Debug-iphonesimulator/SproutTests.build/Objects-normal/arm64/SproutTests-OutputFileMap.json -use-frontend-parseable-output -save-temps -no-color-diagnostics -explicit-module-build -module-cache-path /Users/ryankrol/Library/Developer/Xcode/DerivedData/Sprout-bvuuttoslfvxdqbxqlhflydjsroa/Build/Intermediates.noindex/SwiftExplicitPrecompiledModules -clang-scanner-module-cache-path /Users/ryankrol/Library/Developer/Xcode/DerivedData/ModuleCache.noindex -sdk-module-cache-path /Users/ryankrol/Library/Developer/Xcode/DerivedData/ModuleCache.noindex -serialize-diagnostics -emit-dependencies -emit-module -emit-module-path /Users/ryankrol/Library/Developer/Xcode/DerivedData/Sprout-bvuuttoslfvxdqbxqlhflydjsroa/Build/Intermediates.noindex/Sprout.build/Debug-iphonesimulator/SproutTests.build/Objects-normal/arm64/SproutTests.swiftmodule -validate-clang-modules-once -clang-build-session-file /Users/ryankrol/Library/Developer/Xcode/DerivedData/ModuleCache.noindex/Session.modulevalidation -Xcc -I/Users/ryankrol/Library/Developer/Xcode/DerivedData/Sprout-bvuuttoslfvxdqbxqlhflydjsroa/Build/Intermediates.noindex/Sprout.build/Debug-iphonesimulator/SproutTests.build/swift-overrides.hmap -emit-const-values -Xfrontend -const-gather-protocols-file -Xfrontend /Users/ryankrol/Library/Developer/Xcode/DerivedData/Sprout-bvuuttoslfvxdqbxqlhflydjsroa/Build/Intermediates.noindex/Sprout.build/Debug-iphonesimulator/SproutTests.build/Objects-normal/arm64/SproutTests_const_extract_protocols.json -Xcc -iquote -Xcc /Users/ryankrol/Library/Developer/Xcode/DerivedData/Sprout-bvuuttoslfvxdqbxqlhflydjsroa/Build/Intermediates.noindex/Sprout.build/Debug-iphonesimulator/SproutTests.build/SproutTests-generated-files.hmap -Xcc -I/Users/ryankrol/Library/Developer/Xcode/DerivedData/Sprout-bvuuttoslfvxdqbxqlhflydjsroa/Build/Intermediates.noindex/Sprout.build/Debug-iphonesimulator/SproutTests.build/SproutTests-own-target-headers.hmap -Xcc -I/Users/ryankrol/Library/Developer/Xcode/DerivedData/Sprout-bvuuttoslfvxdqbxqlhflydjsroa/Build/Intermediates.noindex/Sprout.build/Debug-iphonesimulator/SproutTests.build/SproutTests-all-target-headers.hmap -Xcc -iquote -Xcc /Users/ryankrol/Library/Developer/Xcode/DerivedData/Sprout-bvuuttoslfvxdqbxqlhflydjsroa/Build/Intermediates.noindex/Sprout.build/Debug-iphonesimulator/SproutTests.build/SproutTests-project-headers.hmap -Xcc -I/Users/ryankrol/Library/Developer/Xcode/DerivedData/Sprout-bvuuttoslfvxdqbxqlhflydjsroa/Build/Products/Debug-iphonesimulator/include -Xcc -I/Users/ryankrol/Library/Developer/Xcode/DerivedData/Sprout-bvuuttoslfvxdqbxqlhflydjsroa/Build/Intermediates.noindex/Sprout.build/Debug-iphonesimulator/SproutTests.build/DerivedSources-normal/arm64 -Xcc -I/Users/ryankrol/Library/Developer/Xcode/DerivedData/Sprout-bvuuttoslfvxdqbxqlhflydjsroa/Build/Intermediates.noindex/Sprout.build/Debug-iphonesimulator/SproutTests.build/DerivedSources/arm64 -Xcc -I/Users/ryankrol/Library/Developer/Xcode/DerivedData/Sprout-bvuuttoslfvxdqbxqlhflydjsroa/Build/Intermediates.noindex/Sprout.build/Debug-iphonesimulator/SproutTests.build/DerivedSources -Xcc -DDEBUG\=1 -emit-objc-header -emit-objc-header-path /Users/ryankrol/Library/Developer/Xcode/DerivedData/Sprout-bvuuttoslfvxdqbxqlhflydjsroa/Build/Intermediates.noindex/Sprout.build/Debug-iphonesimulator/SproutTests.build/Objects-normal/arm64/SproutTests-Swift.h -working-directory /Users/ryankrol/Development/Sprout-loop -experimental-emit-module-separately -disable-cmo

SwiftDriverJobDiscovery normal arm64 Compiling SettingsView.swift, SettingsViewModel.swift, SheetAlertPreview.swift, SheetScaffold.swift, SproutApp.swift, SproutFont.swift, SproutIcon.swift, SproutTheme.swift, StoredModels.swift (in target 'Sprout' from project 'Sprout')

SwiftDriverJobDiscovery normal arm64 Compiling PlantEditViewModel.swift, PlantListView.swift, PlantListViewModel.swift, PlantPhoto.swift, PlantRepository.swift, PlantToken.swift, RandomNicknameProvider.swift, RecommendationPresentation.swift, RhythmBand.swift (in target 'Sprout' from project 'Sprout')

SwiftCompile normal arm64 Compiling\ RoomPresetTests.swift,\ RoomsViewModelTests.swift,\ ScheduleEngineTests.swift,\ ScheduleExplanationTests.swift /Users/ryankrol/Development/Sprout-loop/Tests/RoomPresetTests.swift /Users/ryankrol/Development/Sprout-loop/Tests/RoomsViewModelTests.swift /Users/ryankrol/Development/Sprout-loop/Tests/ScheduleEngineTests.swift /Users/ryankrol/Development/Sprout-loop/Tests/ScheduleExplanationTests.swift (in target 'SproutTests' from project 'Sprout')

SwiftCompile normal arm64 /Users/ryankrol/Development/Sprout-loop/Tests/RoomPresetTests.swift (in target 'SproutTests' from project 'Sprout')
    cd /Users/ryankrol/Development/Sprout-loop
    

SwiftCompile normal arm64 /Users/ryankrol/Development/Sprout-loop/Tests/RoomsViewModelTests.swift (in target 'SproutTests' from project 'Sprout')
    cd /Users/ryankrol/Development/Sprout-loop
    

SwiftCompile normal arm64 /Users/ryankrol/Development/Sprout-loop/Tests/ScheduleEngineTests.swift (in target 'SproutTests' from project 'Sprout')
    cd /Users/ryankrol/Development/Sprout-loop
    

SwiftCompile normal arm64 /Users/ryankrol/Development/Sprout-loop/Tests/ScheduleExplanationTests.swift (in target 'SproutTests' from project 'Sprout')
    cd /Users/ryankrol/Development/Sprout-loop
    

SwiftEmitModule normal arm64 Emitting\ module\ for\ SproutTests (in target 'SproutTests' from project 'Sprout')

EmitSwiftModule normal arm64 (in target 'SproutTests' from project 'Sprout')
    cd /Users/ryankrol/Development/Sprout-loop
    

SwiftCompile normal arm64 Compiling\ SettingsViewModelTests.swift,\ SproutFontTests.swift,\ SproutIconTests.swift,\ SproutTests.swift /Users/ryankrol/Development/Sprout-loop/Tests/SettingsViewModelTests.swift /Users/ryankrol/Development/Sprout-loop/Tests/SproutFontTests.swift /Users/ryankrol/Development/Sprout-loop/Tests/SproutIconTests.swift /Users/ryankrol/Development/Sprout-loop/Tests/SproutTests.swift (in target 'SproutTests' from project 'Sprout')

SwiftCompile normal arm64 /Users/ryankrol/Development/Sprout-loop/Tests/SettingsViewModelTests.swift (in target 'SproutTests' from project 'Sprout')
    cd /Users/ryankrol/Development/Sprout-loop
    

SwiftCompile normal arm64 /Users/ryankrol/Development/Sprout-loop/Tests/SproutFontTests.swift (in target 'SproutTests' from project 'Sprout')
    cd /Users/ryankrol/Development/Sprout-loop
    

SwiftCompile normal arm64 /Users/ryankrol/Development/Sprout-loop/Tests/SproutIconTests.swift (in target 'SproutTests' from project 'Sprout')
    cd /Users/ryankrol/Development/Sprout-loop
    

SwiftCompile normal arm64 /Users/ryankrol/Development/Sprout-loop/Tests/SproutTests.swift (in target 'SproutTests' from project 'Sprout')
    cd /Users/ryankrol/Development/Sprout-loop
    

SwiftCompile normal arm64 Compiling\ PlantEditViewModelTests.swift,\ PlantListViewModelTests.swift,\ PlantPhotoTests.swift,\ PlantTokenTests.swift /Users/ryankrol/Development/Sprout-loop/Tests/PlantEditViewModelTests.swift /Users/ryankrol/Development/Sprout-loop/Tests/PlantListViewModelTests.swift /Users/ryankrol/Development/Sprout-loop/Tests/PlantPhotoTests.swift /Users/ryankrol/Development/Sprout-loop/Tests/PlantTokenTests.swift (in target 'SproutTests' from project 'Sprout')

SwiftCompile normal arm64 /Users/ryankrol/Development/Sprout-loop/Tests/PlantEditViewModelTests.swift (in target 'SproutTests' from project 'Sprout')
    cd /Users/ryankrol/Development/Sprout-loop
    

SwiftCompile normal arm64 /Users/ryankrol/Development/Sprout-loop/Tests/PlantListViewModelTests.swift (in target 'SproutTests' from project 'Sprout')
    cd /Users/ryankrol/Development/Sprout-loop
    

SwiftCompile normal arm64 /Users/ryankrol/Development/Sprout-loop/Tests/PlantPhotoTests.swift (in target 'SproutTests' from project 'Sprout')
    cd /Users/ryankrol/Development/Sprout-loop
    

SwiftCompile normal arm64 /Users/ryankrol/Development/Sprout-loop/Tests/PlantTokenTests.swift (in target 'SproutTests' from project 'Sprout')
    cd /Users/ryankrol/Development/Sprout-loop
    

SwiftDriverJobDiscovery normal arm64 Compiling StubPhotoCapturing.swift, SwiftDataPlantRepository.swift, WateringNotificationScheduler.swift, WeatherFactor.swift, WeatherFactorService.swift, WeatherForecast.swift, WeatherProviding.swift, GeneratedAssetSymbols.swift (in target 'Sprout' from project 'Sprout')

SwiftCompile normal arm64 Compiling\ RandomNicknameProviderTests.swift,\ RecommendationPresentationTests.swift,\ RhythmBandTests.swift,\ RoomEnvironmentTests.swift /Users/ryankrol/Development/Sprout-loop/Tests/RandomNicknameProviderTests.swift /Users/ryankrol/Development/Sprout-loop/Tests/RecommendationPresentationTests.swift /Users/ryankrol/Development/Sprout-loop/Tests/RhythmBandTests.swift /Users/ryankrol/Development/Sprout-loop/Tests/RoomEnvironmentTests.swift (in target 'SproutTests' from project 'Sprout')

SwiftCompile normal arm64 /Users/ryankrol/Development/Sprout-loop/Tests/RandomNicknameProviderTests.swift (in target 'SproutTests' from project 'Sprout')
    cd /Users/ryankrol/Development/Sprout-loop
    

SwiftCompile normal arm64 /Users/ryankrol/Development/Sprout-loop/Tests/RecommendationPresentationTests.swift (in target 'SproutTests' from project 'Sprout')
    cd /Users/ryankrol/Development/Sprout-loop
    

SwiftCompile normal arm64 /Users/ryankrol/Development/Sprout-loop/Tests/RhythmBandTests.swift (in target 'SproutTests' from project 'Sprout')
    cd /Users/ryankrol/Development/Sprout-loop
    

SwiftCompile normal arm64 /Users/ryankrol/Development/Sprout-loop/Tests/RoomEnvironmentTests.swift (in target 'SproutTests' from project 'Sprout')
    cd /Users/ryankrol/Development/Sprout-loop
    

SwiftDriverJobDiscovery normal arm64 Emitting module for SproutTests (in target 'SproutTests' from project 'Sprout')

SwiftDriver\ Compilation\ Requirements SproutTests normal arm64 com.apple.xcode.tools.swift.compiler (in target 'SproutTests' from project 'Sprout')
    cd /Users/ryankrol/Development/Sprout-loop
    builtin-Swift-Compilation-Requirements -- /Applications/Xcode.app/Contents/Developer/Toolchains/XcodeDefault.xctoolchain/usr/bin/swiftc -module-name SproutTests -Onone @/Users/ryankrol/Library/Developer/Xcode/DerivedData/Sprout-bvuuttoslfvxdqbxqlhflydjsroa/Build/Intermediates.noindex/Sprout.build/Debug-iphonesimulator/SproutTests.build/Objects-normal/arm64/SproutTests.SwiftFileList -DDEBUG -plugin-path /Applications/Xcode.app/Contents/Developer/Toolchains/XcodeDefault.xctoolchain/usr/lib/swift/host/plugins/testing -enable-bare-slash-regex -enable-experimental-feature DebugDescriptionMacro -sdk /Applications/Xcode.app/Contents/Developer/Platforms/iPhoneSimulator.platform/Developer/SDKs/iPhoneSimulator26.5.sdk -target arm64-apple-ios18.0-simulator -g -module-cache-path /Users/ryankrol/Library/Developer/Xcode/DerivedData/ModuleCache.noindex -Xfrontend -serialize-debugging-options -enable-testing -index-store-path /Users/ryankrol/Library/Developer/Xcode/DerivedData/Sprout-bvuuttoslfvxdqbxqlhflydjsroa/Index.noindex/DataStore -Xcc -D_LIBCPP_HARDENING_MODE\=_LIBCPP_HARDENING_MODE_DEBUG -swift-version 5 -I /Users/ryankrol/Library/Developer/Xcode/DerivedData/Sprout-bvuuttoslfvxdqbxqlhflydjsroa/Build/Products/Debug-iphonesimulator -Isystem /Applications/Xcode.app/Contents/Developer/Platforms/iPhoneSimulator.platform/Developer/usr/lib -F /Users/ryankrol/Library/Developer/Xcode/DerivedData/Sprout-bvuuttoslfvxdqbxqlhflydjsroa/Build/Products/Debug-iphonesimulator -F /Applications/Xcode.app/Contents/Developer/Platforms/iPhoneSimulator.platform/Developer/Library/Frameworks -F /Applications/Xcode.app/Contents/Developer/Platforms/iPhoneSimulator.platform/Developer/SDKs/iPhoneSimulator26.5.sdk/Developer/Library/Frameworks -c -j8 -enable-batch-mode -incremental -Xcc -ivfsstatcache -Xcc /Users/ryankrol/Library/Developer/Xcode/DerivedData/SDKStatCaches.noindex/iphonesimulator26.5-23F81a-6cfe768891a92b912361537c460fe42b.sdkstatcache -output-file-map /Users/ryankrol/Library/Developer/Xcode/DerivedData/Sprout-bvuuttoslfvxdqbxqlhflydjsroa/Build/Intermediates.noindex/Sprout.build/Debug-iphonesimulator/SproutTests.build/Objects-normal/arm64/SproutTests-OutputFileMap.json -use-frontend-parseable-output -save-temps -no-color-diagnostics -explicit-module-build -module-cache-path /Users/ryankrol/Library/Developer/Xcode/DerivedData/Sprout-bvuuttoslfvxdqbxqlhflydjsroa/Build/Intermediates.noindex/SwiftExplicitPrecompiledModules -clang-scanner-module-cache-path /Users/ryankrol/Library/Developer/Xcode/DerivedData/ModuleCache.noindex -sdk-module-cache-path /Users/ryankrol/Library/Developer/Xcode/DerivedData/ModuleCache.noindex -serialize-diagnostics -emit-dependencies -emit-module -emit-module-path /Users/ryankrol/Library/Developer/Xcode/DerivedData/Sprout-bvuuttoslfvxdqbxqlhflydjsroa/Build/Intermediates.noindex/Sprout.build/Debug-iphonesimulator/SproutTests.build/Objects-normal/arm64/SproutTests.swiftmodule -validate-clang-modules-once -clang-build-session-file /Users/ryankrol/Library/Developer/Xcode/DerivedData/ModuleCache.noindex/Session.modulevalidation -Xcc -I/Users/ryankrol/Library/Developer/Xcode/DerivedData/Sprout-bvuuttoslfvxdqbxqlhflydjsroa/Build/Intermediates.noindex/Sprout.build/Debug-iphonesimulator/SproutTests.build/swift-overrides.hmap -emit-const-values -Xfrontend -const-gather-protocols-file -Xfrontend /Users/ryankrol/Library/Developer/Xcode/DerivedData/Sprout-bvuuttoslfvxdqbxqlhflydjsroa/Build/Intermediates.noindex/Sprout.build/Debug-iphonesimulator/SproutTests.build/Objects-normal/arm64/SproutTests_const_extract_protocols.json -Xcc -iquote -Xcc /Users/ryankrol/Library/Developer/Xcode/DerivedData/Sprout-bvuuttoslfvxdqbxqlhflydjsroa/Build/Intermediates.noindex/Sprout.build/Debug-iphonesimulator/SproutTests.build/SproutTests-generated-files.hmap -Xcc -I/Users/ryankrol/Library/Developer/Xcode/DerivedData/Sprout-bvuuttoslfvxdqbxqlhflydjsroa/Build/Intermediates.noindex/Sprout.build/Debug-iphonesimulator/SproutTests.build/SproutTests-own-target-headers.hmap -Xcc -I/Users/ryankrol/Library/Developer/Xcode/DerivedData/Sprout-bvuuttoslfvxdqbxqlhflydjsroa/Build/Intermediates.noindex/Sprout.build/Debug-iphonesimulator/SproutTests.build/SproutTests-all-target-headers.hmap -Xcc -iquote -Xcc /Users/ryankrol/Library/Developer/Xcode/DerivedData/Sprout-bvuuttoslfvxdqbxqlhflydjsroa/Build/Intermediates.noindex/Sprout.build/Debug-iphonesimulator/SproutTests.build/SproutTests-project-headers.hmap -Xcc -I/Users/ryankrol/Library/Developer/Xcode/DerivedData/Sprout-bvuuttoslfvxdqbxqlhflydjsroa/Build/Products/Debug-iphonesimulator/include -Xcc -I/Users/ryankrol/Library/Developer/Xcode/DerivedData/Sprout-bvuuttoslfvxdqbxqlhflydjsroa/Build/Intermediates.noindex/Sprout.build/Debug-iphonesimulator/SproutTests.build/DerivedSources-normal/arm64 -Xcc -I/Users/ryankrol/Library/Developer/Xcode/DerivedData/Sprout-bvuuttoslfvxdqbxqlhflydjsroa/Build/Intermediates.noindex/Sprout.build/Debug-iphonesimulator/SproutTests.build/DerivedSources/arm64 -Xcc -I/Users/ryankrol/Library/Developer/Xcode/DerivedData/Sprout-bvuuttoslfvxdqbxqlhflydjsroa/Build/Intermediates.noindex/Sprout.build/Debug-iphonesimulator/SproutTests.build/DerivedSources -Xcc -DDEBUG\=1 -emit-objc-header -emit-objc-header-path /Users/ryankrol/Library/Developer/Xcode/DerivedData/Sprout-bvuuttoslfvxdqbxqlhflydjsroa/Build/Intermediates.noindex/Sprout.build/Debug-iphonesimulator/SproutTests.build/Objects-normal/arm64/SproutTests-Swift.h -working-directory /Users/ryankrol/Development/Sprout-loop -experimental-emit-module-separately -disable-cmo

SwiftDriverJobDiscovery normal arm64 Compiling SettingsViewModelTests.swift, SproutFontTests.swift, SproutIconTests.swift, SproutTests.swift (in target 'SproutTests' from project 'Sprout')

SwiftCompile normal arm64 Compiling\ NotificationSchedulingTests.swift,\ PersistenceTests.swift,\ PhotoCaptureCoordinatorTests.swift,\ PhotoPromptTextTests.swift,\ PlantDetailViewModelTests.swift /Users/ryankrol/Development/Sprout-loop/Tests/NotificationSchedulingTests.swift /Users/ryankrol/Development/Sprout-loop/Tests/PersistenceTests.swift /Users/ryankrol/Development/Sprout-loop/Tests/PhotoCaptureCoordinatorTests.swift /Users/ryankrol/Development/Sprout-loop/Tests/PhotoPromptTextTests.swift /Users/ryankrol/Development/Sprout-loop/Tests/PlantDetailViewModelTests.swift (in target 'SproutTests' from project 'Sprout')

SwiftCompile normal arm64 /Users/ryankrol/Development/Sprout-loop/Tests/NotificationSchedulingTests.swift (in target 'SproutTests' from project 'Sprout')
    cd /Users/ryankrol/Development/Sprout-loop
    

SwiftCompile normal arm64 /Users/ryankrol/Development/Sprout-loop/Tests/PersistenceTests.swift (in target 'SproutTests' from project 'Sprout')
    cd /Users/ryankrol/Development/Sprout-loop
    

SwiftCompile normal arm64 /Users/ryankrol/Development/Sprout-loop/Tests/PhotoCaptureCoordinatorTests.swift (in target 'SproutTests' from project 'Sprout')
    cd /Users/ryankrol/Development/Sprout-loop
    

SwiftCompile normal arm64 /Users/ryankrol/Development/Sprout-loop/Tests/PhotoPromptTextTests.swift (in target 'SproutTests' from project 'Sprout')
    cd /Users/ryankrol/Development/Sprout-loop
    

SwiftCompile normal arm64 /Users/ryankrol/Development/Sprout-loop/Tests/PlantDetailViewModelTests.swift (in target 'SproutTests' from project 'Sprout')
    cd /Users/ryankrol/Development/Sprout-loop
    

Copy /Users/ryankrol/Library/Developer/Xcode/DerivedData/Sprout-bvuuttoslfvxdqbxqlhflydjsroa/Build/Products/Debug-iphonesimulator/SproutTests.swiftmodule/Project/arm64-apple-ios-simulator.swiftsourceinfo /Users/ryankrol/Library/Developer/Xcode/DerivedData/Sprout-bvuuttoslfvxdqbxqlhflydjsroa/Build/Intermediates.noindex/Sprout.build/Debug-iphonesimulator/SproutTests.build/Objects-normal/arm64/SproutTests.swiftsourceinfo (in target 'SproutTests' from project 'Sprout')
    cd /Users/ryankrol/Development/Sprout-loop
    builtin-copy -exclude .DS_Store -exclude CVS -exclude .svn -exclude .git -exclude .hg -resolve-src-symlinks -rename /Users/ryankrol/Library/Developer/Xcode/DerivedData/Sprout-bvuuttoslfvxdqbxqlhflydjsroa/Build/Intermediates.noindex/Sprout.build/Debug-iphonesimulator/SproutTests.build/Objects-normal/arm64/SproutTests.swiftsourceinfo /Users/ryankrol/Library/Developer/Xcode/DerivedData/Sprout-bvuuttoslfvxdqbxqlhflydjsroa/Build/Products/Debug-iphonesimulator/SproutTests.swiftmodule/Project/arm64-apple-ios-simulator.swiftsourceinfo

SwiftDriverJobDiscovery normal arm64 Compiling RoomPresetTests.swift, RoomsViewModelTests.swift, ScheduleEngineTests.swift, ScheduleExplanationTests.swift (in target 'SproutTests' from project 'Sprout')

SwiftCompile normal arm64 Compiling\ SproutThemeTests.swift,\ StubPhotoCapturingTests.swift,\ WeatherFactorTests.swift,\ WeatherProviderTests.swift /Users/ryankrol/Development/Sprout-loop/Tests/SproutThemeTests.swift /Users/ryankrol/Development/Sprout-loop/Tests/StubPhotoCapturingTests.swift /Users/ryankrol/Development/Sprout-loop/Tests/WeatherFactorTests.swift /Users/ryankrol/Development/Sprout-loop/Tests/WeatherProviderTests.swift (in target 'SproutTests' from project 'Sprout')

SwiftCompile normal arm64 /Users/ryankrol/Development/Sprout-loop/Tests/SproutThemeTests.swift (in target 'SproutTests' from project 'Sprout')
    cd /Users/ryankrol/Development/Sprout-loop
    

SwiftCompile normal arm64 /Users/ryankrol/Development/Sprout-loop/Tests/StubPhotoCapturingTests.swift (in target 'SproutTests' from project 'Sprout')
    cd /Users/ryankrol/Development/Sprout-loop
    

SwiftCompile normal arm64 /Users/ryankrol/Development/Sprout-loop/Tests/WeatherFactorTests.swift (in target 'SproutTests' from project 'Sprout')
    cd /Users/ryankrol/Development/Sprout-loop
    

SwiftCompile normal arm64 /Users/ryankrol/Development/Sprout-loop/Tests/WeatherProviderTests.swift (in target 'SproutTests' from project 'Sprout')
    cd /Users/ryankrol/Development/Sprout-loop
    

Copy /Users/ryankrol/Library/Developer/Xcode/DerivedData/Sprout-bvuuttoslfvxdqbxqlhflydjsroa/Build/Products/Debug-iphonesimulator/SproutTests.swiftmodule/arm64-apple-ios-simulator.abi.json /Users/ryankrol/Library/Developer/Xcode/DerivedData/Sprout-bvuuttoslfvxdqbxqlhflydjsroa/Build/Intermediates.noindex/Sprout.build/Debug-iphonesimulator/SproutTests.build/Objects-normal/arm64/SproutTests.abi.json (in target 'SproutTests' from project 'Sprout')
    cd /Users/ryankrol/Development/Sprout-loop
    builtin-copy -exclude .DS_Store -exclude CVS -exclude .svn -exclude .git -exclude .hg -resolve-src-symlinks -rename /Users/ryankrol/Library/Developer/Xcode/DerivedData/Sprout-bvuuttoslfvxdqbxqlhflydjsroa/Build/Intermediates.noindex/Sprout.build/Debug-iphonesimulator/SproutTests.build/Objects-normal/arm64/SproutTests.abi.json /Users/ryankrol/Library/Developer/Xcode/DerivedData/Sprout-bvuuttoslfvxdqbxqlhflydjsroa/Build/Products/Debug-iphonesimulator/SproutTests.swiftmodule/arm64-apple-ios-simulator.abi.json

SwiftDriverJobDiscovery normal arm64 Compiling AVFoundationCamera.swift, AdaptiveEngine.swift, AddFlowView.swift, AddRoomView.swift, AlertCard.swift, BasketAddViewModel.swift, Buttons.swift, CapturePhotoView.swift, Cards.swift (in target 'Sprout' from project 'Sprout')

SwiftCompile normal arm64 Compiling\ AdaptiveEngineTests.swift,\ BasketAddViewModelTests.swift,\ CareDatabaseTests.swift,\ CheckInViewModelTests.swift,\ DisplayFormattingTests.swift /Users/ryankrol/Development/Sprout-loop/Tests/AdaptiveEngineTests.swift /Users/ryankrol/Development/Sprout-loop/Tests/BasketAddViewModelTests.swift /Users/ryankrol/Development/Sprout-loop/Tests/CareDatabaseTests.swift /Users/ryankrol/Development/Sprout-loop/Tests/CheckInViewModelTests.swift /Users/ryankrol/Development/Sprout-loop/Tests/DisplayFormattingTests.swift (in target 'SproutTests' from project 'Sprout')

SwiftCompile normal arm64 /Users/ryankrol/Development/Sprout-loop/Tests/AdaptiveEngineTests.swift (in target 'SproutTests' from project 'Sprout')
    cd /Users/ryankrol/Development/Sprout-loop
    

SwiftCompile normal arm64 /Users/ryankrol/Development/Sprout-loop/Tests/BasketAddViewModelTests.swift (in target 'SproutTests' from project 'Sprout')
    cd /Users/ryankrol/Development/Sprout-loop
    

SwiftCompile normal arm64 /Users/ryankrol/Development/Sprout-loop/Tests/CareDatabaseTests.swift (in target 'SproutTests' from project 'Sprout')
    cd /Users/ryankrol/Development/Sprout-loop
    

SwiftCompile normal arm64 /Users/ryankrol/Development/Sprout-loop/Tests/CheckInViewModelTests.swift (in target 'SproutTests' from project 'Sprout')
    cd /Users/ryankrol/Development/Sprout-loop
    

SwiftCompile normal arm64 /Users/ryankrol/Development/Sprout-loop/Tests/DisplayFormattingTests.swift (in target 'SproutTests' from project 'Sprout')
    cd /Users/ryankrol/Development/Sprout-loop
    

SwiftCompile normal arm64 Compiling\ GuidedWateringCoordinatorTests.swift,\ HomeHeroTests.swift,\ HomeTileTextTests.swift,\ ModelTests.swift,\ NotificationGatekeeperTests.swift /Users/ryankrol/Development/Sprout-loop/Tests/GuidedWateringCoordinatorTests.swift /Users/ryankrol/Development/Sprout-loop/Tests/HomeHeroTests.swift /Users/ryankrol/Development/Sprout-loop/Tests/HomeTileTextTests.swift /Users/ryankrol/Development/Sprout-loop/Tests/ModelTests.swift /Users/ryankrol/Development/Sprout-loop/Tests/NotificationGatekeeperTests.swift (in target 'SproutTests' from project 'Sprout')

SwiftCompile normal arm64 /Users/ryankrol/Development/Sprout-loop/Tests/GuidedWateringCoordinatorTests.swift (in target 'SproutTests' from project 'Sprout')
    cd /Users/ryankrol/Development/Sprout-loop
    

SwiftCompile normal arm64 /Users/ryankrol/Development/Sprout-loop/Tests/HomeHeroTests.swift (in target 'SproutTests' from project 'Sprout')
    cd /Users/ryankrol/Development/Sprout-loop
    
/Users/ryankrol/Development/Sprout-loop/Tests/HomeHeroTests.swift:32:13: warning: initialization of variable 'capturedLabel' was never used; consider replacing with assignment to '_' or removing it
        var capturedLabel = ""
        ~~~~^~~~~~~~~~~~~
        _
/Users/ryankrol/Development/Sprout-loop/Tests/HomeHeroTests.swift:33:13: warning: initialization of immutable value 'card' was never used; consider replacing with assignment to '_' or removing it
        let card = HomeHeroCard(state: state, onPrimaryTap: {})
        ~~~~^~~~
        _
/Users/ryankrol/Development/Sprout-loop/Tests/HomeHeroTests.swift:41:13: warning: initialization of variable 'capturedLabel' was never used; consider replacing with assignment to '_' or removing it
        var capturedLabel = ""
        ~~~~^~~~~~~~~~~~~
        _
/Users/ryankrol/Development/Sprout-loop/Tests/HomeHeroTests.swift:42:13: warning: initialization of immutable value 'card' was never used; consider replacing with assignment to '_' or removing it
        let card = HomeHeroCard(state: state, onPrimaryTap: {})
        ~~~~^~~~
        _
/Users/ryankrol/Development/Sprout-loop/Tests/HomeHeroTests.swift:50:13: warning: initialization of variable 'capturedLabel' was never used; consider replacing with assignment to '_' or removing it
        var capturedLabel = ""
        ~~~~^~~~~~~~~~~~~
        _
/Users/ryankrol/Development/Sprout-loop/Tests/HomeHeroTests.swift:51:13: warning: initialization of immutable value 'card' was never used; consider replacing with assignment to '_' or removing it
        let card = HomeHeroCard(state: state, onPrimaryTap: {})
        ~~~~^~~~
        _

SwiftCompile normal arm64 /Users/ryankrol/Development/Sprout-loop/Tests/HomeTileTextTests.swift (in target 'SproutTests' from project 'Sprout')
    cd /Users/ryankrol/Development/Sprout-loop
    

SwiftCompile normal arm64 /Users/ryankrol/Development/Sprout-loop/Tests/ModelTests.swift (in target 'SproutTests' from project 'Sprout')
    cd /Users/ryankrol/Development/Sprout-loop
    

SwiftCompile normal arm64 /Users/ryankrol/Development/Sprout-loop/Tests/NotificationGatekeeperTests.swift (in target 'SproutTests' from project 'Sprout')
    cd /Users/ryankrol/Development/Sprout-loop
    

SwiftDriverJobDiscovery normal arm64 Compiling DisplayFormatting.swift, GuidedWateringCoordinator.swift, GuidedWateringView.swift, HomeComponents.swift, HomeView.swift, LocationProviding.swift, NotificationForegroundPresenter.swift, NotificationGatekeeper.swift, NotificationIntroView.swift (in target 'Sprout' from project 'Sprout')

SwiftDriverJobDiscovery normal arm64 Compiling PlantEditViewModelTests.swift, PlantListViewModelTests.swift, PlantPhotoTests.swift, PlantTokenTests.swift (in target 'SproutTests' from project 'Sprout')

SwiftDriverJobDiscovery normal arm64 Compiling RandomNicknameProviderTests.swift, RecommendationPresentationTests.swift, RhythmBandTests.swift, RoomEnvironmentTests.swift (in target 'SproutTests' from project 'Sprout')

SwiftDriverJobDiscovery normal arm64 Compiling SproutThemeTests.swift, StubPhotoCapturingTests.swift, WeatherFactorTests.swift, WeatherProviderTests.swift (in target 'SproutTests' from project 'Sprout')

SwiftDriverJobDiscovery normal arm64 Compiling GuidedWateringCoordinatorTests.swift, HomeHeroTests.swift, HomeTileTextTests.swift, ModelTests.swift, NotificationGatekeeperTests.swift (in target 'SproutTests' from project 'Sprout')

SwiftDriverJobDiscovery normal arm64 Compiling NotificationSchedulingTests.swift, PersistenceTests.swift, PhotoCaptureCoordinatorTests.swift, PhotoPromptTextTests.swift, PlantDetailViewModelTests.swift (in target 'SproutTests' from project 'Sprout')

SwiftDriverJobDiscovery normal arm64 Compiling AdaptiveEngineTests.swift, BasketAddViewModelTests.swift, CareDatabaseTests.swift, CheckInViewModelTests.swift, DisplayFormattingTests.swift (in target 'SproutTests' from project 'Sprout')

SwiftDriver\ Compilation SproutTests normal arm64 com.apple.xcode.tools.swift.compiler (in target 'SproutTests' from project 'Sprout')
    cd /Users/ryankrol/Development/Sprout-loop
    builtin-Swift-Compilation -- /Applications/Xcode.app/Contents/Developer/Toolchains/XcodeDefault.xctoolchain/usr/bin/swiftc -module-name SproutTests -Onone @/Users/ryankrol/Library/Developer/Xcode/DerivedData/Sprout-bvuuttoslfvxdqbxqlhflydjsroa/Build/Intermediates.noindex/Sprout.build/Debug-iphonesimulator/SproutTests.build/Objects-normal/arm64/SproutTests.SwiftFileList -DDEBUG -plugin-path /Applications/Xcode.app/Contents/Developer/Toolchains/XcodeDefault.xctoolchain/usr/lib/swift/host/plugins/testing -enable-bare-slash-regex -enable-experimental-feature DebugDescriptionMacro -sdk /Applications/Xcode.app/Contents/Developer/Platforms/iPhoneSimulator.platform/Developer/SDKs/iPhoneSimulator26.5.sdk -target arm64-apple-ios18.0-simulator -g -module-cache-path /Users/ryankrol/Library/Developer/Xcode/DerivedData/ModuleCache.noindex -Xfrontend -serialize-debugging-options -enable-testing -index-store-path /Users/ryankrol/Library/Developer/Xcode/DerivedData/Sprout-bvuuttoslfvxdqbxqlhflydjsroa/Index.noindex/DataStore -Xcc -D_LIBCPP_HARDENING_MODE\=_LIBCPP_HARDENING_MODE_DEBUG -swift-version 5 -I /Users/ryankrol/Library/Developer/Xcode/DerivedData/Sprout-bvuuttoslfvxdqbxqlhflydjsroa/Build/Products/Debug-iphonesimulator -Isystem /Applications/Xcode.app/Contents/Developer/Platforms/iPhoneSimulator.platform/Developer/usr/lib -F /Users/ryankrol/Library/Developer/Xcode/DerivedData/Sprout-bvuuttoslfvxdqbxqlhflydjsroa/Build/Products/Debug-iphonesimulator -F /Applications/Xcode.app/Contents/Developer/Platforms/iPhoneSimulator.platform/Developer/Library/Frameworks -F /Applications/Xcode.app/Contents/Developer/Platforms/iPhoneSimulator.platform/Developer/SDKs/iPhoneSimulator26.5.sdk/Developer/Library/Frameworks -c -j8 -enable-batch-mode -incremental -Xcc -ivfsstatcache -Xcc /Users/ryankrol/Library/Developer/Xcode/DerivedData/SDKStatCaches.noindex/iphonesimulator26.5-23F81a-6cfe768891a92b912361537c460fe42b.sdkstatcache -output-file-map /Users/ryankrol/Library/Developer/Xcode/DerivedData/Sprout-bvuuttoslfvxdqbxqlhflydjsroa/Build/Intermediates.noindex/Sprout.build/Debug-iphonesimulator/SproutTests.build/Objects-normal/arm64/SproutTests-OutputFileMap.json -use-frontend-parseable-output -save-temps -no-color-diagnostics -explicit-module-build -module-cache-path /Users/ryankrol/Library/Developer/Xcode/DerivedData/Sprout-bvuuttoslfvxdqbxqlhflydjsroa/Build/Intermediates.noindex/SwiftExplicitPrecompiledModules -clang-scanner-module-cache-path /Users/ryankrol/Library/Developer/Xcode/DerivedData/ModuleCache.noindex -sdk-module-cache-path /Users/ryankrol/Library/Developer/Xcode/DerivedData/ModuleCache.noindex -serialize-diagnostics -emit-dependencies -emit-module -emit-module-path /Users/ryankrol/Library/Developer/Xcode/DerivedData/Sprout-bvuuttoslfvxdqbxqlhflydjsroa/Build/Intermediates.noindex/Sprout.build/Debug-iphonesimulator/SproutTests.build/Objects-normal/arm64/SproutTests.swiftmodule -validate-clang-modules-once -clang-build-session-file /Users/ryankrol/Library/Developer/Xcode/DerivedData/ModuleCache.noindex/Session.modulevalidation -Xcc -I/Users/ryankrol/Library/Developer/Xcode/DerivedData/Sprout-bvuuttoslfvxdqbxqlhflydjsroa/Build/Intermediates.noindex/Sprout.build/Debug-iphonesimulator/SproutTests.build/swift-overrides.hmap -emit-const-values -Xfrontend -const-gather-protocols-file -Xfrontend /Users/ryankrol/Library/Developer/Xcode/DerivedData/Sprout-bvuuttoslfvxdqbxqlhflydjsroa/Build/Intermediates.noindex/Sprout.build/Debug-iphonesimulator/SproutTests.build/Objects-normal/arm64/SproutTests_const_extract_protocols.json -Xcc -iquote -Xcc /Users/ryankrol/Library/Developer/Xcode/DerivedData/Sprout-bvuuttoslfvxdqbxqlhflydjsroa/Build/Intermediates.noindex/Sprout.build/Debug-iphonesimulator/SproutTests.build/SproutTests-generated-files.hmap -Xcc -I/Users/ryankrol/Library/Developer/Xcode/DerivedData/Sprout-bvuuttoslfvxdqbxqlhflydjsroa/Build/Intermediates.noindex/Sprout.build/Debug-iphonesimulator/SproutTests.build/SproutTests-own-target-headers.hmap -Xcc -I/Users/ryankrol/Library/Developer/Xcode/DerivedData/Sprout-bvuuttoslfvxdqbxqlhflydjsroa/Build/Intermediates.noindex/Sprout.build/Debug-iphonesimulator/SproutTests.build/SproutTests-all-target-headers.hmap -Xcc -iquote -Xcc /Users/ryankrol/Library/Developer/Xcode/DerivedData/Sprout-bvuuttoslfvxdqbxqlhflydjsroa/Build/Intermediates.noindex/Sprout.build/Debug-iphonesimulator/SproutTests.build/SproutTests-project-headers.hmap -Xcc -I/Users/ryankrol/Library/Developer/Xcode/DerivedData/Sprout-bvuuttoslfvxdqbxqlhflydjsroa/Build/Products/Debug-iphonesimulator/include -Xcc -I/Users/ryankrol/Library/Developer/Xcode/DerivedData/Sprout-bvuuttoslfvxdqbxqlhflydjsroa/Build/Intermediates.noindex/Sprout.build/Debug-iphonesimulator/SproutTests.build/DerivedSources-normal/arm64 -Xcc -I/Users/ryankrol/Library/Developer/Xcode/DerivedData/Sprout-bvuuttoslfvxdqbxqlhflydjsroa/Build/Intermediates.noindex/Sprout.build/Debug-iphonesimulator/SproutTests.build/DerivedSources/arm64 -Xcc -I/Users/ryankrol/Library/Developer/Xcode/DerivedData/Sprout-bvuuttoslfvxdqbxqlhflydjsroa/Build/Intermediates.noindex/Sprout.build/Debug-iphonesimulator/SproutTests.build/DerivedSources -Xcc -DDEBUG\=1 -emit-objc-header -emit-objc-header-path /Users/ryankrol/Library/Developer/Xcode/DerivedData/Sprout-bvuuttoslfvxdqbxqlhflydjsroa/Build/Intermediates.noindex/Sprout.build/Debug-iphonesimulator/SproutTests.build/Objects-normal/arm64/SproutTests-Swift.h -working-directory /Users/ryankrol/Development/Sprout-loop -experimental-emit-module-separately -disable-cmo

SwiftDriverJobDiscovery normal arm64 Compiling NotificationScheduling.swift, PhotoCaptureCoordinator.swift, PhotoCaptureView.swift, PhotoCapturing.swift, PhotoPromptView.swift, Plant.swift, PlantDetailView.swift, PlantDetailViewModel.swift, PlantEditView.swift (in target 'Sprout' from project 'Sprout')

SwiftDriver\ Compilation Sprout normal arm64 com.apple.xcode.tools.swift.compiler (in target 'Sprout' from project 'Sprout')
    cd /Users/ryankrol/Development/Sprout-loop
    builtin-Swift-Compilation -- /Applications/Xcode.app/Contents/Developer/Toolchains/XcodeDefault.xctoolchain/usr/bin/swiftc -module-name Sprout -Onone @/Users/ryankrol/Library/Developer/Xcode/DerivedData/Sprout-bvuuttoslfvxdqbxqlhflydjsroa/Build/Intermediates.noindex/Sprout.build/Debug-iphonesimulator/Sprout.build/Objects-normal/arm64/Sprout.SwiftFileList -DDEBUG -enable-bare-slash-regex -enable-experimental-feature DebugDescriptionMacro -sdk /Applications/Xcode.app/Contents/Developer/Platforms/iPhoneSimulator.platform/Developer/SDKs/iPhoneSimulator26.5.sdk -target arm64-apple-ios18.0-simulator -g -module-cache-path /Users/ryankrol/Library/Developer/Xcode/DerivedData/ModuleCache.noindex -Xfrontend -serialize-debugging-options -enable-testing -index-store-path /Users/ryankrol/Library/Developer/Xcode/DerivedData/Sprout-bvuuttoslfvxdqbxqlhflydjsroa/Index.noindex/DataStore -Xcc -D_LIBCPP_HARDENING_MODE\=_LIBCPP_HARDENING_MODE_DEBUG -swift-version 5 -I /Users/ryankrol/Library/Developer/Xcode/DerivedData/Sprout-bvuuttoslfvxdqbxqlhflydjsroa/Build/Products/Debug-iphonesimulator -F /Users/ryankrol/Library/Developer/Xcode/DerivedData/Sprout-bvuuttoslfvxdqbxqlhflydjsroa/Build/Products/Debug-iphonesimulator -c -j8 -enable-batch-mode -incremental -Xcc -ivfsstatcache -Xcc /Users/ryankrol/Library/Developer/Xcode/DerivedData/SDKStatCaches.noindex/iphonesimulator26.5-23F81a-6cfe768891a92b912361537c460fe42b.sdkstatcache -output-file-map /Users/ryankrol/Library/Developer/Xcode/DerivedData/Sprout-bvuuttoslfvxdqbxqlhflydjsroa/Build/Intermediates.noindex/Sprout.build/Debug-iphonesimulator/Sprout.build/Objects-normal/arm64/Sprout-OutputFileMap.json -use-frontend-parseable-output -save-temps -no-color-diagnostics -explicit-module-build -module-cache-path /Users/ryankrol/Library/Developer/Xcode/DerivedData/Sprout-bvuuttoslfvxdqbxqlhflydjsroa/Build/Intermediates.noindex/SwiftExplicitPrecompiledModules -clang-scanner-module-cache-path /Users/ryankrol/Library/Developer/Xcode/DerivedData/ModuleCache.noindex -sdk-module-cache-path /Users/ryankrol/Library/Developer/Xcode/DerivedData/ModuleCache.noindex -serialize-diagnostics -emit-dependencies -emit-module -emit-module-path /Users/ryankrol/Library/Developer/Xcode/DerivedData/Sprout-bvuuttoslfvxdqbxqlhflydjsroa/Build/Intermediates.noindex/Sprout.build/Debug-iphonesimulator/Sprout.build/Objects-normal/arm64/Sprout.swiftmodule -validate-clang-modules-once -clang-build-session-file /Users/ryankrol/Library/Developer/Xcode/DerivedData/ModuleCache.noindex/Session.modulevalidation -Xcc -I/Users/ryankrol/Library/Developer/Xcode/DerivedData/Sprout-bvuuttoslfvxdqbxqlhflydjsroa/Build/Intermediates.noindex/Sprout.build/Debug-iphonesimulator/Sprout.build/swift-overrides.hmap -emit-const-values -Xfrontend -const-gather-protocols-file -Xfrontend /Users/ryankrol/Library/Developer/Xcode/DerivedData/Sprout-bvuuttoslfvxdqbxqlhflydjsroa/Build/Intermediates.noindex/Sprout.build/Debug-iphonesimulator/Sprout.build/Objects-normal/arm64/Sprout_const_extract_protocols.json -Xcc -iquote -Xcc /Users/ryankrol/Library/Developer/Xcode/DerivedData/Sprout-bvuuttoslfvxdqbxqlhflydjsroa/Build/Intermediates.noindex/Sprout.build/Debug-iphonesimulator/Sprout.build/Sprout-generated-files.hmap -Xcc -I/Users/ryankrol/Library/Developer/Xcode/DerivedData/Sprout-bvuuttoslfvxdqbxqlhflydjsroa/Build/Intermediates.noindex/Sprout.build/Debug-iphonesimulator/Sprout.build/Sprout-own-target-headers.hmap -Xcc -I/Users/ryankrol/Library/Developer/Xcode/DerivedData/Sprout-bvuuttoslfvxdqbxqlhflydjsroa/Build/Intermediates.noindex/Sprout.build/Debug-iphonesimulator/Sprout.build/Sprout-all-target-headers.hmap -Xcc -iquote -Xcc /Users/ryankrol/Library/Developer/Xcode/DerivedData/Sprout-bvuuttoslfvxdqbxqlhflydjsroa/Build/Intermediates.noindex/Sprout.build/Debug-iphonesimulator/Sprout.build/Sprout-project-headers.hmap -Xcc -I/Users/ryankrol/Library/Developer/Xcode/DerivedData/Sprout-bvuuttoslfvxdqbxqlhflydjsroa/Build/Products/Debug-iphonesimulator/include -Xcc -I/Users/ryankrol/Library/Developer/Xcode/DerivedData/Sprout-bvuuttoslfvxdqbxqlhflydjsroa/Build/Intermediates.noindex/Sprout.build/Debug-iphonesimulator/Sprout.build/DerivedSources-normal/arm64 -Xcc -I/Users/ryankrol/Library/Developer/Xcode/DerivedData/Sprout-bvuuttoslfvxdqbxqlhflydjsroa/Build/Intermediates.noindex/Sprout.build/Debug-iphonesimulator/Sprout.build/DerivedSources/arm64 -Xcc -I/Users/ryankrol/Library/Developer/Xcode/DerivedData/Sprout-bvuuttoslfvxdqbxqlhflydjsroa/Build/Intermediates.noindex/Sprout.build/Debug-iphonesimulator/Sprout.build/DerivedSources -Xcc -DDEBUG\=1 -emit-objc-header -emit-objc-header-path /Users/ryankrol/Library/Developer/Xcode/DerivedData/Sprout-bvuuttoslfvxdqbxqlhflydjsroa/Build/Intermediates.noindex/Sprout.build/Debug-iphonesimulator/Sprout.build/Objects-normal/arm64/Sprout-Swift.h -working-directory /Users/ryankrol/Development/Sprout-loop -experimental-emit-module-separately -disable-cmo

Ld /Users/ryankrol/Library/Developer/Xcode/DerivedData/Sprout-bvuuttoslfvxdqbxqlhflydjsroa/Build/Products/Debug-iphonesimulator/Sprout.app/Sprout.debug.dylib normal (in target 'Sprout' from project 'Sprout')
    cd /Users/ryankrol/Development/Sprout-loop
    /Applications/Xcode.app/Contents/Developer/Toolchains/XcodeDefault.xctoolchain/usr/bin/clang -Xlinker -reproducible -target arm64-apple-ios18.0-simulator -dynamiclib -isysroot /Applications/Xcode.app/Contents/Developer/Platforms/iPhoneSimulator.platform/Developer/SDKs/iPhoneSimulator26.5.sdk -O0 -L/Users/ryankrol/Library/Developer/Xcode/DerivedData/Sprout-bvuuttoslfvxdqbxqlhflydjsroa/Build/Intermediates.noindex/EagerLinkingTBDs/Debug-iphonesimulator -L/Users/ryankrol/Library/Developer/Xcode/DerivedData/Sprout-bvuuttoslfvxdqbxqlhflydjsroa/Build/Products/Debug-iphonesimulator -F/Users/ryankrol/Library/Developer/Xcode/DerivedData/Sprout-bvuuttoslfvxdqbxqlhflydjsroa/Build/Intermediates.noindex/EagerLinkingTBDs/Debug-iphonesimulator -F/Users/ryankrol/Library/Developer/Xcode/DerivedData/Sprout-bvuuttoslfvxdqbxqlhflydjsroa/Build/Products/Debug-iphonesimulator -filelist /Users/ryankrol/Library/Developer/Xcode/DerivedData/Sprout-bvuuttoslfvxdqbxqlhflydjsroa/Build/Intermediates.noindex/Sprout.build/Debug-iphonesimulator/Sprout.build/Objects-normal/arm64/Sprout.LinkFileList -install_name @rpath/Sprout.debug.dylib -Xlinker -rpath -Xlinker /usr/lib/swift -Xlinker -rpath -Xlinker @executable_path/Frameworks -Xlinker -dead_strip -Xlinker -object_path_lto -Xlinker /Users/ryankrol/Library/Developer/Xcode/DerivedData/Sprout-bvuuttoslfvxdqbxqlhflydjsroa/Build/Intermediates.noindex/Sprout.build/Debug-iphonesimulator/Sprout.build/Objects-normal/arm64/Sprout_lto.o -rdynamic -Xlinker -no_deduplicate -Xlinker -objc_abi_version -Xlinker 2 -Xlinker -dependency_info -Xlinker /Users/ryankrol/Library/Developer/Xcode/DerivedData/Sprout-bvuuttoslfvxdqbxqlhflydjsroa/Build/Intermediates.noindex/Sprout.build/Debug-iphonesimulator/Sprout.build/Objects-normal/arm64/Sprout_dependency_info.dat -fobjc-link-runtime -L/Applications/Xcode.app/Contents/Developer/Toolchains/XcodeDefault.xctoolchain/usr/lib/swift/iphonesimulator -L/usr/lib/swift -Xlinker -add_ast_path -Xlinker /Users/ryankrol/Library/Developer/Xcode/DerivedData/Sprout-bvuuttoslfvxdqbxqlhflydjsroa/Build/Intermediates.noindex/Sprout.build/Debug-iphonesimulator/Sprout.build/Objects-normal/arm64/Sprout.swiftmodule @/Users/ryankrol/Library/Developer/Xcode/DerivedData/Sprout-bvuuttoslfvxdqbxqlhflydjsroa/Build/Intermediates.noindex/Sprout.build/Debug-iphonesimulator/Sprout.build/Objects-normal/arm64/Sprout-linker-args.resp -Xlinker -alias -Xlinker _main -Xlinker ___debug_main_executable_dylib_entry_point -Xlinker -no_adhoc_codesign -o /Users/ryankrol/Library/Developer/Xcode/DerivedData/Sprout-bvuuttoslfvxdqbxqlhflydjsroa/Build/Products/Debug-iphonesimulator/Sprout.app/Sprout.debug.dylib

ConstructStubExecutorLinkFileList /Users/ryankrol/Library/Developer/Xcode/DerivedData/Sprout-bvuuttoslfvxdqbxqlhflydjsroa/Build/Intermediates.noindex/Sprout.build/Debug-iphonesimulator/Sprout.build/Sprout-ExecutorLinkFileList-normal-arm64.txt (in target 'Sprout' from project 'Sprout')
    cd /Users/ryankrol/Development/Sprout-loop
    construct-stub-executor-link-file-list /Users/ryankrol/Library/Developer/Xcode/DerivedData/Sprout-bvuuttoslfvxdqbxqlhflydjsroa/Build/Products/Debug-iphonesimulator/Sprout.app/Sprout.debug.dylib /Applications/Xcode.app/Contents/Developer/Platforms/iPhoneSimulator.platform/Developer/usr/lib/libPreviewsJITStubExecutor_no_swift_entry_point.a /Applications/Xcode.app/Contents/Developer/Platforms/iPhoneSimulator.platform/Developer/usr/lib/libPreviewsJITStubExecutor.a --output /Users/ryankrol/Library/Developer/Xcode/DerivedData/Sprout-bvuuttoslfvxdqbxqlhflydjsroa/Build/Intermediates.noindex/Sprout.build/Debug-iphonesimulator/Sprout.build/Sprout-ExecutorLinkFileList-normal-arm64.txt
note: Using stub executor library with Swift entry point. (in target 'Sprout' from project 'Sprout')

Ld /Users/ryankrol/Library/Developer/Xcode/DerivedData/Sprout-bvuuttoslfvxdqbxqlhflydjsroa/Build/Products/Debug-iphonesimulator/Sprout.app/Sprout normal (in target 'Sprout' from project 'Sprout')
    cd /Users/ryankrol/Development/Sprout-loop
    /Applications/Xcode.app/Contents/Developer/Toolchains/XcodeDefault.xctoolchain/usr/bin/clang -Xlinker -reproducible -target arm64-apple-ios18.0-simulator -isysroot /Applications/Xcode.app/Contents/Developer/Platforms/iPhoneSimulator.platform/Developer/SDKs/iPhoneSimulator26.5.sdk -O0 -L/Users/ryankrol/Library/Developer/Xcode/DerivedData/Sprout-bvuuttoslfvxdqbxqlhflydjsroa/Build/Products/Debug-iphonesimulator -F/Users/ryankrol/Library/Developer/Xcode/DerivedData/Sprout-bvuuttoslfvxdqbxqlhflydjsroa/Build/Products/Debug-iphonesimulator -Xlinker -rpath -Xlinker @executable_path -Xlinker -rpath -Xlinker @executable_path/Frameworks -rdynamic -Xlinker -no_deduplicate -Xlinker -objc_abi_version -Xlinker 2 -e ___debug_blank_executor_main -Xlinker -sectcreate -Xlinker __TEXT -Xlinker __debug_dylib -Xlinker /Users/ryankrol/Library/Developer/Xcode/DerivedData/Sprout-bvuuttoslfvxdqbxqlhflydjsroa/Build/Intermediates.noindex/Sprout.build/Debug-iphonesimulator/Sprout.build/Sprout-DebugDylibPath-normal-arm64.txt -Xlinker -sectcreate -Xlinker __TEXT -Xlinker __debug_instlnm -Xlinker /Users/ryankrol/Library/Developer/Xcode/DerivedData/Sprout-bvuuttoslfvxdqbxqlhflydjsroa/Build/Intermediates.noindex/Sprout.build/Debug-iphonesimulator/Sprout.build/Sprout-DebugDylibInstallName-normal-arm64.txt -Xlinker -filelist -Xlinker /Users/ryankrol/Library/Developer/Xcode/DerivedData/Sprout-bvuuttoslfvxdqbxqlhflydjsroa/Build/Intermediates.noindex/Sprout.build/Debug-iphonesimulator/Sprout.build/Sprout-ExecutorLinkFileList-normal-arm64.txt -Xlinker -sectcreate -Xlinker __TEXT -Xlinker __entitlements -Xlinker /Users/ryankrol/Library/Developer/Xcode/DerivedData/Sprout-bvuuttoslfvxdqbxqlhflydjsroa/Build/Intermediates.noindex/Sprout.build/Debug-iphonesimulator/Sprout.build/Sprout.app-Simulated.xcent -Xlinker -sectcreate -Xlinker __TEXT -Xlinker __ents_der -Xlinker /Users/ryankrol/Library/Developer/Xcode/DerivedData/Sprout-bvuuttoslfvxdqbxqlhflydjsroa/Build/Intermediates.noindex/Sprout.build/Debug-iphonesimulator/Sprout.build/Sprout.app-Simulated.xcent.der /Users/ryankrol/Library/Developer/Xcode/DerivedData/Sprout-bvuuttoslfvxdqbxqlhflydjsroa/Build/Products/Debug-iphonesimulator/Sprout.app/Sprout.debug.dylib -Xlinker -no_adhoc_codesign -o /Users/ryankrol/Library/Developer/Xcode/DerivedData/Sprout-bvuuttoslfvxdqbxqlhflydjsroa/Build/Products/Debug-iphonesimulator/Sprout.app/Sprout

LinkAssetCatalog /Users/ryankrol/Development/Sprout-loop/Sources/Assets.xcassets (in target 'Sprout' from project 'Sprout')
    cd /Users/ryankrol/Development/Sprout-loop
    builtin-linkAssetCatalog --thinned /Users/ryankrol/Library/Developer/Xcode/DerivedData/Sprout-bvuuttoslfvxdqbxqlhflydjsroa/Build/Intermediates.noindex/Sprout.build/Debug-iphonesimulator/Sprout.build/assetcatalog_output/thinned --thinned-dependencies /Users/ryankrol/Library/Developer/Xcode/DerivedData/Sprout-bvuuttoslfvxdqbxqlhflydjsroa/Build/Intermediates.noindex/Sprout.build/Debug-iphonesimulator/Sprout.build/assetcatalog_dependencies_thinned --thinned-info-plist-content /Users/ryankrol/Library/Developer/Xcode/DerivedData/Sprout-bvuuttoslfvxdqbxqlhflydjsroa/Build/Intermediates.noindex/Sprout.build/Debug-iphonesimulator/Sprout.build/assetcatalog_generated_info.plist_thinned --unthinned /Users/ryankrol/Library/Developer/Xcode/DerivedData/Sprout-bvuuttoslfvxdqbxqlhflydjsroa/Build/Intermediates.noindex/Sprout.build/Debug-iphonesimulator/Sprout.build/assetcatalog_output/unthinned --unthinned-dependencies /Users/ryankrol/Library/Developer/Xcode/DerivedData/Sprout-bvuuttoslfvxdqbxqlhflydjsroa/Build/Intermediates.noindex/Sprout.build/Debug-iphonesimulator/Sprout.build/assetcatalog_dependencies_unthinned --unthinned-info-plist-content /Users/ryankrol/Library/Developer/Xcode/DerivedData/Sprout-bvuuttoslfvxdqbxqlhflydjsroa/Build/Intermediates.noindex/Sprout.build/Debug-iphonesimulator/Sprout.build/assetcatalog_generated_info.plist_unthinned --output /Users/ryankrol/Library/Developer/Xcode/DerivedData/Sprout-bvuuttoslfvxdqbxqlhflydjsroa/Build/Products/Debug-iphonesimulator/Sprout.app --plist-output /Users/ryankrol/Library/Developer/Xcode/DerivedData/Sprout-bvuuttoslfvxdqbxqlhflydjsroa/Build/Intermediates.noindex/Sprout.build/Debug-iphonesimulator/Sprout.build/assetcatalog_generated_info.plist
note: Emplaced /Users/ryankrol/Library/Developer/Xcode/DerivedData/Sprout-bvuuttoslfvxdqbxqlhflydjsroa/Build/Products/Debug-iphonesimulator/Sprout.app/Assets.car (in target 'Sprout' from project 'Sprout')

CpResource /Users/ryankrol/Library/Developer/Xcode/DerivedData/Sprout-bvuuttoslfvxdqbxqlhflydjsroa/Build/Products/Debug-iphonesimulator/Sprout.app/bricolage-grotesque-v9-latin-700.ttf /Users/ryankrol/Development/Sprout-loop/Sources/Fonts/bricolage-grotesque-v9-latin-700.ttf (in target 'Sprout' from project 'Sprout')
    cd /Users/ryankrol/Development/Sprout-loop
    builtin-copy -exclude .DS_Store -exclude CVS -exclude .svn -exclude .git -exclude .hg -resolve-src-symlinks /Users/ryankrol/Development/Sprout-loop/Sources/Fonts/bricolage-grotesque-v9-latin-700.ttf /Users/ryankrol/Library/Developer/Xcode/DerivedData/Sprout-bvuuttoslfvxdqbxqlhflydjsroa/Build/Products/Debug-iphonesimulator/Sprout.app

CpResource /Users/ryankrol/Library/Developer/Xcode/DerivedData/Sprout-bvuuttoslfvxdqbxqlhflydjsroa/Build/Products/Debug-iphonesimulator/Sprout.app/bricolage-grotesque-v9-latin-600.ttf /Users/ryankrol/Development/Sprout-loop/Sources/Fonts/bricolage-grotesque-v9-latin-600.ttf (in target 'Sprout' from project 'Sprout')
    cd /Users/ryankrol/Development/Sprout-loop
    builtin-copy -exclude .DS_Store -exclude CVS -exclude .svn -exclude .git -exclude .hg -resolve-src-symlinks /Users/ryankrol/Development/Sprout-loop/Sources/Fonts/bricolage-grotesque-v9-latin-600.ttf /Users/ryankrol/Library/Developer/Xcode/DerivedData/Sprout-bvuuttoslfvxdqbxqlhflydjsroa/Build/Products/Debug-iphonesimulator/Sprout.app

CpResource /Users/ryankrol/Library/Developer/Xcode/DerivedData/Sprout-bvuuttoslfvxdqbxqlhflydjsroa/Build/Products/Debug-iphonesimulator/Sprout.app/OFL-HankenGrotesk.txt /Users/ryankrol/Development/Sprout-loop/Sources/Fonts/OFL-HankenGrotesk.txt (in target 'Sprout' from project 'Sprout')
    cd /Users/ryankrol/Development/Sprout-loop
    builtin-copy -exclude .DS_Store -exclude CVS -exclude .svn -exclude .git -exclude .hg -resolve-src-symlinks /Users/ryankrol/Development/Sprout-loop/Sources/Fonts/OFL-HankenGrotesk.txt /Users/ryankrol/Library/Developer/Xcode/DerivedData/Sprout-bvuuttoslfvxdqbxqlhflydjsroa/Build/Products/Debug-iphonesimulator/Sprout.app

CpResource /Users/ryankrol/Library/Developer/Xcode/DerivedData/Sprout-bvuuttoslfvxdqbxqlhflydjsroa/Build/Products/Debug-iphonesimulator/Sprout.app/care_database.json /Users/ryankrol/Development/Sprout-loop/Sources/Resources/care_database.json (in target 'Sprout' from project 'Sprout')
    cd /Users/ryankrol/Development/Sprout-loop
    builtin-copy -exclude .DS_Store -exclude CVS -exclude .svn -exclude .git -exclude .hg -resolve-src-symlinks /Users/ryankrol/Development/Sprout-loop/Sources/Resources/care_database.json /Users/ryankrol/Library/Developer/Xcode/DerivedData/Sprout-bvuuttoslfvxdqbxqlhflydjsroa/Build/Products/Debug-iphonesimulator/Sprout.app

CpResource /Users/ryankrol/Library/Developer/Xcode/DerivedData/Sprout-bvuuttoslfvxdqbxqlhflydjsroa/Build/Products/Debug-iphonesimulator/Sprout.app/bricolage-grotesque-v9-latin-800.ttf /Users/ryankrol/Development/Sprout-loop/Sources/Fonts/bricolage-grotesque-v9-latin-800.ttf (in target 'Sprout' from project 'Sprout')
    cd /Users/ryankrol/Development/Sprout-loop
    builtin-copy -exclude .DS_Store -exclude CVS -exclude .svn -exclude .git -exclude .hg -resolve-src-symlinks /Users/ryankrol/Development/Sprout-loop/Sources/Fonts/bricolage-grotesque-v9-latin-800.ttf /Users/ryankrol/Library/Developer/Xcode/DerivedData/Sprout-bvuuttoslfvxdqbxqlhflydjsroa/Build/Products/Debug-iphonesimulator/Sprout.app

CpResource /Users/ryankrol/Library/Developer/Xcode/DerivedData/Sprout-bvuuttoslfvxdqbxqlhflydjsroa/Build/Products/Debug-iphonesimulator/Sprout.app/OFL-BricolageGrotesque.txt /Users/ryankrol/Development/Sprout-loop/Sources/Fonts/OFL-BricolageGrotesque.txt (in target 'Sprout' from project 'Sprout')
    cd /Users/ryankrol/Development/Sprout-loop
    builtin-copy -exclude .DS_Store -exclude CVS -exclude .svn -exclude .git -exclude .hg -resolve-src-symlinks /Users/ryankrol/Development/Sprout-loop/Sources/Fonts/OFL-BricolageGrotesque.txt /Users/ryankrol/Library/Developer/Xcode/DerivedData/Sprout-bvuuttoslfvxdqbxqlhflydjsroa/Build/Products/Debug-iphonesimulator/Sprout.app

CpResource /Users/ryankrol/Library/Developer/Xcode/DerivedData/Sprout-bvuuttoslfvxdqbxqlhflydjsroa/Build/Products/Debug-iphonesimulator/Sprout.app/hanken-grotesk-v12-latin-500.ttf /Users/ryankrol/Development/Sprout-loop/Sources/Fonts/hanken-grotesk-v12-latin-500.ttf (in target 'Sprout' from project 'Sprout')
    cd /Users/ryankrol/Development/Sprout-loop
    builtin-copy -exclude .DS_Store -exclude CVS -exclude .svn -exclude .git -exclude .hg -resolve-src-symlinks /Users/ryankrol/Development/Sprout-loop/Sources/Fonts/hanken-grotesk-v12-latin-500.ttf /Users/ryankrol/Library/Developer/Xcode/DerivedData/Sprout-bvuuttoslfvxdqbxqlhflydjsroa/Build/Products/Debug-iphonesimulator/Sprout.app

CpResource /Users/ryankrol/Library/Developer/Xcode/DerivedData/Sprout-bvuuttoslfvxdqbxqlhflydjsroa/Build/Products/Debug-iphonesimulator/Sprout.app/hanken-grotesk-v12-latin-regular.ttf /Users/ryankrol/Development/Sprout-loop/Sources/Fonts/hanken-grotesk-v12-latin-regular.ttf (in target 'Sprout' from project 'Sprout')
    cd /Users/ryankrol/Development/Sprout-loop
    builtin-copy -exclude .DS_Store -exclude CVS -exclude .svn -exclude .git -exclude .hg -resolve-src-symlinks /Users/ryankrol/Development/Sprout-loop/Sources/Fonts/hanken-grotesk-v12-latin-regular.ttf /Users/ryankrol/Library/Developer/Xcode/DerivedData/Sprout-bvuuttoslfvxdqbxqlhflydjsroa/Build/Products/Debug-iphonesimulator/Sprout.app

CpResource /Users/ryankrol/Library/Developer/Xcode/DerivedData/Sprout-bvuuttoslfvxdqbxqlhflydjsroa/Build/Products/Debug-iphonesimulator/Sprout.app/hanken-grotesk-v12-latin-italic.ttf /Users/ryankrol/Development/Sprout-loop/Sources/Fonts/hanken-grotesk-v12-latin-italic.ttf (in target 'Sprout' from project 'Sprout')
    cd /Users/ryankrol/Development/Sprout-loop
    builtin-copy -exclude .DS_Store -exclude CVS -exclude .svn -exclude .git -exclude .hg -resolve-src-symlinks /Users/ryankrol/Development/Sprout-loop/Sources/Fonts/hanken-grotesk-v12-latin-italic.ttf /Users/ryankrol/Library/Developer/Xcode/DerivedData/Sprout-bvuuttoslfvxdqbxqlhflydjsroa/Build/Products/Debug-iphonesimulator/Sprout.app

ProcessInfoPlistFile /Users/ryankrol/Library/Developer/Xcode/DerivedData/Sprout-bvuuttoslfvxdqbxqlhflydjsroa/Build/Products/Debug-iphonesimulator/Sprout.app/Info.plist /Users/ryankrol/Development/Sprout-loop/Sources/Info.plist (in target 'Sprout' from project 'Sprout')
    cd /Users/ryankrol/Development/Sprout-loop
    builtin-infoPlistUtility /Users/ryankrol/Development/Sprout-loop/Sources/Info.plist -producttype com.apple.product-type.application -genpkginfo /Users/ryankrol/Library/Developer/Xcode/DerivedData/Sprout-bvuuttoslfvxdqbxqlhflydjsroa/Build/Products/Debug-iphonesimulator/Sprout.app/PkgInfo -expandbuildsettings -format binary -platform iphonesimulator -additionalcontentfile /Users/ryankrol/Library/Developer/Xcode/DerivedData/Sprout-bvuuttoslfvxdqbxqlhflydjsroa/Build/Intermediates.noindex/Sprout.build/Debug-iphonesimulator/Sprout.build/assetcatalog_generated_info.plist -o /Users/ryankrol/Library/Developer/Xcode/DerivedData/Sprout-bvuuttoslfvxdqbxqlhflydjsroa/Build/Products/Debug-iphonesimulator/Sprout.app/Info.plist

CpResource /Users/ryankrol/Library/Developer/Xcode/DerivedData/Sprout-bvuuttoslfvxdqbxqlhflydjsroa/Build/Products/Debug-iphonesimulator/Sprout.app/hanken-grotesk-v12-latin-700.ttf /Users/ryankrol/Development/Sprout-loop/Sources/Fonts/hanken-grotesk-v12-latin-700.ttf (in target 'Sprout' from project 'Sprout')
    cd /Users/ryankrol/Development/Sprout-loop
    builtin-copy -exclude .DS_Store -exclude CVS -exclude .svn -exclude .git -exclude .hg -resolve-src-symlinks /Users/ryankrol/Development/Sprout-loop/Sources/Fonts/hanken-grotesk-v12-latin-700.ttf /Users/ryankrol/Library/Developer/Xcode/DerivedData/Sprout-bvuuttoslfvxdqbxqlhflydjsroa/Build/Products/Debug-iphonesimulator/Sprout.app

CpResource /Users/ryankrol/Library/Developer/Xcode/DerivedData/Sprout-bvuuttoslfvxdqbxqlhflydjsroa/Build/Products/Debug-iphonesimulator/Sprout.app/hanken-grotesk-v12-latin-600.ttf /Users/ryankrol/Development/Sprout-loop/Sources/Fonts/hanken-grotesk-v12-latin-600.ttf (in target 'Sprout' from project 'Sprout')
    cd /Users/ryankrol/Development/Sprout-loop
    builtin-copy -exclude .DS_Store -exclude CVS -exclude .svn -exclude .git -exclude .hg -resolve-src-symlinks /Users/ryankrol/Development/Sprout-loop/Sources/Fonts/hanken-grotesk-v12-latin-600.ttf /Users/ryankrol/Library/Developer/Xcode/DerivedData/Sprout-bvuuttoslfvxdqbxqlhflydjsroa/Build/Products/Debug-iphonesimulator/Sprout.app

CpResource /Users/ryankrol/Library/Developer/Xcode/DerivedData/Sprout-bvuuttoslfvxdqbxqlhflydjsroa/Build/Products/Debug-iphonesimulator/Sprout.app/hanken-grotesk-v12-latin-500italic.ttf /Users/ryankrol/Development/Sprout-loop/Sources/Fonts/hanken-grotesk-v12-latin-500italic.ttf (in target 'Sprout' from project 'Sprout')
    cd /Users/ryankrol/Development/Sprout-loop
    builtin-copy -exclude .DS_Store -exclude CVS -exclude .svn -exclude .git -exclude .hg -resolve-src-symlinks /Users/ryankrol/Development/Sprout-loop/Sources/Fonts/hanken-grotesk-v12-latin-500italic.ttf /Users/ryankrol/Library/Developer/Xcode/DerivedData/Sprout-bvuuttoslfvxdqbxqlhflydjsroa/Build/Products/Debug-iphonesimulator/Sprout.app

CpResource /Users/ryankrol/Library/Developer/Xcode/DerivedData/Sprout-bvuuttoslfvxdqbxqlhflydjsroa/Build/Products/Debug-iphonesimulator/Sprout.app/LICENSE-Phosphor.txt /Users/ryankrol/Development/Sprout-loop/Sources/Fonts/LICENSE-Phosphor.txt (in target 'Sprout' from project 'Sprout')
    cd /Users/ryankrol/Development/Sprout-loop
    builtin-copy -exclude .DS_Store -exclude CVS -exclude .svn -exclude .git -exclude .hg -resolve-src-symlinks /Users/ryankrol/Development/Sprout-loop/Sources/Fonts/LICENSE-Phosphor.txt /Users/ryankrol/Library/Developer/Xcode/DerivedData/Sprout-bvuuttoslfvxdqbxqlhflydjsroa/Build/Products/Debug-iphonesimulator/Sprout.app

CpResource /Users/ryankrol/Library/Developer/Xcode/DerivedData/Sprout-bvuuttoslfvxdqbxqlhflydjsroa/Build/Products/Debug-iphonesimulator/Sprout.app/LICENSE-FontAwesome.txt /Users/ryankrol/Development/Sprout-loop/Sources/Fonts/LICENSE-FontAwesome.txt (in target 'Sprout' from project 'Sprout')
    cd /Users/ryankrol/Development/Sprout-loop
    builtin-copy -exclude .DS_Store -exclude CVS -exclude .svn -exclude .git -exclude .hg -resolve-src-symlinks /Users/ryankrol/Development/Sprout-loop/Sources/Fonts/LICENSE-FontAwesome.txt /Users/ryankrol/Library/Developer/Xcode/DerivedData/Sprout-bvuuttoslfvxdqbxqlhflydjsroa/Build/Products/Debug-iphonesimulator/Sprout.app

CpResource /Users/ryankrol/Library/Developer/Xcode/DerivedData/Sprout-bvuuttoslfvxdqbxqlhflydjsroa/Build/Products/Debug-iphonesimulator/Sprout.app/FONTS.md /Users/ryankrol/Development/Sprout-loop/Sources/Fonts/FONTS.md (in target 'Sprout' from project 'Sprout')
    cd /Users/ryankrol/Development/Sprout-loop
    builtin-copy -exclude .DS_Store -exclude CVS -exclude .svn -exclude .git -exclude .hg -resolve-src-symlinks /Users/ryankrol/Development/Sprout-loop/Sources/Fonts/FONTS.md /Users/ryankrol/Library/Developer/Xcode/DerivedData/Sprout-bvuuttoslfvxdqbxqlhflydjsroa/Build/Products/Debug-iphonesimulator/Sprout.app

ExtractAppIntentsMetadata (in target 'Sprout' from project 'Sprout')
    cd /Users/ryankrol/Development/Sprout-loop
    /Applications/Xcode.app/Contents/Developer/Toolchains/XcodeDefault.xctoolchain/usr/bin/appintentsmetadataprocessor --toolchain-dir /Applications/Xcode.app/Contents/Developer/Toolchains/XcodeDefault.xctoolchain --module-name Sprout --sdk-root /Applications/Xcode.app/Contents/Developer/Platforms/iPhoneSimulator.platform/Developer/SDKs/iPhoneSimulator26.5.sdk --xcode-version 17F113 --platform-family iOS --deployment-target 18.0 --bundle-identifier com.ryankrol.sprout --output /Users/ryankrol/Library/Developer/Xcode/DerivedData/Sprout-bvuuttoslfvxdqbxqlhflydjsroa/Build/Products/Debug-iphonesimulator/Sprout.app --target-triple arm64-apple-ios18.0-simulator --binary-file /Users/ryankrol/Library/Developer/Xcode/DerivedData/Sprout-bvuuttoslfvxdqbxqlhflydjsroa/Build/Products/Debug-iphonesimulator/Sprout.app/Sprout --dependency-file /Users/ryankrol/Library/Developer/Xcode/DerivedData/Sprout-bvuuttoslfvxdqbxqlhflydjsroa/Build/Intermediates.noindex/Sprout.build/Debug-iphonesimulator/Sprout.build/Objects-normal/arm64/Sprout_dependency_info.dat --stringsdata-file /Users/ryankrol/Library/Developer/Xcode/DerivedData/Sprout-bvuuttoslfvxdqbxqlhflydjsroa/Build/Intermediates.noindex/Sprout.build/Debug-iphonesimulator/Sprout.build/Objects-normal/arm64/ExtractedAppShortcutsMetadata.stringsdata --source-file-list /Users/ryankrol/Library/Developer/Xcode/DerivedData/Sprout-bvuuttoslfvxdqbxqlhflydjsroa/Build/Intermediates.noindex/Sprout.build/Debug-iphonesimulator/Sprout.build/Objects-normal/arm64/Sprout.SwiftFileList --metadata-file-list /Users/ryankrol/Library/Developer/Xcode/DerivedData/Sprout-bvuuttoslfvxdqbxqlhflydjsroa/Build/Intermediates.noindex/Sprout.build/Debug-iphonesimulator/Sprout.build/Sprout.DependencyMetadataFileList --static-metadata-file-list /Users/ryankrol/Library/Developer/Xcode/DerivedData/Sprout-bvuuttoslfvxdqbxqlhflydjsroa/Build/Intermediates.noindex/Sprout.build/Debug-iphonesimulator/Sprout.build/Sprout.DependencyStaticMetadataFileList --swift-const-vals-list /Users/ryankrol/Library/Developer/Xcode/DerivedData/Sprout-bvuuttoslfvxdqbxqlhflydjsroa/Build/Intermediates.noindex/Sprout.build/Debug-iphonesimulator/Sprout.build/Objects-normal/arm64/Sprout.SwiftConstValuesFileList --compile-time-extraction --deployment-aware-processing --validate-assistant-intents --no-app-shortcuts-localization
2026-07-17 05:56:30.500 appintentsmetadataprocessor[46620:3751070] Starting appintentsmetadataprocessor export
2026-07-17 05:56:30.505 appintentsmetadataprocessor[46620:3751070] warning: Metadata extraction skipped. No AppIntents.framework dependency found.

CopySwiftLibs /Users/ryankrol/Library/Developer/Xcode/DerivedData/Sprout-bvuuttoslfvxdqbxqlhflydjsroa/Build/Products/Debug-iphonesimulator/Sprout.app (in target 'Sprout' from project 'Sprout')
    cd /Users/ryankrol/Development/Sprout-loop
    builtin-swiftStdLibTool --copy --verbose --sign - --scan-executable /Users/ryankrol/Library/Developer/Xcode/DerivedData/Sprout-bvuuttoslfvxdqbxqlhflydjsroa/Build/Products/Debug-iphonesimulator/Sprout.app/Sprout.debug.dylib --scan-folder /Users/ryankrol/Library/Developer/Xcode/DerivedData/Sprout-bvuuttoslfvxdqbxqlhflydjsroa/Build/Products/Debug-iphonesimulator/Sprout.app/Frameworks --scan-folder /Users/ryankrol/Library/Developer/Xcode/DerivedData/Sprout-bvuuttoslfvxdqbxqlhflydjsroa/Build/Products/Debug-iphonesimulator/Sprout.app/PlugIns --scan-folder /Users/ryankrol/Library/Developer/Xcode/DerivedData/Sprout-bvuuttoslfvxdqbxqlhflydjsroa/Build/Products/Debug-iphonesimulator/Sprout.app/SystemExtensions --scan-folder /Users/ryankrol/Library/Developer/Xcode/DerivedData/Sprout-bvuuttoslfvxdqbxqlhflydjsroa/Build/Products/Debug-iphonesimulator/Sprout.app/Extensions --platform iphonesimulator --toolchain /Applications/Xcode.app/Contents/Developer/Toolchains/XcodeDefault.xctoolchain --destination /Users/ryankrol/Library/Developer/Xcode/DerivedData/Sprout-bvuuttoslfvxdqbxqlhflydjsroa/Build/Products/Debug-iphonesimulator/Sprout.app/Frameworks --strip-bitcode --strip-bitcode-tool /Applications/Xcode.app/Contents/Developer/Toolchains/XcodeDefault.xctoolchain/usr/bin/bitcode_strip --emit-dependency-info /Users/ryankrol/Library/Developer/Xcode/DerivedData/Sprout-bvuuttoslfvxdqbxqlhflydjsroa/Build/Intermediates.noindex/Sprout.build/Debug-iphonesimulator/Sprout.build/SwiftStdLibToolInputDependencies.dep --filter-for-swift-os

ProcessInfoPlistFile /Users/ryankrol/Library/Developer/Xcode/DerivedData/Sprout-bvuuttoslfvxdqbxqlhflydjsroa/Build/Products/Debug-iphonesimulator/Sprout.app/PlugIns/SproutTests.xctest/Info.plist /Users/ryankrol/Library/Developer/Xcode/DerivedData/Sprout-bvuuttoslfvxdqbxqlhflydjsroa/Build/Intermediates.noindex/Sprout.build/Debug-iphonesimulator/SproutTests.build/empty-SproutTests.plist (in target 'SproutTests' from project 'Sprout')
    cd /Users/ryankrol/Development/Sprout-loop
    builtin-infoPlistUtility /Users/ryankrol/Library/Developer/Xcode/DerivedData/Sprout-bvuuttoslfvxdqbxqlhflydjsroa/Build/Intermediates.noindex/Sprout.build/Debug-iphonesimulator/SproutTests.build/empty-SproutTests.plist -producttype com.apple.product-type.bundle.unit-test -expandbuildsettings -format binary -platform iphonesimulator -o /Users/ryankrol/Library/Developer/Xcode/DerivedData/Sprout-bvuuttoslfvxdqbxqlhflydjsroa/Build/Products/Debug-iphonesimulator/Sprout.app/PlugIns/SproutTests.xctest/Info.plist

CpResource /Users/ryankrol/Library/Developer/Xcode/DerivedData/Sprout-bvuuttoslfvxdqbxqlhflydjsroa/Build/Products/Debug-iphonesimulator/Sprout.app/PlugIns/SproutTests.xctest/openmeteo_london.json /Users/ryankrol/Development/Sprout-loop/Tests/Fixtures/openmeteo_london.json (in target 'SproutTests' from project 'Sprout')
    cd /Users/ryankrol/Development/Sprout-loop
    builtin-copy -exclude .DS_Store -exclude CVS -exclude .svn -exclude .git -exclude .hg -resolve-src-symlinks /Users/ryankrol/Development/Sprout-loop/Tests/Fixtures/openmeteo_london.json /Users/ryankrol/Library/Developer/Xcode/DerivedData/Sprout-bvuuttoslfvxdqbxqlhflydjsroa/Build/Products/Debug-iphonesimulator/Sprout.app/PlugIns/SproutTests.xctest

Ld /Users/ryankrol/Library/Developer/Xcode/DerivedData/Sprout-bvuuttoslfvxdqbxqlhflydjsroa/Build/Products/Debug-iphonesimulator/Sprout.app/PlugIns/SproutTests.xctest/SproutTests normal (in target 'SproutTests' from project 'Sprout')
    cd /Users/ryankrol/Development/Sprout-loop
    /Applications/Xcode.app/Contents/Developer/Toolchains/XcodeDefault.xctoolchain/usr/bin/clang -Xlinker -reproducible -target arm64-apple-ios18.0-simulator -bundle -isysroot /Applications/Xcode.app/Contents/Developer/Platforms/iPhoneSimulator.platform/Developer/SDKs/iPhoneSimulator26.5.sdk -O0 -L/Users/ryankrol/Library/Developer/Xcode/DerivedData/Sprout-bvuuttoslfvxdqbxqlhflydjsroa/Build/Intermediates.noindex/EagerLinkingTBDs/Debug-iphonesimulator -L/Users/ryankrol/Library/Developer/Xcode/DerivedData/Sprout-bvuuttoslfvxdqbxqlhflydjsroa/Build/Products/Debug-iphonesimulator -L/Applications/Xcode.app/Contents/Developer/Platforms/iPhoneSimulator.platform/Developer/usr/lib -F/Users/ryankrol/Library/Developer/Xcode/DerivedData/Sprout-bvuuttoslfvxdqbxqlhflydjsroa/Build/Intermediates.noindex/EagerLinkingTBDs/Debug-iphonesimulator -F/Users/ryankrol/Library/Developer/Xcode/DerivedData/Sprout-bvuuttoslfvxdqbxqlhflydjsroa/Build/Products/Debug-iphonesimulator -iframework /Applications/Xcode.app/Contents/Developer/Platforms/iPhoneSimulator.platform/Developer/Library/Frameworks -iframework /Applications/Xcode.app/Contents/Developer/Platforms/iPhoneSimulator.platform/Developer/SDKs/iPhoneSimulator26.5.sdk/Developer/Library/Frameworks -filelist /Users/ryankrol/Library/Developer/Xcode/DerivedData/Sprout-bvuuttoslfvxdqbxqlhflydjsroa/Build/Intermediates.noindex/Sprout.build/Debug-iphonesimulator/SproutTests.build/Objects-normal/arm64/SproutTests.LinkFileList -Xlinker -rpath -Xlinker /usr/lib/swift -Xlinker -rpath -Xlinker @loader_path/Frameworks -Xlinker -rpath -Xlinker @executable_path/Frameworks -Xlinker -dead_strip -bundle_loader /Users/ryankrol/Library/Developer/Xcode/DerivedData/Sprout-bvuuttoslfvxdqbxqlhflydjsroa/Build/Products/Debug-iphonesimulator/Sprout.app/Sprout -Xlinker -object_path_lto -Xlinker /Users/ryankrol/Library/Developer/Xcode/DerivedData/Sprout-bvuuttoslfvxdqbxqlhflydjsroa/Build/Intermediates.noindex/Sprout.build/Debug-iphonesimulator/SproutTests.build/Objects-normal/arm64/SproutTests_lto.o -rdynamic -Xlinker -no_deduplicate -Xlinker -objc_abi_version -Xlinker 2 -Xlinker -dependency_info -Xlinker /Users/ryankrol/Library/Developer/Xcode/DerivedData/Sprout-bvuuttoslfvxdqbxqlhflydjsroa/Build/Intermediates.noindex/Sprout.build/Debug-iphonesimulator/SproutTests.build/Objects-normal/arm64/SproutTests_dependency_info.dat -fobjc-link-runtime -L/Applications/Xcode.app/Contents/Developer/Toolchains/XcodeDefault.xctoolchain/usr/lib/swift/iphonesimulator -L/usr/lib/swift -Xlinker -add_ast_path -Xlinker /Users/ryankrol/Library/Developer/Xcode/DerivedData/Sprout-bvuuttoslfvxdqbxqlhflydjsroa/Build/Intermediates.noindex/Sprout.build/Debug-iphonesimulator/SproutTests.build/Objects-normal/arm64/SproutTests.swiftmodule @/Users/ryankrol/Library/Developer/Xcode/DerivedData/Sprout-bvuuttoslfvxdqbxqlhflydjsroa/Build/Intermediates.noindex/Sprout.build/Debug-iphonesimulator/SproutTests.build/Objects-normal/arm64/SproutTests-linker-args.resp -Xlinker -needed_framework -Xlinker XCTest -framework XCTest -Xlinker -needed-lXCTestSwiftSupport -lXCTestSwiftSupport /Users/ryankrol/Library/Developer/Xcode/DerivedData/Sprout-bvuuttoslfvxdqbxqlhflydjsroa/Build/Products/Debug-iphonesimulator/Sprout.app/Sprout.debug.dylib -Xlinker -no_adhoc_codesign -o /Users/ryankrol/Library/Developer/Xcode/DerivedData/Sprout-bvuuttoslfvxdqbxqlhflydjsroa/Build/Products/Debug-iphonesimulator/Sprout.app/PlugIns/SproutTests.xctest/SproutTests

CopySwiftLibs /Users/ryankrol/Library/Developer/Xcode/DerivedData/Sprout-bvuuttoslfvxdqbxqlhflydjsroa/Build/Products/Debug-iphonesimulator/Sprout.app/PlugIns/SproutTests.xctest (in target 'SproutTests' from project 'Sprout')
    cd /Users/ryankrol/Development/Sprout-loop
    builtin-swiftStdLibTool --copy --verbose --sign - --scan-executable /Users/ryankrol/Library/Developer/Xcode/DerivedData/Sprout-bvuuttoslfvxdqbxqlhflydjsroa/Build/Products/Debug-iphonesimulator/Sprout.app/PlugIns/SproutTests.xctest/SproutTests --scan-folder /Users/ryankrol/Library/Developer/Xcode/DerivedData/Sprout-bvuuttoslfvxdqbxqlhflydjsroa/Build/Products/Debug-iphonesimulator/Sprout.app/PlugIns/SproutTests.xctest/Frameworks --scan-folder /Users/ryankrol/Library/Developer/Xcode/DerivedData/Sprout-bvuuttoslfvxdqbxqlhflydjsroa/Build/Products/Debug-iphonesimulator/Sprout.app/PlugIns/SproutTests.xctest/PlugIns --scan-folder /Users/ryankrol/Library/Developer/Xcode/DerivedData/Sprout-bvuuttoslfvxdqbxqlhflydjsroa/Build/Products/Debug-iphonesimulator/Sprout.app/PlugIns/SproutTests.xctest/SystemExtensions --scan-folder /Users/ryankrol/Library/Developer/Xcode/DerivedData/Sprout-bvuuttoslfvxdqbxqlhflydjsroa/Build/Products/Debug-iphonesimulator/Sprout.app/PlugIns/SproutTests.xctest/Extensions --platform iphonesimulator --toolchain /Applications/Xcode.app/Contents/Developer/Toolchains/XcodeDefault.xctoolchain --destination /Users/ryankrol/Library/Developer/Xcode/DerivedData/Sprout-bvuuttoslfvxdqbxqlhflydjsroa/Build/Products/Debug-iphonesimulator/Sprout.app/PlugIns/SproutTests.xctest/Frameworks --strip-bitcode --scan-executable /Applications/Xcode.app/Contents/Developer/Platforms/iPhoneSimulator.platform/Developer/usr/lib/libXCTestSwiftSupport.dylib --strip-bitcode-tool /Applications/Xcode.app/Contents/Developer/Toolchains/XcodeDefault.xctoolchain/usr/bin/bitcode_strip --emit-dependency-info /Users/ryankrol/Library/Developer/Xcode/DerivedData/Sprout-bvuuttoslfvxdqbxqlhflydjsroa/Build/Intermediates.noindex/Sprout.build/Debug-iphonesimulator/SproutTests.build/SwiftStdLibToolInputDependencies.dep --filter-for-swift-os

ExtractAppIntentsMetadata (in target 'SproutTests' from project 'Sprout')
    cd /Users/ryankrol/Development/Sprout-loop
    /Applications/Xcode.app/Contents/Developer/Toolchains/XcodeDefault.xctoolchain/usr/bin/appintentsmetadataprocessor --toolchain-dir /Applications/Xcode.app/Contents/Developer/Toolchains/XcodeDefault.xctoolchain --module-name SproutTests --sdk-root /Applications/Xcode.app/Contents/Developer/Platforms/iPhoneSimulator.platform/Developer/SDKs/iPhoneSimulator26.5.sdk --xcode-version 17F113 --platform-family iOS --deployment-target 18.0 --bundle-identifier com.ryankrol.sprout.tests --output /Users/ryankrol/Library/Developer/Xcode/DerivedData/Sprout-bvuuttoslfvxdqbxqlhflydjsroa/Build/Products/Debug-iphonesimulator/Sprout.app/PlugIns/SproutTests.xctest --target-triple arm64-apple-ios18.0-simulator --binary-file /Users/ryankrol/Library/Developer/Xcode/DerivedData/Sprout-bvuuttoslfvxdqbxqlhflydjsroa/Build/Products/Debug-iphonesimulator/Sprout.app/PlugIns/SproutTests.xctest/SproutTests --dependency-file /Users/ryankrol/Library/Developer/Xcode/DerivedData/Sprout-bvuuttoslfvxdqbxqlhflydjsroa/Build/Intermediates.noindex/Sprout.build/Debug-iphonesimulator/SproutTests.build/Objects-normal/arm64/SproutTests_dependency_info.dat --stringsdata-file /Users/ryankrol/Library/Developer/Xcode/DerivedData/Sprout-bvuuttoslfvxdqbxqlhflydjsroa/Build/Intermediates.noindex/Sprout.build/Debug-iphonesimulator/SproutTests.build/Objects-normal/arm64/ExtractedAppShortcutsMetadata.stringsdata --source-file-list /Users/ryankrol/Library/Developer/Xcode/DerivedData/Sprout-bvuuttoslfvxdqbxqlhflydjsroa/Build/Intermediates.noindex/Sprout.build/Debug-iphonesimulator/SproutTests.build/Objects-normal/arm64/SproutTests.SwiftFileList --metadata-file-list /Users/ryankrol/Library/Developer/Xcode/DerivedData/Sprout-bvuuttoslfvxdqbxqlhflydjsroa/Build/Intermediates.noindex/Sprout.build/Debug-iphonesimulator/SproutTests.build/SproutTests.DependencyMetadataFileList --static-metadata-file-list /Users/ryankrol/Library/Developer/Xcode/DerivedData/Sprout-bvuuttoslfvxdqbxqlhflydjsroa/Build/Intermediates.noindex/Sprout.build/Debug-iphonesimulator/SproutTests.build/SproutTests.DependencyStaticMetadataFileList --swift-const-vals-list /Users/ryankrol/Library/Developer/Xcode/DerivedData/Sprout-bvuuttoslfvxdqbxqlhflydjsroa/Build/Intermediates.noindex/Sprout.build/Debug-iphonesimulator/SproutTests.build/Objects-normal/arm64/SproutTests.SwiftConstValuesFileList --compile-time-extraction --deployment-aware-processing --validate-assistant-intents --no-app-shortcuts-localization
2026-07-17 05:56:30.797 appintentsmetadataprocessor[46624:3751101] Starting appintentsmetadataprocessor export
2026-07-17 05:56:30.798 appintentsmetadataprocessor[46624:3751101] warning: Metadata extraction skipped. No AppIntents.framework dependency found.

CodeSign /Users/ryankrol/Library/Developer/Xcode/DerivedData/Sprout-bvuuttoslfvxdqbxqlhflydjsroa/Build/Products/Debug-iphonesimulator/Sprout.app/PlugIns/SproutTests.xctest (in target 'SproutTests' from project 'Sprout')
    cd /Users/ryankrol/Development/Sprout-loop
    
    Signing Identity:     "Sign to Run Locally"
    
    /usr/bin/codesign --force --sign - --timestamp\=none --generate-entitlement-der /Users/ryankrol/Library/Developer/Xcode/DerivedData/Sprout-bvuuttoslfvxdqbxqlhflydjsroa/Build/Products/Debug-iphonesimulator/Sprout.app/PlugIns/SproutTests.xctest

CodeSign /Users/ryankrol/Library/Developer/Xcode/DerivedData/Sprout-bvuuttoslfvxdqbxqlhflydjsroa/Build/Products/Debug-iphonesimulator/Sprout.app/Sprout.debug.dylib (in target 'Sprout' from project 'Sprout')
    cd /Users/ryankrol/Development/Sprout-loop
    
    Signing Identity:     "Sign to Run Locally"
    
    /usr/bin/codesign --force --sign - --timestamp\=none --generate-entitlement-der /Users/ryankrol/Library/Developer/Xcode/DerivedData/Sprout-bvuuttoslfvxdqbxqlhflydjsroa/Build/Products/Debug-iphonesimulator/Sprout.app/Sprout.debug.dylib

CodeSign /Users/ryankrol/Library/Developer/Xcode/DerivedData/Sprout-bvuuttoslfvxdqbxqlhflydjsroa/Build/Products/Debug-iphonesimulator/Sprout.app/__preview.dylib (in target 'Sprout' from project 'Sprout')
    cd /Users/ryankrol/Development/Sprout-loop
    
    Signing Identity:     "Sign to Run Locally"
    
    /usr/bin/codesign --force --sign - --timestamp\=none --generate-entitlement-der /Users/ryankrol/Library/Developer/Xcode/DerivedData/Sprout-bvuuttoslfvxdqbxqlhflydjsroa/Build/Products/Debug-iphonesimulator/Sprout.app/__preview.dylib
/Users/ryankrol/Library/Developer/Xcode/DerivedData/Sprout-bvuuttoslfvxdqbxqlhflydjsroa/Build/Products/Debug-iphonesimulator/Sprout.app/__preview.dylib: replacing existing signature

CodeSign /Users/ryankrol/Library/Developer/Xcode/DerivedData/Sprout-bvuuttoslfvxdqbxqlhflydjsroa/Build/Products/Debug-iphonesimulator/Sprout.app (in target 'Sprout' from project 'Sprout')
    cd /Users/ryankrol/Development/Sprout-loop
    
    Signing Identity:     "Sign to Run Locally"
    
    /usr/bin/codesign --force --sign - --timestamp\=none --generate-entitlement-der /Users/ryankrol/Library/Developer/Xcode/DerivedData/Sprout-bvuuttoslfvxdqbxqlhflydjsroa/Build/Products/Debug-iphonesimulator/Sprout.app

Validate /Users/ryankrol/Library/Developer/Xcode/DerivedData/Sprout-bvuuttoslfvxdqbxqlhflydjsroa/Build/Products/Debug-iphonesimulator/Sprout.app (in target 'Sprout' from project 'Sprout')
    cd /Users/ryankrol/Development/Sprout-loop
    builtin-validationUtility /Users/ryankrol/Library/Developer/Xcode/DerivedData/Sprout-bvuuttoslfvxdqbxqlhflydjsroa/Build/Products/Debug-iphonesimulator/Sprout.app -shallow-bundle -infoplist-subpath Info.plist

objc[46658]: Class UIAccessibilityLoaderWebShared is implemented in both /Library/Developer/CoreSimulator/Volumes/iOS_23F77/Library/Developer/CoreSimulator/Profiles/Runtimes/iOS 26.5.simruntime/Contents/Resources/RuntimeRoot/System/Library/AccessibilityBundles/WebCore.axbundle/WebCore (0x1113b0310) and /Library/Developer/CoreSimulator/Volumes/iOS_23F77/Library/Developer/CoreSimulator/Profiles/Runtimes/iOS 26.5.simruntime/Contents/Resources/RuntimeRoot/System/Library/AccessibilityBundles/WebKit.axbundle/WebKit (0x106bbc398). This may cause spurious casting failures and mysterious crashes. One of the duplicates must be removed or renamed.
Test Suite 'All tests' started at 2026-07-17 05:56:39.479.
Test Suite 'SproutTests.xctest' started at 2026-07-17 05:56:39.479.
Test Suite 'AdaptiveEngineTests' started at 2026-07-17 05:56:39.479.
Test Case '-[SproutTests.AdaptiveEngineTests testAdjClampLowerBound]' started.
Test Case '-[SproutTests.AdaptiveEngineTests testAdjClampLowerBound]' passed (0.002 seconds).
Test Case '-[SproutTests.AdaptiveEngineTests testAdjClampUpperBound]' started.
Test Case '-[SproutTests.AdaptiveEngineTests testAdjClampUpperBound]' passed (0.001 seconds).
Test Case '-[SproutTests.AdaptiveEngineTests testDroopyDryShortens]' started.
Test Case '-[SproutTests.AdaptiveEngineTests testDroopyDryShortens]' passed (0.000 seconds).
Test Case '-[SproutTests.AdaptiveEngineTests testDroopyMoistMonitors]' started.
Test Case '-[SproutTests.AdaptiveEngineTests testDroopyMoistMonitors]' passed (0.000 seconds).
Test Case '-[SproutTests.AdaptiveEngineTests testDroopyOverridesWetSkipRow]' started.
Test Case '-[SproutTests.AdaptiveEngineTests testDroopyOverridesWetSkipRow]' passed (0.001 seconds).
Test Case '-[SproutTests.AdaptiveEngineTests testDroopyWetLengthensAndIndicatesOverwater]' started.
Test Case '-[SproutTests.AdaptiveEngineTests testDroopyWetLengthensAndIndicatesOverwater]' passed (0.001 seconds).
Test Case '-[SproutTests.AdaptiveEngineTests testDryEarlyBeatsStaysMoistShorten]' started.
Test Case '-[SproutTests.AdaptiveEngineTests testDryEarlyBeatsStaysMoistShorten]' passed (0.000 seconds).
Test Case '-[SproutTests.AdaptiveEngineTests testDryEarlyShortens]' started.
Test Case '-[SproutTests.AdaptiveEngineTests testDryEarlyShortens]' passed (0.000 seconds).
Test Case '-[SproutTests.AdaptiveEngineTests testDryLateShortensForStaysMoist]' started.
Test Case '-[SproutTests.AdaptiveEngineTests testDryLateShortensForStaysMoist]' passed (0.000 seconds).
Test Case '-[SproutTests.AdaptiveEngineTests testDryLateStillHoldsForEvenlyMoist]' started.
Test Case '-[SproutTests.AdaptiveEngineTests testDryLateStillHoldsForEvenlyMoist]' passed (0.001 seconds).
Test Case '-[SproutTests.AdaptiveEngineTests testDryOnTimeHoldsForDriesOut]' started.
Test Case '-[SproutTests.AdaptiveEngineTests testDryOnTimeHoldsForDriesOut]' passed (0.000 seconds).
Test Case '-[SproutTests.AdaptiveEngineTests testDryOnTimeHoldsForEvenlyMoist]' started.
Test Case '-[SproutTests.AdaptiveEngineTests testDryOnTimeHoldsForEvenlyMoist]' passed (0.000 seconds).
Test Case '-[SproutTests.AdaptiveEngineTests testDryOnTimeShortensForStaysMoist]' started.
Test Case '-[SproutTests.AdaptiveEngineTests testDryOnTimeShortensForStaysMoist]' passed (0.001 seconds).
Test Case '-[SproutTests.AdaptiveEngineTests testHoldKeepsAdjUnchanged]' started.
Test Case '-[SproutTests.AdaptiveEngineTests testHoldKeepsAdjUnchanged]' passed (0.001 seconds).
Test Case '-[SproutTests.AdaptiveEngineTests testMoistEarlyLengthens]' started.
Test Case '-[SproutTests.AdaptiveEngineTests testMoistEarlyLengthens]' passed (0.001 seconds).
Test Case '-[SproutTests.AdaptiveEngineTests testMoistOnTimeHolds]' started.
Test Case '-[SproutTests.AdaptiveEngineTests testMoistOnTimeHolds]' passed (0.001 seconds).
Test Case '-[SproutTests.AdaptiveEngineTests testRecommendedWaterButUserDidNotWaterTakesRecheckPath]' started.
Test Case '-[SproutTests.AdaptiveEngineTests testRecommendedWaterButUserDidNotWaterTakesRecheckPath]' passed (0.001 seconds).
Test Case '-[SproutTests.AdaptiveEngineTests testSkipSetsRecheckWindowAndKeepsLastWatered]' started.
Test Case '-[SproutTests.AdaptiveEngineTests testSkipSetsRecheckWindowAndKeepsLastWatered]' passed (0.001 seconds).
Test Case '-[SproutTests.AdaptiveEngineTests testTimingClassification]' started.
Test Case '-[SproutTests.AdaptiveEngineTests testTimingClassification]' passed (0.001 seconds).
Test Case '-[SproutTests.AdaptiveEngineTests testTimingFallsBackToOnTimeWithoutAnchor]' started.
Test Case '-[SproutTests.AdaptiveEngineTests testTimingFallsBackToOnTimeWithoutAnchor]' passed (0.001 seconds).
Test Case '-[SproutTests.AdaptiveEngineTests testWateringAdvancesSchedule]' started.
Test Case '-[SproutTests.AdaptiveEngineTests testWateringAdvancesSchedule]' passed (0.001 seconds).
Test Case '-[SproutTests.AdaptiveEngineTests testWeatherFactorFlowsIntoRecomputedInterval]' started.
Test Case '-[SproutTests.AdaptiveEngineTests testWeatherFactorFlowsIntoRecomputedInterval]' passed (0.001 seconds).
Test Case '-[SproutTests.AdaptiveEngineTests testWetSkipsAndLengthens]' started.
Test Case '-[SproutTests.AdaptiveEngineTests testWetSkipsAndLengthens]' passed (0.004 seconds).
Test Suite 'AdaptiveEngineTests' passed at 2026-07-17 05:56:39.541.
	 Executed 23 tests, with 0 failures (0 unexpected) in 0.018 (0.062) seconds
Test Suite 'BasketAddViewModelTests' started at 2026-07-17 05:56:39.541.
Test Case '-[SproutTests.BasketAddViewModelTests testAddAssignsARandomNameFromThePool]' started.
Test Case '-[SproutTests.BasketAddViewModelTests testAddAssignsARandomNameFromThePool]' passed (0.016 seconds).
Test Case '-[SproutTests.BasketAddViewModelTests testAddSameSpeciesTwiceYieldsDistinctNames]' started.
Test Case '-[SproutTests.BasketAddViewModelTests testAddSameSpeciesTwiceYieldsDistinctNames]' passed (0.007 seconds).
Test Case '-[SproutTests.BasketAddViewModelTests testAutoNamesAreMutuallyUnique]' started.
Test Case '-[SproutTests.BasketAddViewModelTests testAutoNamesAreMutuallyUnique]' passed (0.008 seconds).
Test Case '-[SproutTests.BasketAddViewModelTests testAutoNamesAvoidExistingRepoNicknames]' started.
Test Case '-[SproutTests.BasketAddViewModelTests testAutoNamesAvoidExistingRepoNicknames]' passed (0.053 seconds).
Test Case '-[SproutTests.BasketAddViewModelTests testBackToRoomStepKeepsTheBasket]' started.
Test Case '-[SproutTests.BasketAddViewModelTests testBackToRoomStepKeepsTheBasket]' passed (0.008 seconds).
Test Case '-[SproutTests.BasketAddViewModelTests testCanCommitWithEntries]' started.
Test Case '-[SproutTests.BasketAddViewModelTests testCanCommitWithEntries]' passed (0.007 seconds).
Test Case '-[SproutTests.BasketAddViewModelTests testCannotCommitEmptyBasket]' started.
Test Case '-[SproutTests.BasketAddViewModelTests testCannotCommitEmptyBasket]' passed (0.008 seconds).
Test Case '-[SproutTests.BasketAddViewModelTests testChooseNoRoomStillAdvances]' started.
Test Case '-[SproutTests.BasketAddViewModelTests testChooseNoRoomStillAdvances]' passed (0.008 seconds).
Test Case '-[SproutTests.BasketAddViewModelTests testChooseRoomSelectsItAndAdvancesToPlants]' started.
Test Case '-[SproutTests.BasketAddViewModelTests testChooseRoomSelectsItAndAdvancesToPlants]' passed (0.007 seconds).
Test Case '-[SproutTests.BasketAddViewModelTests testCommitAssignsRoomAndShortensInABrightDryRoom]' started.
Test Case '-[SproutTests.BasketAddViewModelTests testCommitAssignsRoomAndShortensInABrightDryRoom]' passed (0.014 seconds).
Test Case '-[SproutTests.BasketAddViewModelTests testCommitCreatesAllPlantsInBasketOrder]' started.
Test Case '-[SproutTests.BasketAddViewModelTests testCommitCreatesAllPlantsInBasketOrder]' passed (0.013 seconds).
Test Case '-[SproutTests.BasketAddViewModelTests testCommitEmptyBasketThrows]' started.
Test Case '-[SproutTests.BasketAddViewModelTests testCommitEmptyBasketThrows]' passed (0.012 seconds).
Test Case '-[SproutTests.BasketAddViewModelTests testCommitResolvesBlankNameToARandomOne]' started.
Test Case '-[SproutTests.BasketAddViewModelTests testCommitResolvesBlankNameToARandomOne]' passed (0.009 seconds).
Test Case '-[SproutTests.BasketAddViewModelTests testCommitSeedsInitialScheduleFromSpecies]' started.
Test Case '-[SproutTests.BasketAddViewModelTests testCommitSeedsInitialScheduleFromSpecies]' passed (0.011 seconds).
Test Case '-[SproutTests.BasketAddViewModelTests testCreateRoomIgnoresBlankName]' started.
Test Case '-[SproutTests.BasketAddViewModelTests testCreateRoomIgnoresBlankName]' passed (0.012 seconds).
Test Case '-[SproutTests.BasketAddViewModelTests testCreateRoomPersistsSelectsAndAdvances]' started.
Test Case '-[SproutTests.BasketAddViewModelTests testCreateRoomPersistsSelectsAndAdvances]' passed (0.039 seconds).
Test Case '-[SproutTests.BasketAddViewModelTests testFlowStartsOnTheRoomStep]' started.
Test Case '-[SproutTests.BasketAddViewModelTests testFlowStartsOnTheRoomStep]' passed (0.006 seconds).
Test Case '-[SproutTests.BasketAddViewModelTests testRemoveDropsEntry]' started.
Test Case '-[SproutTests.BasketAddViewModelTests testRemoveDropsEntry]' passed (0.007 seconds).
Test Case '-[SproutTests.BasketAddViewModelTests testRenameUpdatesEntry]' started.
Test Case '-[SproutTests.BasketAddViewModelTests testRenameUpdatesEntry]' passed (0.007 seconds).
Test Case '-[SproutTests.BasketAddViewModelTests testRerollChangesTheName]' started.
Test Case '-[SproutTests.BasketAddViewModelTests testRerollChangesTheName]' passed (0.007 seconds).
Test Case '-[SproutTests.BasketAddViewModelTests testRoomFirstCommitLandsEveryPlantInTheChosenRoom]' started.
Test Case '-[SproutTests.BasketAddViewModelTests testRoomFirstCommitLandsEveryPlantInTheChosenRoom]' passed (0.012 seconds).
Test Case '-[SproutTests.BasketAddViewModelTests testSpeciesResultsComeFromCareDatabase]' started.
Test Case '-[SproutTests.BasketAddViewModelTests testSpeciesResultsComeFromCareDatabase]' passed (0.007 seconds).
Test Suite 'BasketAddViewModelTests' passed at 2026-07-17 05:56:39.826.
	 Executed 22 tests, with 0 failures (0 unexpected) in 0.277 (0.285) seconds
Test Suite 'CareDatabaseTests' started at 2026-07-17 05:56:39.826.
Test Case '-[SproutTests.CareDatabaseTests testDecodePreservesFieldsAndMoistureEnum]' started.
Test Case '-[SproutTests.CareDatabaseTests testDecodePreservesFieldsAndMoistureEnum]' passed (0.001 seconds).
Test Case '-[SproutTests.CareDatabaseTests testEmptySearchReturnsFullSortedList]' started.
Test Case '-[SproutTests.CareDatabaseTests testEmptySearchReturnsFullSortedList]' passed (0.001 seconds).
Test Case '-[SproutTests.CareDatabaseTests testLoadBundledThrowsResourceMissingForUnknownResource]' started.
Test Case '-[SproutTests.CareDatabaseTests testLoadBundledThrowsResourceMissingForUnknownResource]' passed (0.002 seconds).
Test Case '-[SproutTests.CareDatabaseTests testLoadSortsBySpeciesCaseInsensitively]' started.
Test Case '-[SproutTests.CareDatabaseTests testLoadSortsBySpeciesCaseInsensitively]' passed (0.001 seconds).
Test Case '-[SproutTests.CareDatabaseTests testSearchIsCaseAndDiacriticInsensitiveSubstring]' started.
Test Case '-[SproutTests.CareDatabaseTests testSearchIsCaseAndDiacriticInsensitiveSubstring]' passed (0.001 seconds).
Test Case '-[SproutTests.CareDatabaseTests testSearchNoMatchReturnsEmpty]' started.
Test Case '-[SproutTests.CareDatabaseTests testSearchNoMatchReturnsEmpty]' passed (0.001 seconds).
Test Case '-[SproutTests.CareDatabaseTests testShippedDatabaseDecodesAndValidates]' started.
Test Case '-[SproutTests.CareDatabaseTests testShippedDatabaseDecodesAndValidates]' passed (0.005 seconds).
Test Case '-[SproutTests.CareDatabaseTests testValidatorAcceptsCleanDataset]' started.
Test Case '-[SproutTests.CareDatabaseTests testValidatorAcceptsCleanDataset]' passed (0.000 seconds).
Test Case '-[SproutTests.CareDatabaseTests testValidatorRejectsDuplicateSpecies]' started.
Test Case '-[SproutTests.CareDatabaseTests testValidatorRejectsDuplicateSpecies]' passed (0.002 seconds).
Test Case '-[SproutTests.CareDatabaseTests testValidatorRejectsMalformedRecord]' started.
Test Case '-[SproutTests.CareDatabaseTests testValidatorRejectsMalformedRecord]' passed (0.000 seconds).
Test Case '-[SproutTests.CareDatabaseTests testValidFileDecodesAndValidates]' started.
Test Case '-[SproutTests.CareDatabaseTests testValidFileDecodesAndValidates]' passed (0.000 seconds).
Test Suite 'CareDatabaseTests' passed at 2026-07-17 05:56:39.847.
	 Executed 11 tests, with 0 failures (0 unexpected) in 0.013 (0.020) seconds
Test Suite 'CheckInViewModelTests' started at 2026-07-17 05:56:39.847.
Test Case '-[SproutTests.CheckInViewModelTests testCheckInIsPersistedToHistory]' started.
Test Case '-[SproutTests.CheckInViewModelTests testCheckInIsPersistedToHistory]' passed (0.052 seconds).
Test Case '-[SproutTests.CheckInViewModelTests testDroopyDryWatersAndShortens]' started.
Test Case '-[SproutTests.CheckInViewModelTests testDroopyDryWatersAndShortens]' passed (0.010 seconds).
Test Case '-[SproutTests.CheckInViewModelTests testDroopyMoistMonitors]' started.
Test Case '-[SproutTests.CheckInViewModelTests testDroopyMoistMonitors]' passed (0.009 seconds).
Test Case '-[SproutTests.CheckInViewModelTests testDroopyWetSkipsAndLengthens]' started.
Test Case '-[SproutTests.CheckInViewModelTests testDroopyWetSkipsAndLengthens]' passed (0.009 seconds).
Test Case '-[SproutTests.CheckInViewModelTests testDryFineEarlyShortensAndWaters]' started.
Test Case '-[SproutTests.CheckInViewModelTests testDryFineEarlyShortensAndWaters]' passed (0.009 seconds).
Test Case '-[SproutTests.CheckInViewModelTests testDryFineOnTimeDriesOutHolds]' started.
Test Case '-[SproutTests.CheckInViewModelTests testDryFineOnTimeDriesOutHolds]' passed (0.010 seconds).
Test Case '-[SproutTests.CheckInViewModelTests testDryFineStaysMoistShortens]' started.
Test Case '-[SproutTests.CheckInViewModelTests testDryFineStaysMoistShortens]' passed (0.010 seconds).
Test Case '-[SproutTests.CheckInViewModelTests testMissingPlantSetsLoadFailed]' started.
Test Case '-[SproutTests.CheckInViewModelTests testMissingPlantSetsLoadFailed]' passed (0.006 seconds).
Test Case '-[SproutTests.CheckInViewModelTests testMoistFineEarlyLengthensSlightly]' started.
Test Case '-[SproutTests.CheckInViewModelTests testMoistFineEarlyLengthensSlightly]' passed (0.010 seconds).
Test Case '-[SproutTests.CheckInViewModelTests testMoistFineOnTimeWatersLightly]' started.
Test Case '-[SproutTests.CheckInViewModelTests testMoistFineOnTimeWatersLightly]' passed (0.010 seconds).
Test Case '-[SproutTests.CheckInViewModelTests testRecommendedWaterButUserDidNotWaterDoesNotAdvanceSchedule]' started.
Test Case '-[SproutTests.CheckInViewModelTests testRecommendedWaterButUserDidNotWaterDoesNotAdvanceSchedule]' passed (0.011 seconds).
Test Case '-[SproutTests.CheckInViewModelTests testResultMessageReflectsReason]' started.
Test Case '-[SproutTests.CheckInViewModelTests testResultMessageReflectsReason]' passed (0.012 seconds).
Test Case '-[SproutTests.CheckInViewModelTests testUnknownSpeciesCannotCheckIn]' started.
Test Case '-[SproutTests.CheckInViewModelTests testUnknownSpeciesCannotCheckIn]' passed (0.007 seconds).
Test Case '-[SproutTests.CheckInViewModelTests testWetSoilSkipsLengthensAndDoesNotWater]' started.
Test Case '-[SproutTests.CheckInViewModelTests testWetSoilSkipsLengthensAndDoesNotWater]' passed (0.010 seconds).
Test Suite 'CheckInViewModelTests' passed at 2026-07-17 05:56:40.025.
	 Executed 14 tests, with 0 failures (0 unexpected) in 0.174 (0.178) seconds
Test Suite 'DisplayFormattingTests' started at 2026-07-17 05:56:40.025.
Test Case '-[SproutTests.DisplayFormattingTests testCapitalisesEachWordsFirstLetter]' started.
Test Case '-[SproutTests.DisplayFormattingTests testCapitalisesEachWordsFirstLetter]' passed (0.001 seconds).
Test Case '-[SproutTests.DisplayFormattingTests testHandlesEmptyAndSingleWord]' started.
Test Case '-[SproutTests.DisplayFormattingTests testHandlesEmptyAndSingleWord]' passed (0.000 seconds).
Test Case '-[SproutTests.DisplayFormattingTests testPaletteColourIsStableForSameID]' started.
Test Case '-[SproutTests.DisplayFormattingTests testPaletteColourIsStableForSameID]' passed (0.000 seconds).
Test Case '-[SproutTests.DisplayFormattingTests testPaletteHasTenDistinctColours]' started.
Test Case '-[SproutTests.DisplayFormattingTests testPaletteHasTenDistinctColours]' passed (0.000 seconds).
Test Case '-[SproutTests.DisplayFormattingTests testPreservesExistingCapitalsAndPunctuation]' started.
Test Case '-[SproutTests.DisplayFormattingTests testPreservesExistingCapitalsAndPunctuation]' passed (0.000 seconds).
Test Suite 'DisplayFormattingTests' passed at 2026-07-17 05:56:40.029.
	 Executed 5 tests, with 0 failures (0 unexpected) in 0.002 (0.003) seconds
Test Suite 'GuidedWateringCoordinatorTests' started at 2026-07-17 05:56:40.031.
Test Case '-[SproutTests.GuidedWateringCoordinatorTests testConfirmWateredPersistsAndAdvances]' started.
Test Case '-[SproutTests.GuidedWateringCoordinatorTests testConfirmWateredPersistsAndAdvances]' passed (0.014 seconds).
Test Case '-[SproutTests.GuidedWateringCoordinatorTests testEmptySetFinishesImmediately]' started.
Test Case '-[SproutTests.GuidedWateringCoordinatorTests testEmptySetFinishesImmediately]' passed (0.006 seconds).
Test Case '-[SproutTests.GuidedWateringCoordinatorTests testInputsResetBetweenPlants]' started.
Test Case '-[SproutTests.GuidedWateringCoordinatorTests testInputsResetBetweenPlants]' passed (0.011 seconds).
Test Case '-[SproutTests.GuidedWateringCoordinatorTests testPreviewDoesNotPersist]' started.
Test Case '-[SproutTests.GuidedWateringCoordinatorTests testPreviewDoesNotPersist]' passed (0.023 seconds).
Test Case '-[SproutTests.GuidedWateringCoordinatorTests testSkipAdvancesWithoutPersisting]' started.
Test Case '-[SproutTests.GuidedWateringCoordinatorTests testSkipAdvancesWithoutPersisting]' passed (0.008 seconds).
Test Case '-[SproutTests.GuidedWateringCoordinatorTests testStartsOnFirstPlant]' started.
Test Case '-[SproutTests.GuidedWateringCoordinatorTests testStartsOnFirstPlant]' passed (0.007 seconds).
Test Case '-[SproutTests.GuidedWateringCoordinatorTests testWalkingAllPlantsFinishes]' started.
Test Case '-[SproutTests.GuidedWateringCoordinatorTests testWalkingAllPlantsFinishes]' passed (0.015 seconds).
Test Suite 'GuidedWateringCoordinatorTests' passed at 2026-07-17 05:56:40.116.
	 Executed 7 tests, with 0 failures (0 unexpected) in 0.084 (0.086) seconds
Test Suite 'HomeHeroTests' started at 2026-07-17 05:56:40.117.
Test Case '-[SproutTests.HomeHeroTests testAllWateredNextUpLine1Day]' started.
Test Case '-[SproutTests.HomeHeroTests testAllWateredNextUpLine1Day]' passed (0.001 seconds).
Test Case '-[SproutTests.HomeHeroTests testAllWateredNextUpLineMultipleDays]' started.
Test Case '-[SproutTests.HomeHeroTests testAllWateredNextUpLineMultipleDays]' passed (0.000 seconds).
Test Case '-[SproutTests.HomeHeroTests testButtonLabelFor1Plant]' started.
Test Case '-[SproutTests.HomeHeroTests testButtonLabelFor1Plant]' passed (0.000 seconds).
Test Case '-[SproutTests.HomeHeroTests testButtonLabelFor2Plants]' started.
Test Case '-[SproutTests.HomeHeroTests testButtonLabelFor2Plants]' passed (0.000 seconds).
Test Case '-[SproutTests.HomeHeroTests testButtonLabelFor5Plants]' started.
Test Case '-[SproutTests.HomeHeroTests testButtonLabelFor5Plants]' passed (0.000 seconds).
Test Case '-[SproutTests.HomeHeroTests testGreetingEyebrowAtHour14Afternoon]' started.
Test Case '-[SproutTests.HomeHeroTests testGreetingEyebrowAtHour14Afternoon]' passed (0.001 seconds).
Test Case '-[SproutTests.HomeHeroTests testGreetingEyebrowAtHour21Evening]' started.
Test Case '-[SproutTests.HomeHeroTests testGreetingEyebrowAtHour21Evening]' passed (0.000 seconds).
Test Case '-[SproutTests.HomeHeroTests testGreetingEyebrowAtHour9Morning]' started.
Test Case '-[SproutTests.HomeHeroTests testGreetingEyebrowAtHour9Morning]' passed (0.000 seconds).
Test Case '-[SproutTests.HomeHeroTests testGreetingFor1PlantDue]' started.
Test Case '-[SproutTests.HomeHeroTests testGreetingFor1PlantDue]' passed (0.018 seconds).
Test Case '-[SproutTests.HomeHeroTests testGreetingFor3PlantsDue]' started.
Test Case '-[SproutTests.HomeHeroTests testGreetingFor3PlantsDue]' passed (0.000 seconds).
Test Case '-[SproutTests.HomeHeroTests testGreetingForEmptyState]' started.
Test Case '-[SproutTests.HomeHeroTests testGreetingForEmptyState]' passed (0.000 seconds).
Test Case '-[SproutTests.HomeHeroTests testGreetingHeadlineForDue2Plants]' started.
Test Case '-[SproutTests.HomeHeroTests testGreetingHeadlineForDue2Plants]' passed (0.000 seconds).
Test Suite 'HomeHeroTests' passed at 2026-07-17 05:56:40.142.
	 Executed 12 tests, with 0 failures (0 unexpected) in 0.023 (0.025) seconds
Test Suite 'HomeTileTextTests' started at 2026-07-17 05:56:40.142.
Test Case '-[SproutTests.HomeTileTextTests testCheckInSubtitleAlwaysCoversEveryPlant]' started.
Test Case '-[SproutTests.HomeTileTextTests testCheckInSubtitleAlwaysCoversEveryPlant]' passed (0.000 seconds).
Test Case '-[SproutTests.HomeTileTextTests testPlantsSubtitleEmptyPrompts]' started.
Test Case '-[SproutTests.HomeTileTextTests testPlantsSubtitleEmptyPrompts]' passed (0.001 seconds).
Test Case '-[SproutTests.HomeTileTextTests testPlantsSubtitleSingularAndPlural]' started.
Test Case '-[SproutTests.HomeTileTextTests testPlantsSubtitleSingularAndPlural]' passed (0.001 seconds).
Test Case '-[SproutTests.HomeTileTextTests testRoomsSubtitleEmptyPrompts]' started.
Test Case '-[SproutTests.HomeTileTextTests testRoomsSubtitleEmptyPrompts]' passed (0.001 seconds).
Test Case '-[SproutTests.HomeTileTextTests testRoomsSubtitleSingularAndPlural]' started.
Test Case '-[SproutTests.HomeTileTextTests testRoomsSubtitleSingularAndPlural]' passed (0.001 seconds).
Test Case '-[SproutTests.HomeTileTextTests testStatusLineGreeting]' started.
Test Case '-[SproutTests.HomeTileTextTests testStatusLineGreeting]' passed (0.001 seconds).
Test Case '-[SproutTests.HomeTileTextTests testWaterSubtitleReflectsDueCount]' started.
Test Case '-[SproutTests.HomeTileTextTests testWaterSubtitleReflectsDueCount]' passed (0.000 seconds).
Test Suite 'HomeTileTextTests' passed at 2026-07-17 05:56:40.153.
	 Executed 7 tests, with 0 failures (0 unexpected) in 0.004 (0.011) seconds
Test Suite 'ModelTests' started at 2026-07-17 05:56:40.157.
Test Case '-[SproutTests.ModelTests testCareProfileCodableRoundTrip]' started.
Test Case '-[SproutTests.ModelTests testCareProfileCodableRoundTrip]' passed (0.002 seconds).
Test Case '-[SproutTests.ModelTests testCareProfileConstruction]' started.
Test Case '-[SproutTests.ModelTests testCareProfileConstruction]' passed (0.001 seconds).
Test Case '-[SproutTests.ModelTests testCareProfileDecodesFromDatabaseShapedJSON]' started.
Test Case '-[SproutTests.ModelTests testCareProfileDecodesFromDatabaseShapedJSON]' passed (0.001 seconds).
Test Case '-[SproutTests.ModelTests testCareProfileInvalidWhenBaseAboveMax]' started.
Test Case '-[SproutTests.ModelTests testCareProfileInvalidWhenBaseAboveMax]' passed (0.000 seconds).
Test Case '-[SproutTests.ModelTests testCareProfileInvalidWhenBaseBelowMin]' started.
Test Case '-[SproutTests.ModelTests testCareProfileInvalidWhenBaseBelowMin]' passed (0.000 seconds).
Test Case '-[SproutTests.ModelTests testCareProfileInvalidWhenMinNotPositive]' started.
Test Case '-[SproutTests.ModelTests testCareProfileInvalidWhenMinNotPositive]' passed (0.003 seconds).
Test Case '-[SproutTests.ModelTests testCareProfileInvalidWhenSpeciesBlank]' started.
Test Case '-[SproutTests.ModelTests testCareProfileInvalidWhenSpeciesBlank]' passed (0.000 seconds).
Test Case '-[SproutTests.ModelTests testCareProfileValidWhenIntervalsEqual]' started.
Test Case '-[SproutTests.ModelTests testCareProfileValidWhenIntervalsEqual]' passed (0.000 seconds).
Test Case '-[SproutTests.ModelTests testCareProfileValidWhenIntervalsOrdered]' started.
Test Case '-[SproutTests.ModelTests testCareProfileValidWhenIntervalsOrdered]' passed (0.000 seconds).
Test Case '-[SproutTests.ModelTests testCheckInConstructionAndCodable]' started.
Test Case '-[SproutTests.ModelTests testCheckInConstructionAndCodable]' passed (0.002 seconds).
Test Case '-[SproutTests.ModelTests testCheckInIdentityIsStable]' started.
Test Case '-[SproutTests.ModelTests testCheckInIdentityIsStable]' passed (0.001 seconds).
Test Case '-[SproutTests.ModelTests testEnumRawValuesMatchJSONContract]' started.
Test Case '-[SproutTests.ModelTests testEnumRawValuesMatchJSONContract]' passed (0.000 seconds).
Test Case '-[SproutTests.ModelTests testPlantAccumulatesCheckIns]' started.
Test Case '-[SproutTests.ModelTests testPlantAccumulatesCheckIns]' passed (0.001 seconds).
Test Case '-[SproutTests.ModelTests testPlantAdjRangeConstant]' started.
Test Case '-[SproutTests.ModelTests testPlantAdjRangeConstant]' passed (0.001 seconds).
Test Case '-[SproutTests.ModelTests testPlantDefaults]' started.
Test Case '-[SproutTests.ModelTests testPlantDefaults]' passed (0.000 seconds).
Test Case '-[SproutTests.ModelTests testPlantEquatableAndCodableRoundTrip]' started.
Test Case '-[SproutTests.ModelTests testPlantEquatableAndCodableRoundTrip]' passed (0.002 seconds).
Test Suite 'ModelTests' passed at 2026-07-17 05:56:40.177.
	 Executed 16 tests, with 0 failures (0 unexpected) in 0.015 (0.020) seconds
Test Suite 'NotificationGatekeeperTests' started at 2026-07-17 05:56:40.177.
Test Case '-[SproutTests.NotificationGatekeeperTests testEnableFromDeniedOpensSettings]' started.
Test Case '-[SproutTests.NotificationGatekeeperTests testEnableFromDeniedOpensSettings]' passed (0.010 seconds).
Test Case '-[SproutTests.NotificationGatekeeperTests testEnableFromNotDeterminedPromptsAndSchedules]' started.
Test Case '-[SproutTests.NotificationGatekeeperTests testEnableFromNotDeterminedPromptsAndSchedules]' passed (0.010 seconds).
Test Case '-[SproutTests.NotificationGatekeeperTests testNeedsAttentionOnlyWhenNotEnabled]' started.
Test Case '-[SproutTests.NotificationGatekeeperTests testNeedsAttentionOnlyWhenNotEnabled]' passed (0.001 seconds).
Test Case '-[SproutTests.NotificationGatekeeperTests testStatusMapping]' started.
Test Case '-[SproutTests.NotificationGatekeeperTests testStatusMapping]' passed (0.001 seconds).
Test Suite 'NotificationGatekeeperTests' passed at 2026-07-17 05:56:40.203.
	 Executed 4 tests, with 0 failures (0 unexpected) in 0.021 (0.026) seconds
Test Suite 'NotificationSchedulingTests' started at 2026-07-17 05:56:40.203.
Test Case '-[SproutTests.NotificationSchedulingTests testDailyDigestGroupsByDayAndFoldsOverdueIntoToday]' started.
Test Case '-[SproutTests.NotificationSchedulingTests testDailyDigestGroupsByDayAndFoldsOverdueIntoToday]' passed (0.001 seconds).
Test Case '-[SproutTests.NotificationSchedulingTests testDeniedAuthorizationSchedulesNothing]' started.
Test Case '-[SproutTests.NotificationSchedulingTests testDeniedAuthorizationSchedulesNothing]' passed (0.001 seconds).
Test Case '-[SproutTests.NotificationSchedulingTests testRefreshReplacesRatherThanStacks]' started.
Test Case '-[SproutTests.NotificationSchedulingTests testRefreshReplacesRatherThanStacks]' passed (0.001 seconds).
Test Case '-[SproutTests.NotificationSchedulingTests testRefreshWithNoDuePlantsClearsReminders]' started.
Test Case '-[SproutTests.NotificationSchedulingTests testRefreshWithNoDuePlantsClearsReminders]' passed (0.001 seconds).
Test Case '-[SproutTests.NotificationSchedulingTests testReminderBodyCountsPlantsDueThatDay]' started.
Test Case '-[SproutTests.NotificationSchedulingTests testReminderBodyCountsPlantsDueThatDay]' passed (0.001 seconds).
Test Case '-[SproutTests.NotificationSchedulingTests testRequestAuthorizationReturnsGrantedDecision]' started.
Test Case '-[SproutTests.NotificationSchedulingTests testRequestAuthorizationReturnsGrantedDecision]' passed (0.001 seconds).
Test Case '-[SproutTests.NotificationSchedulingTests testSchedulesOneReminderPerDueDayAtReminderHour]' started.
Test Case '-[SproutTests.NotificationSchedulingTests testSchedulesOneReminderPerDueDayAtReminderHour]' passed (0.002 seconds).
Test Case '-[SproutTests.NotificationSchedulingTests testSendTestReminderSchedulesATimeIntervalRequest]' started.
Test Case '-[SproutTests.NotificationSchedulingTests testSendTestReminderSchedulesATimeIntervalRequest]' passed (0.001 seconds).
Test Case '-[SproutTests.NotificationSchedulingTests testSinglePlantBodyUsesSingular]' started.
Test Case '-[SproutTests.NotificationSchedulingTests testSinglePlantBodyUsesSingular]' passed (0.001 seconds).
Test Suite 'NotificationSchedulingTests' passed at 2026-07-17 05:56:40.214.
	 Executed 9 tests, with 0 failures (0 unexpected) in 0.008 (0.010) seconds
Test Suite 'PersistenceTests' started at 2026-07-17 05:56:40.214.
Test Case '-[SproutTests.PersistenceTests testAddCheckInAppends]' started.
Test Case '-[SproutTests.PersistenceTests testAddCheckInAppends]' passed (0.018 seconds).
Test Case '-[SproutTests.PersistenceTests testAddCheckInMissingPlantThrows]' started.
Test Case '-[SproutTests.PersistenceTests testAddCheckInMissingPlantThrows]' passed (0.008 seconds).
Test Case '-[SproutTests.PersistenceTests testAddPlantWithNoCheckIns]' started.
Test Case '-[SproutTests.PersistenceTests testAddPlantWithNoCheckIns]' passed (0.007 seconds).
Test Case '-[SproutTests.PersistenceTests testAllPlantsEmptyStore]' started.
Test Case '-[SproutTests.PersistenceTests testAllPlantsEmptyStore]' passed (0.006 seconds).
Test Case '-[SproutTests.PersistenceTests testAllPlantsSortedByNickname]' started.
Test Case '-[SproutTests.PersistenceTests testAllPlantsSortedByNickname]' passed (0.009 seconds).
Test Case '-[SproutTests.PersistenceTests testAllRoomsSortedByName]' started.
Test Case '-[SproutTests.PersistenceTests testAllRoomsSortedByName]' passed (0.008 seconds).
Test Case '-[SproutTests.PersistenceTests testCheckInsReturnedChronologically]' started.
Test Case '-[SproutTests.PersistenceTests testCheckInsReturnedChronologically]' passed (0.011 seconds).
Test Case '-[SproutTests.PersistenceTests testDeleteAllOnEmptyStoreIsNoOp]' started.
Test Case '-[SproutTests.PersistenceTests testDeleteAllOnEmptyStoreIsNoOp]' passed (0.006 seconds).
Test Case '-[SproutTests.PersistenceTests testDeleteAllPlantsAndRoomsEmptiesStore]' started.
Test Case '-[SproutTests.PersistenceTests testDeleteAllPlantsAndRoomsEmptiesStore]' passed (0.019 seconds).
Test Case '-[SproutTests.PersistenceTests testDeleteAllRoomsKeepsPlantsButClearsRoomID]' started.
Test Case '-[SproutTests.PersistenceTests testDeleteAllRoomsKeepsPlantsButClearsRoomID]' passed (0.009 seconds).
Test Case '-[SproutTests.PersistenceTests testDeleteMissingPlantThrows]' started.
Test Case '-[SproutTests.PersistenceTests testDeleteMissingPlantThrows]' passed (0.006 seconds).
Test Case '-[SproutTests.PersistenceTests testDeleteMissingRoomThrows]' started.
Test Case '-[SproutTests.PersistenceTests testDeleteMissingRoomThrows]' passed (0.009 seconds).
Test Case '-[SproutTests.PersistenceTests testDeleteRemovesPlantAndCascadesCheckIns]' started.
Test Case '-[SproutTests.PersistenceTests testDeleteRemovesPlantAndCascadesCheckIns]' passed (0.012 seconds).
Test Case '-[SproutTests.PersistenceTests testDeleteRoomNilsAssignedPlantsButKeepsThem]' started.
Test Case '-[SproutTests.PersistenceTests testDeleteRoomNilsAssignedPlantsButKeepsThem]' passed (0.010 seconds).
Test Case '-[SproutTests.PersistenceTests testPlantIconRoundTrips]' started.
Test Case '-[SproutTests.PersistenceTests testPlantIconRoundTrips]' passed (0.007 seconds).
Test Case '-[SproutTests.PersistenceTests testPlantNotFoundReturnsNil]' started.
Test Case '-[SproutTests.PersistenceTests testPlantNotFoundReturnsNil]' passed (0.006 seconds).
Test Case '-[SproutTests.PersistenceTests testPlantPhotoRoundTrips]' started.
Test Case '-[SproutTests.PersistenceTests testPlantPhotoRoundTrips]' passed (0.009 seconds).
Test Case '-[SproutTests.PersistenceTests testPlantRoomIDRoundTrips]' started.
Test Case '-[SproutTests.PersistenceTests testPlantRoomIDRoundTrips]' passed (0.008 seconds).
Test Case '-[SproutTests.PersistenceTests testPlantWithoutPhotoRoundTripsAsNil]' started.
Test Case '-[SproutTests.PersistenceTests testPlantWithoutPhotoRoundTripsAsNil]' passed (0.007 seconds).
Test Case '-[SproutTests.PersistenceTests testPlantWithoutRoomRoundTripsAsNil]' started.
Test Case '-[SproutTests.PersistenceTests testPlantWithoutRoomRoundTripsAsNil]' passed (0.007 seconds).
Test Case '-[SproutTests.PersistenceTests testRoomLightLevelsRoundTrip]' started.
Test Case '-[SproutTests.PersistenceTests testRoomLightLevelsRoundTrip]' passed (0.007 seconds).
Test Case '-[SproutTests.PersistenceTests testRoomRoundTrips]' started.
Test Case '-[SproutTests.PersistenceTests testRoomRoundTrips]' passed (0.007 seconds).
Test Case '-[SproutTests.PersistenceTests testRoundTripPlantWithCheckIns]' started.
Test Case '-[SproutTests.PersistenceTests testRoundTripPlantWithCheckIns]' passed (0.008 seconds).
Test Case '-[SproutTests.PersistenceTests testStoredPlantWithGarbageIconNameFallsBackToSpeciesDefault]' started.
Test Case '-[SproutTests.PersistenceTests testStoredPlantWithGarbageIconNameFallsBackToSpeciesDefault]' passed (0.010 seconds).
Test Case '-[SproutTests.PersistenceTests testStoredPlantWithNilIconNameFallsBackToSpeciesDefault]' started.
Test Case '-[SproutTests.PersistenceTests testStoredPlantWithNilIconNameFallsBackToSpeciesDefault]' passed (0.008 seconds).
Test Case '-[SproutTests.PersistenceTests testUpdateMissingPlantThrows]' started.
Test Case '-[SproutTests.PersistenceTests testUpdateMissingPlantThrows]' passed (0.006 seconds).
Test Case '-[SproutTests.PersistenceTests testUpdateMissingRoomThrows]' started.
Test Case '-[SproutTests.PersistenceTests testUpdateMissingRoomThrows]' passed (0.005 seconds).
Test Case '-[SproutTests.PersistenceTests testUpdatePersistsIcon]' started.
Test Case '-[SproutTests.PersistenceTests testUpdatePersistsIcon]' passed (0.008 seconds).
Test Case '-[SproutTests.PersistenceTests testUpdateRoomLightLevelsPersist]' started.
Test Case '-[SproutTests.PersistenceTests testUpdateRoomLightLevelsPersist]' passed (0.008 seconds).
Test Case '-[SproutTests.PersistenceTests testUpdateRoomPersists]' started.
Test Case '-[SproutTests.PersistenceTests testUpdateRoomPersists]' passed (0.008 seconds).
Test Case '-[SproutTests.PersistenceTests testUpdateScalarsPersistsAndKeepsCheckIns]' started.
Test Case '-[SproutTests.PersistenceTests testUpdateScalarsPersistsAndKeepsCheckIns]' passed (0.008 seconds).
Test Case '-[SproutTests.PersistenceTests testUpdateSetsAndClearsPhoto]' started.
Test Case '-[SproutTests.PersistenceTests testUpdateSetsAndClearsPhoto]' passed (0.010 seconds).
Test Suite 'PersistenceTests' passed at 2026-07-17 05:56:40.498.
	 Executed 32 tests, with 0 failures (0 unexpected) in 0.274 (0.284) seconds
Test Suite 'PhotoCaptureCoordinatorTests' started at 2026-07-17 05:56:40.498.
Test Case '-[SproutTests.PhotoCaptureCoordinatorTests testBannerNamesCurrentPlant]' started.
2026-07-17 05:56:40.504335+0100 Sprout[46658:3751552] [diag] PhotoCaptureCoordinator init — targets=3, camera=StubPhotoCapturing, available=false
🌱 05:56:40.504  PhotoCaptureCoordinator init — targets=3, camera=StubPhotoCapturing, available=false
Test Case '-[SproutTests.PhotoCaptureCoordinatorTests testBannerNamesCurrentPlant]' passed (0.010 seconds).
Test Case '-[SproutTests.PhotoCaptureCoordinatorTests testCameraAvailabilityReflectsTheSource]' started.
2026-07-17 05:56:40.514443+0100 Sprout[46658:3751552] [diag] PhotoCaptureCoordinator init — targets=3, camera=StubPhotoCapturing, available=false
🌱 05:56:40.514  PhotoCaptureCoordinator init — targets=3, camera=StubPhotoCapturing, available=false
2026-07-17 05:56:40.514523+0100 Sprout[46658:3751552] [diag] PhotoCaptureCoordinator init — targets=3, camera=StubPhotoCapturing, available=true
🌱 05:56:40.514  PhotoCaptureCoordinator init — targets=3, camera=StubPhotoCapturing, available=true
Test Case '-[SproutTests.PhotoCaptureCoordinatorTests testCameraAvailabilityReflectsTheSource]' passed (0.008 seconds).
Test Case '-[SproutTests.PhotoCaptureCoordinatorTests testCaptureSavesPhotoAndAdvances]' started.
2026-07-17 05:56:40.528247+0100 Sprout[46658:3751552] [diag] PhotoCaptureCoordinator init — targets=3, camera=StubPhotoCapturing, available=false
🌱 05:56:40.528  PhotoCaptureCoordinator init — targets=3, camera=StubPhotoCapturing, available=false
2026-07-17 05:56:40.528388+0100 Sprout[46658:3751552] [diag] coordinator.captureCurrent — plant 1/3 'Violet'
🌱 05:56:40.528  coordinator.captureCurrent — plant 1/3 'Violet'
2026-07-17 05:56:40.528451+0100 Sprout[46658:3751552] [diag] StubPhotoCapturing.capture() — returning demo image
🌱 05:56:40.528  StubPhotoCapturing.capture() — returning demo image
2026-07-17 05:56:40.548339+0100 Sprout[46658:3751552] [diag] coordinator.captureCurrent — got image, saving + advancing
🌱 05:56:40.548  coordinator.captureCurrent — got image, saving + advancing
Test Case '-[SproutTests.PhotoCaptureCoordinatorTests testCaptureSavesPhotoAndAdvances]' passed (0.039 seconds).
Test Case '-[SproutTests.PhotoCaptureCoordinatorTests testEmptyTargetsFinishImmediately]' started.
2026-07-17 05:56:40.562170+0100 Sprout[46658:3751552] [diag] PhotoCaptureCoordinator init — targets=0, camera=StubPhotoCapturing, available=false
🌱 05:56:40.562  PhotoCaptureCoordinator init — targets=0, camera=StubPhotoCapturing, available=false
Test Case '-[SproutTests.PhotoCaptureCoordinatorTests testEmptyTargetsFinishImmediately]' passed (0.008 seconds).
Test Case '-[SproutTests.PhotoCaptureCoordinatorTests testFailedCaptureStaysAndDoesNotSave]' started.
2026-07-17 05:56:40.570416+0100 Sprout[46658:3751552] [diag] PhotoCaptureCoordinator init — targets=3, camera=StubPhotoCapturing, available=false
🌱 05:56:40.570  PhotoCaptureCoordinator init — targets=3, camera=StubPhotoCapturing, available=false
2026-07-17 05:56:40.570493+0100 Sprout[46658:3751552] [diag] coordinator.captureCurrent — plant 1/3 'Violet'
🌱 05:56:40.570  coordinator.captureCurrent — plant 1/3 'Violet'
2026-07-17 05:56:40.570534+0100 Sprout[46658:3751552] [diag] StubPhotoCapturing.capture() — returning nil
🌱 05:56:40.570  StubPhotoCapturing.capture() — returning nil
2026-07-17 05:56:40.570584+0100 Sprout[46658:3751552] [diag] coordinator.captureCurrent — no image (stayed on current)
🌱 05:56:40.570  coordinator.captureCurrent — no image (stayed on current)
Test Case '-[SproutTests.PhotoCaptureCoordinatorTests testFailedCaptureStaysAndDoesNotSave]' passed (0.009 seconds).
Test Case '-[SproutTests.PhotoCaptureCoordinatorTests testSkipAdvancesWithoutSaving]' started.
2026-07-17 05:56:40.579075+0100 Sprout[46658:3751552] [diag] PhotoCaptureCoordinator init — targets=3, camera=StubPhotoCapturing, available=false
🌱 05:56:40.579  PhotoCaptureCoordinator init — targets=3, camera=StubPhotoCapturing, available=false
Test Case '-[SproutTests.PhotoCaptureCoordinatorTests testSkipAdvancesWithoutSaving]' passed (0.008 seconds).
Test Case '-[SproutTests.PhotoCaptureCoordinatorTests testStartsOnFirstTarget]' started.
2026-07-17 05:56:40.587312+0100 Sprout[46658:3751552] [diag] PhotoCaptureCoordinator init — targets=3, camera=StubPhotoCapturing, available=false
🌱 05:56:40.587  PhotoCaptureCoordinator init — targets=3, camera=StubPhotoCapturing, available=false
Test Case '-[SproutTests.PhotoCaptureCoordinatorTests testStartsOnFirstTarget]' passed (0.008 seconds).
Test Case '-[SproutTests.PhotoCaptureCoordinatorTests testWalkingAllTargetsFinishes]' started.
2026-07-17 05:56:40.595632+0100 Sprout[46658:3751552] [diag] PhotoCaptureCoordinator init — targets=3, camera=StubPhotoCapturing, available=false
🌱 05:56:40.595  PhotoCaptureCoordinator init — targets=3, camera=StubPhotoCapturing, available=false
2026-07-17 05:56:40.595738+0100 Sprout[46658:3751552] [diag] coordinator.captureCurrent — plant 1/3 'Violet'
🌱 05:56:40.595  coordinator.captureCurrent — plant 1/3 'Violet'
2026-07-17 05:56:40.595780+0100 Sprout[46658:3751552] [diag] StubPhotoCapturing.capture() — returning demo image
🌱 05:56:40.595  StubPhotoCapturing.capture() — returning demo image
2026-07-17 05:56:40.599647+0100 Sprout[46658:3751552] [diag] coordinator.captureCurrent — got image, saving + advancing
🌱 05:56:40.599  coordinator.captureCurrent — got image, saving + advancing
2026-07-17 05:56:40.601370+0100 Sprout[46658:3751552] [diag] coordinator.captureCurrent — plant 3/3 'Ava'
🌱 05:56:40.601  coordinator.captureCurrent — plant 3/3 'Ava'
2026-07-17 05:56:40.601433+0100 Sprout[46658:3751552] [diag] StubPhotoCapturing.capture() — returning demo image
🌱 05:56:40.601  StubPhotoCapturing.capture() — returning demo image
2026-07-17 05:56:40.605182+0100 Sprout[46658:3751552] [diag] coordinator.captureCurrent — got image, saving + advancing
🌱 05:56:40.605  coordinator.captureCurrent — got image, saving + advancing
Test Case '-[SproutTests.PhotoCaptureCoordinatorTests testWalkingAllTargetsFinishes]' passed (0.020 seconds).
Test Suite 'PhotoCaptureCoordinatorTests' passed at 2026-07-17 05:56:40.610.
	 Executed 8 tests, with 0 failures (0 unexpected) in 0.110 (0.112) seconds
Test Suite 'PhotoPromptTextTests' started at 2026-07-17 05:56:40.610.
Test Case '-[SproutTests.PhotoPromptTextTests testListHeaderCountsPlants]' started.
Test Case '-[SproutTests.PhotoPromptTextTests testListHeaderCountsPlants]' passed (0.001 seconds).
Test Case '-[SproutTests.PhotoPromptTextTests testSubtitleOffersSkipInBothForms]' started.
Test Case '-[SproutTests.PhotoPromptTextTests testSubtitleOffersSkipInBothForms]' passed (0.000 seconds).
Test Case '-[SproutTests.PhotoPromptTextTests testTitleSingularAndPlural]' started.
Test Case '-[SproutTests.PhotoPromptTextTests testTitleSingularAndPlural]' passed (0.000 seconds).
Test Suite 'PhotoPromptTextTests' passed at 2026-07-17 05:56:40.612.
	 Executed 3 tests, with 0 failures (0 unexpected) in 0.001 (0.002) seconds
Test Suite 'PlantDetailViewModelTests' started at 2026-07-17 05:56:40.613.
Test Case '-[SproutTests.PlantDetailViewModelTests testDaysUntilDueReflectsDueStatusAndFallsBackToBaseInterval]' started.
Test Case '-[SproutTests.PlantDetailViewModelTests testDaysUntilDueReflectsDueStatusAndFallsBackToBaseInterval]' passed (0.010 seconds).
Test Case '-[SproutTests.PlantDetailViewModelTests testHistoryIsOrderedMostRecentFirst]' started.
Test Case '-[SproutTests.PlantDetailViewModelTests testHistoryIsOrderedMostRecentFirst]' passed (0.008 seconds).
Test Case '-[SproutTests.PlantDetailViewModelTests testHistoryReflectsCheckInsAppendedViaRepository]' started.
Test Case '-[SproutTests.PlantDetailViewModelTests testHistoryReflectsCheckInsAppendedViaRepository]' passed (0.010 seconds).
Test Case '-[SproutTests.PlantDetailViewModelTests testLoadsPlantSpeciesAndDue]' started.
Test Case '-[SproutTests.PlantDetailViewModelTests testLoadsPlantSpeciesAndDue]' passed (0.007 seconds).
Test Case '-[SproutTests.PlantDetailViewModelTests testMissingPlantSetsLoadFailed]' started.
Test Case '-[SproutTests.PlantDetailViewModelTests testMissingPlantSetsLoadFailed]' passed (0.005 seconds).
Test Case '-[SproutTests.PlantDetailViewModelTests testScheduleSummaryReportsCadenceAndDue]' started.
Test Case '-[SproutTests.PlantDetailViewModelTests testScheduleSummaryReportsCadenceAndDue]' passed (0.009 seconds).
Test Case '-[SproutTests.PlantDetailViewModelTests testScheduleSummaryWithoutCareRecordFallsBack]' started.
Test Case '-[SproutTests.PlantDetailViewModelTests testScheduleSummaryWithoutCareRecordFallsBack]' passed (0.007 seconds).
Test Case '-[SproutTests.PlantDetailViewModelTests testSetDueInDaysOverridesScheduleAndPersists]' started.
Test Case '-[SproutTests.PlantDetailViewModelTests testSetDueInDaysOverridesScheduleAndPersists]' passed (0.008 seconds).
Test Case '-[SproutTests.PlantDetailViewModelTests testUnscheduledPlantHasUnscheduledDueAndNoHistory]' started.
Test Case '-[SproutTests.PlantDetailViewModelTests testUnscheduledPlantHasUnscheduledDueAndNoHistory]' passed (0.007 seconds).
Test Suite 'PlantDetailViewModelTests' passed at 2026-07-17 05:56:40.687.
	 Executed 9 tests, with 0 failures (0 unexpected) in 0.072 (0.075) seconds
Test Suite 'PlantEditViewModelTests' started at 2026-07-17 05:56:40.688.
Test Case '-[SproutTests.PlantEditViewModelTests testCannotSaveWithoutNickname]' started.
Test Case '-[SproutTests.PlantEditViewModelTests testCannotSaveWithoutNickname]' passed (0.010 seconds).
Test Case '-[SproutTests.PlantEditViewModelTests testCanSaveWithNicknameOnly]' started.
Test Case '-[SproutTests.PlantEditViewModelTests testCanSaveWithNicknameOnly]' passed (0.007 seconds).
Test Case '-[SproutTests.PlantEditViewModelTests testEditCanClearRoom]' started.
Test Case '-[SproutTests.PlantEditViewModelTests testEditCanClearRoom]' passed (0.009 seconds).
Test Case '-[SproutTests.PlantEditViewModelTests testEditMissingPlantFlagsLoadFailure]' started.
Test Case '-[SproutTests.PlantEditViewModelTests testEditMissingPlantFlagsLoadFailure]' passed (0.005 seconds).
Test Case '-[SproutTests.PlantEditViewModelTests testEditPrefillsExistingPhoto]' started.
Test Case '-[SproutTests.PlantEditViewModelTests testEditPrefillsExistingPhoto]' passed (0.007 seconds).
Test Case '-[SproutTests.PlantEditViewModelTests testEditPrefillsNicknameAndRoom]' started.
Test Case '-[SproutTests.PlantEditViewModelTests testEditPrefillsNicknameAndRoom]' passed (0.008 seconds).
Test Case '-[SproutTests.PlantEditViewModelTests testEditUpdatesNicknameAndRoomPreservingSpeciesAndSchedulingState]' started.
Test Case '-[SproutTests.PlantEditViewModelTests testEditUpdatesNicknameAndRoomPreservingSpeciesAndSchedulingState]' passed (0.010 seconds).
Test Case '-[SproutTests.PlantEditViewModelTests testNoPhotoMeansNoExistingPhoto]' started.
Test Case '-[SproutTests.PlantEditViewModelTests testNoPhotoMeansNoExistingPhoto]' passed (0.007 seconds).
Test Case '-[SproutTests.PlantEditViewModelTests testStageIgnoresUnencodableImage]' started.
Test Case '-[SproutTests.PlantEditViewModelTests testStageIgnoresUnencodableImage]' passed (0.007 seconds).
Test Case '-[SproutTests.PlantEditViewModelTests testStagePhotoReplacesExistingPhotoOnSave]' started.
Test Case '-[SproutTests.PlantEditViewModelTests testStagePhotoReplacesExistingPhotoOnSave]' passed (0.013 seconds).
Test Case '-[SproutTests.PlantEditViewModelTests testStagePhotoStagesAndPersistsOnSave]' started.
Test Case '-[SproutTests.PlantEditViewModelTests testStagePhotoStagesAndPersistsOnSave]' passed (0.014 seconds).
Test Case '-[SproutTests.PlantEditViewModelTests testWhitespaceNicknameIsNotSavable]' started.
Test Case '-[SproutTests.PlantEditViewModelTests testWhitespaceNicknameIsNotSavable]' passed (0.007 seconds).
Test Suite 'PlantEditViewModelTests' passed at 2026-07-17 05:56:40.795.
	 Executed 12 tests, with 0 failures (0 unexpected) in 0.104 (0.107) seconds
Test Suite 'PlantListViewModelTests' started at 2026-07-17 05:56:40.795.
Test Case '-[SproutTests.PlantListViewModelTests testDueStatusClassification]' started.
Test Case '-[SproutTests.PlantListViewModelTests testDueStatusClassification]' passed (0.005 seconds).
Test Case '-[SproutTests.PlantListViewModelTests testDueStatusIgnoresTimeOfDay]' started.
Test Case '-[SproutTests.PlantListViewModelTests testDueStatusIgnoresTimeOfDay]' passed (0.005 seconds).
Test Case '-[SproutTests.PlantListViewModelTests testDueStatusLabels]' started.
Test Case '-[SproutTests.PlantListViewModelTests testDueStatusLabels]' passed (0.005 seconds).
Test Case '-[SproutTests.PlantListViewModelTests testEmptyRepositoryYieldsEmptyState]' started.
Test Case '-[SproutTests.PlantListViewModelTests testEmptyRepositoryYieldsEmptyState]' passed (0.007 seconds).
Test Case '-[SproutTests.PlantListViewModelTests testEqualDueDatesBreakTiesByNickname]' started.
Test Case '-[SproutTests.PlantListViewModelTests testEqualDueDatesBreakTiesByNickname]' passed (0.008 seconds).
Test Case '-[SproutTests.PlantListViewModelTests testNeedsWaterFlag]' started.
Test Case '-[SproutTests.PlantListViewModelTests testNeedsWaterFlag]' passed (0.005 seconds).
Test Case '-[SproutTests.PlantListViewModelTests testSeededPlantsAreOrderedSoonestDueFirst]' started.
Test Case '-[SproutTests.PlantListViewModelTests testSeededPlantsAreOrderedSoonestDueFirst]' passed (0.009 seconds).
Test Case '-[SproutTests.PlantListViewModelTests testUnscheduledPlantsSortLastThenAlphabetical]' started.
Test Case '-[SproutTests.PlantListViewModelTests testUnscheduledPlantsSortLastThenAlphabetical]' passed (0.008 seconds).
Test Suite 'PlantListViewModelTests' passed at 2026-07-17 05:56:40.850.
	 Executed 8 tests, with 0 failures (0 unexpected) in 0.054 (0.056) seconds
Test Suite 'PlantPhotoTests' started at 2026-07-17 05:56:40.850.
Test Case '-[SproutTests.PlantPhotoTests testEncodeDoesNotUpscaleSmallImage]' started.
Test Case '-[SproutTests.PlantPhotoTests testEncodeDoesNotUpscaleSmallImage]' passed (0.018 seconds).
Test Case '-[SproutTests.PlantPhotoTests testEncodeProducesSquareWithinMaxDimension]' started.
Test Case '-[SproutTests.PlantPhotoTests testEncodeProducesSquareWithinMaxDimension]' passed (0.001 seconds).
Test Case '-[SproutTests.PlantPhotoTests testEncodeReturnsJPEGForValidImage]' started.
Test Case '-[SproutTests.PlantPhotoTests testEncodeReturnsJPEGForValidImage]' passed (0.001 seconds).
Test Case '-[SproutTests.PlantPhotoTests testEncodeReturnsNilForImageWithoutCGImage]' started.
Test Case '-[SproutTests.PlantPhotoTests testEncodeReturnsNilForImageWithoutCGImage]' passed (0.001 seconds).
Test Case '-[SproutTests.PlantPhotoTests testEncodeStaysUnderSizeCeiling]' started.
Test Case '-[SproutTests.PlantPhotoTests testEncodeStaysUnderSizeCeiling]' passed (0.020 seconds).
Test Suite 'PlantPhotoTests' passed at 2026-07-17 05:56:40.892.
	 Executed 5 tests, with 0 failures (0 unexpected) in 0.040 (0.042) seconds
Test Suite 'PlantTokenTests' started at 2026-07-17 05:56:40.892.
Test Case '-[SproutTests.PlantTokenTests testDistinctUUIDsMapToPredictableDuos]' started.
Test Case '-[SproutTests.PlantTokenTests testDistinctUUIDsMapToPredictableDuos]' passed (0.001 seconds).
Test Case '-[SproutTests.PlantTokenTests testDuoIsStable]' started.
Test Case '-[SproutTests.PlantTokenTests testDuoIsStable]' passed (0.000 seconds).
Test Suite 'PlantTokenTests' passed at 2026-07-17 05:56:40.894.
	 Executed 2 tests, with 0 failures (0 unexpected) in 0.001 (0.002) seconds
Test Suite 'RandomNicknameProviderTests' started at 2026-07-17 05:56:40.894.
Test Case '-[SproutTests.RandomNicknameProviderTests testDefaultPoolIsLargeAndUnique]' started.
Test Case '-[SproutTests.RandomNicknameProviderTests testDefaultPoolIsLargeAndUnique]' passed (0.001 seconds).
Test Case '-[SproutTests.RandomNicknameProviderTests testDifferentSeedsDiffer]' started.
Test Case '-[SproutTests.RandomNicknameProviderTests testDifferentSeedsDiffer]' passed (0.001 seconds).
Test Case '-[SproutTests.RandomNicknameProviderTests testEmptyPoolDoesNotCrash]' started.
Test Case '-[SproutTests.RandomNicknameProviderTests testEmptyPoolDoesNotCrash]' passed (0.000 seconds).
Test Case '-[SproutTests.RandomNicknameProviderTests testNamePoolIsGenderBalanced]' started.
Test Case '-[SproutTests.RandomNicknameProviderTests testNamePoolIsGenderBalanced]' passed (0.004 seconds).
Test Case '-[SproutTests.RandomNicknameProviderTests testNamesAreUniqueWhilePoolLasts]' started.
Test Case '-[SproutTests.RandomNicknameProviderTests testNamesAreUniqueWhilePoolLasts]' passed (0.002 seconds).
Test Case '-[SproutTests.RandomNicknameProviderTests testNeverReturnsANameInAvoidingSet]' started.
Test Case '-[SproutTests.RandomNicknameProviderTests testNeverReturnsANameInAvoidingSet]' passed (0.003 seconds).
Test Case '-[SproutTests.RandomNicknameProviderTests testPoolExhaustionFallsBackToSuffixes]' started.
Test Case '-[SproutTests.RandomNicknameProviderTests testPoolExhaustionFallsBackToSuffixes]' passed (0.001 seconds).
Test Case '-[SproutTests.RandomNicknameProviderTests testSeededRNGIsDeterministic]' started.
Test Case '-[SproutTests.RandomNicknameProviderTests testSeededRNGIsDeterministic]' passed (0.001 seconds).
Test Suite 'RandomNicknameProviderTests' passed at 2026-07-17 05:56:40.910.
	 Executed 8 tests, with 0 failures (0 unexpected) in 0.014 (0.016) seconds
Test Suite 'RecommendationPresentationTests' started at 2026-07-17 05:56:40.910.
Test Case '-[SproutTests.RecommendationPresentationTests testAllActionsCovered]' started.
Test Case '-[SproutTests.RecommendationPresentationTests testAllActionsCovered]' passed (0.001 seconds).
Test Case '-[SproutTests.RecommendationPresentationTests testAllReasonsProducedValidHeadline]' started.
Test Case '-[SproutTests.RecommendationPresentationTests testAllReasonsProducedValidHeadline]' passed (0.001 seconds).
Test Case '-[SproutTests.RecommendationPresentationTests testMonitorDroopyMoist]' started.
Test Case '-[SproutTests.RecommendationPresentationTests testMonitorDroopyMoist]' passed (0.001 seconds).
Test Case '-[SproutTests.RecommendationPresentationTests testSkipDroopyWet]' started.
Test Case '-[SproutTests.RecommendationPresentationTests testSkipDroopyWet]' passed (0.000 seconds).
Test Case '-[SproutTests.RecommendationPresentationTests testSkipStillWet]' started.
Test Case '-[SproutTests.RecommendationPresentationTests testSkipStillWet]' passed (0.000 seconds).
Test Case '-[SproutTests.RecommendationPresentationTests testSkipTintMatchesSproutThemeDueTodayAmber]' started.
Test Case '-[SproutTests.RecommendationPresentationTests testSkipTintMatchesSproutThemeDueTodayAmber]' passed (0.001 seconds).
Test Case '-[SproutTests.RecommendationPresentationTests testWaterLightlyOnSchedule]' started.
Test Case '-[SproutTests.RecommendationPresentationTests testWaterLightlyOnSchedule]' passed (0.001 seconds).
Test Case '-[SproutTests.RecommendationPresentationTests testWaterLightlyTouchEarly]' started.
Test Case '-[SproutTests.RecommendationPresentationTests testWaterLightlyTouchEarly]' passed (0.000 seconds).
Test Case '-[SproutTests.RecommendationPresentationTests testWaterNowDontDryOut]' started.
Test Case '-[SproutTests.RecommendationPresentationTests testWaterNowDontDryOut]' passed (0.000 seconds).
Test Case '-[SproutTests.RecommendationPresentationTests testWaterNowDriedEarly]' started.
Test Case '-[SproutTests.RecommendationPresentationTests testWaterNowDriedEarly]' passed (0.000 seconds).
Test Case '-[SproutTests.RecommendationPresentationTests testWaterNowDroopyDry]' started.
Test Case '-[SproutTests.RecommendationPresentationTests testWaterNowDroopyDry]' passed (0.003 seconds).
Test Case '-[SproutTests.RecommendationPresentationTests testWaterNowOnSchedule]' started.
Test Case '-[SproutTests.RecommendationPresentationTests testWaterNowOnSchedule]' passed (0.001 seconds).
Test Suite 'RecommendationPresentationTests' passed at 2026-07-17 05:56:40.921.
	 Executed 12 tests, with 0 failures (0 unexpected) in 0.008 (0.011) seconds
Test Suite 'RhythmBandTests' started at 2026-07-17 05:56:40.921.
Test Case '-[SproutTests.RhythmBandTests testLabelCollisionThreshold]' started.
Test Case '-[SproutTests.RhythmBandTests testLabelCollisionThreshold]' passed (0.000 seconds).
Test Case '-[SproutTests.RhythmBandTests testPositionCalculation]' started.
Test Case '-[SproutTests.RhythmBandTests testPositionCalculation]' passed (0.000 seconds).
Test Case '-[SproutTests.RhythmBandTests testPositionClampedHigh]' started.
Test Case '-[SproutTests.RhythmBandTests testPositionClampedHigh]' passed (0.000 seconds).
Test Case '-[SproutTests.RhythmBandTests testPositionClampedLow]' started.
Test Case '-[SproutTests.RhythmBandTests testPositionClampedLow]' passed (0.000 seconds).
Test Case '-[SproutTests.RhythmBandTests testPositionEqualBounds]' started.
Test Case '-[SproutTests.RhythmBandTests testPositionEqualBounds]' passed (0.001 seconds).
Test Case '-[SproutTests.RhythmBandTests testPositionInvertedBounds]' started.
Test Case '-[SproutTests.RhythmBandTests testPositionInvertedBounds]' passed (0.000 seconds).
Test Suite 'RhythmBandTests' passed at 2026-07-17 05:56:40.929.
	 Executed 6 tests, with 0 failures (0 unexpected) in 0.003 (0.008) seconds
Test Suite 'RoomEnvironmentTests' started at 2026-07-17 05:56:40.929.
Test Case '-[SproutTests.RoomEnvironmentTests testAllCombosStayWithinClampBand]' started.
Test Case '-[SproutTests.RoomEnvironmentTests testAllCombosStayWithinClampBand]' passed (0.001 seconds).
Test Case '-[SproutTests.RoomEnvironmentTests testBrighterAndDrierShortensInterval]' started.
Test Case '-[SproutTests.RoomEnvironmentTests testBrighterAndDrierShortensInterval]' passed (0.001 seconds).
Test Case '-[SproutTests.RoomEnvironmentTests testBrightnessIsBrightWhenBothHigh]' started.
Test Case '-[SproutTests.RoomEnvironmentTests testBrightnessIsBrightWhenBothHigh]' passed (0.003 seconds).
Test Case '-[SproutTests.RoomEnvironmentTests testBrightnessIsDarkWhenBothLow]' started.
Test Case '-[SproutTests.RoomEnvironmentTests testBrightnessIsDarkWhenBothLow]' passed (0.000 seconds).
Test Case '-[SproutTests.RoomEnvironmentTests testBrightnessIsMonotonicInEachInput]' started.
Test Case '-[SproutTests.RoomEnvironmentTests testBrightnessIsMonotonicInEachInput]' passed (0.001 seconds).
Test Case '-[SproutTests.RoomEnvironmentTests testDirectSunDominatesBrightness]' started.
Test Case '-[SproutTests.RoomEnvironmentTests testDirectSunDominatesBrightness]' passed (0.001 seconds).
Test Case '-[SproutTests.RoomEnvironmentTests testExtremeCombosComputeAsExpected]' started.
Test Case '-[SproutTests.RoomEnvironmentTests testExtremeCombosComputeAsExpected]' passed (0.001 seconds).
Test Case '-[SproutTests.RoomEnvironmentTests testLightLevelFactorMatchesInferredBrightness]' started.
Test Case '-[SproutTests.RoomEnvironmentTests testLightLevelFactorMatchesInferredBrightness]' passed (0.001 seconds).
Test Case '-[SproutTests.RoomEnvironmentTests testNeutralRoomIsOne]' started.
Test Case '-[SproutTests.RoomEnvironmentTests testNeutralRoomIsOne]' passed (0.001 seconds).
Test Case '-[SproutTests.RoomEnvironmentTests testNoRoomIsNeutral]' started.
Test Case '-[SproutTests.RoomEnvironmentTests testNoRoomIsNeutral]' passed (0.001 seconds).
Test Case '-[SproutTests.RoomEnvironmentTests testRoomConvenienceMatchesBrightness]' started.
Test Case '-[SproutTests.RoomEnvironmentTests testRoomConvenienceMatchesBrightness]' passed (0.001 seconds).
Test Suite 'RoomEnvironmentTests' passed at 2026-07-17 05:56:40.943.
	 Executed 11 tests, with 0 failures (0 unexpected) in 0.009 (0.014) seconds
Test Suite 'RoomPresetTests' started at 2026-07-17 05:56:40.944.
Test Case '-[SproutTests.RoomPresetTests testCatalogueIsNonEmptyWithUniqueNames]' started.
Test Case '-[SproutTests.RoomPresetTests testCatalogueIsNonEmptyWithUniqueNames]' passed (0.001 seconds).
Test Case '-[SproutTests.RoomPresetTests testCommonRoomsArePresent]' started.
Test Case '-[SproutTests.RoomPresetTests testCommonRoomsArePresent]' passed (0.004 seconds).
Test Case '-[SproutTests.RoomPresetTests testEnvironmentSummaryReflectsDefaults]' started.
Test Case '-[SproutTests.RoomPresetTests testEnvironmentSummaryReflectsDefaults]' passed (0.001 seconds).
Test Suite 'RoomPresetTests' passed at 2026-07-17 05:56:40.949.
	 Executed 3 tests, with 0 failures (0 unexpected) in 0.005 (0.006) seconds
Test Suite 'RoomsViewModelTests' started at 2026-07-17 05:56:40.949.
Test Case '-[SproutTests.RoomsViewModelTests testAddCreatesRoom]' started.
Test Case '-[SproutTests.RoomsViewModelTests testAddCreatesRoom]' passed (0.060 seconds).
Test Case '-[SproutTests.RoomsViewModelTests testAddIgnoresBlankName]' started.
Test Case '-[SproutTests.RoomsViewModelTests testAddIgnoresBlankName]' passed (0.006 seconds).
Test Case '-[SproutTests.RoomsViewModelTests testDeleteRemovesRoom]' started.
Test Case '-[SproutTests.RoomsViewModelTests testDeleteRemovesRoom]' passed (0.012 seconds).
Test Case '-[SproutTests.RoomsViewModelTests testLoadCountsPlantsPerRoom]' started.
Test Case '-[SproutTests.RoomsViewModelTests testLoadCountsPlantsPerRoom]' passed (0.030 seconds).
Test Suite 'RoomsViewModelTests' passed at 2026-07-17 05:56:41.058.
	 Executed 4 tests, with 0 failures (0 unexpected) in 0.108 (0.109) seconds
Test Suite 'ScheduleEngineTests' started at 2026-07-17 05:56:41.059.
Test Case '-[SproutTests.ScheduleEngineTests testAdjClampedAboveRange]' started.
Test Case '-[SproutTests.ScheduleEngineTests testAdjClampedAboveRange]' passed (0.000 seconds).
Test Case '-[SproutTests.ScheduleEngineTests testAdjClampedBelowRange]' started.
Test Case '-[SproutTests.ScheduleEngineTests testAdjClampedBelowRange]' passed (0.000 seconds).
Test Case '-[SproutTests.ScheduleEngineTests testAdjScalesTheInterval]' started.
Test Case '-[SproutTests.ScheduleEngineTests testAdjScalesTheInterval]' passed (0.000 seconds).
Test Case '-[SproutTests.ScheduleEngineTests testColdWeatherLengthensInterval]' started.
Test Case '-[SproutTests.ScheduleEngineTests testColdWeatherLengthensInterval]' passed (0.000 seconds).
Test Case '-[SproutTests.ScheduleEngineTests testEffectiveIntervalDefaultsToBaseWhenNeutral]' started.
Test Case '-[SproutTests.ScheduleEngineTests testEffectiveIntervalDefaultsToBaseWhenNeutral]' passed (0.000 seconds).
Test Case '-[SproutTests.ScheduleEngineTests testEngineIsDeterministic]' started.
Test Case '-[SproutTests.ScheduleEngineTests testEngineIsDeterministic]' passed (0.000 seconds).
Test Case '-[SproutTests.ScheduleEngineTests testHotWeatherShortensInterval]' started.
Test Case '-[SproutTests.ScheduleEngineTests testHotWeatherShortensInterval]' passed (0.000 seconds).
Test Case '-[SproutTests.ScheduleEngineTests testIntervalClampedToSpeciesMax]' started.
Test Case '-[SproutTests.ScheduleEngineTests testIntervalClampedToSpeciesMax]' passed (0.001 seconds).
Test Case '-[SproutTests.ScheduleEngineTests testIntervalClampedToSpeciesMin]' started.
Test Case '-[SproutTests.ScheduleEngineTests testIntervalClampedToSpeciesMin]' passed (0.000 seconds).
Test Case '-[SproutTests.ScheduleEngineTests testNextDueAnchorsToNowWhenNeverWatered]' started.
Test Case '-[SproutTests.ScheduleEngineTests testNextDueAnchorsToNowWhenNeverWatered]' passed (0.000 seconds).
Test Case '-[SproutTests.ScheduleEngineTests testNextDueFromLastWatered]' started.
Test Case '-[SproutTests.ScheduleEngineTests testNextDueFromLastWatered]' passed (0.000 seconds).
Test Case '-[SproutTests.ScheduleEngineTests testNextDueReflectsAdjAndWeather]' started.
Test Case '-[SproutTests.ScheduleEngineTests testNextDueReflectsAdjAndWeather]' passed (0.000 seconds).
Test Case '-[SproutTests.ScheduleEngineTests testNextDueUsesPlantLastWateredWhenPresent]' started.
Test Case '-[SproutTests.ScheduleEngineTests testNextDueUsesPlantLastWateredWhenPresent]' passed (0.001 seconds).
Test Case '-[SproutTests.ScheduleEngineTests testRoundingToNearestWholeDay]' started.
Test Case '-[SproutTests.ScheduleEngineTests testRoundingToNearestWholeDay]' passed (0.000 seconds).
Test Case '-[SproutTests.ScheduleEngineTests testWeatherAndAdjCompose]' started.
Test Case '-[SproutTests.ScheduleEngineTests testWeatherAndAdjCompose]' passed (0.000 seconds).
Test Case '-[SproutTests.ScheduleEngineTests testWeatherFactorParameterDefaultsToOne]' started.
Test Case '-[SproutTests.ScheduleEngineTests testWeatherFactorParameterDefaultsToOne]' passed (0.000 seconds).
Test Suite 'ScheduleEngineTests' passed at 2026-07-17 05:56:41.074.
	 Executed 16 tests, with 0 failures (0 unexpected) in 0.008 (0.016) seconds
Test Suite 'ScheduleExplanationTests' started at 2026-07-17 05:56:41.074.
Test Case '-[SproutTests.ScheduleExplanationTests testBrightDryRoomShortensWhenNoCheckInDrivenAdj]' started.
Test Case '-[SproutTests.ScheduleExplanationTests testBrightDryRoomShortensWhenNoCheckInDrivenAdj]' passed (0.001 seconds).
Test Case '-[SproutTests.ScheduleExplanationTests testCheckInDrivenAdjTakesPrecedenceOverRoom]' started.
Test Case '-[SproutTests.ScheduleExplanationTests testCheckInDrivenAdjTakesPrecedenceOverRoom]' passed (0.000 seconds).
Test Case '-[SproutTests.ScheduleExplanationTests testDroopingShortens]' started.
Test Case '-[SproutTests.ScheduleExplanationTests testDroopingShortens]' passed (0.000 seconds).
Test Case '-[SproutTests.ScheduleExplanationTests testEffectiveIntervalRespectsSpeciesMaxClamp]' started.
Test Case '-[SproutTests.ScheduleExplanationTests testEffectiveIntervalRespectsSpeciesMaxClamp]' passed (0.000 seconds).
Test Case '-[SproutTests.ScheduleExplanationTests testLengthenedStayedWet]' started.
Test Case '-[SproutTests.ScheduleExplanationTests testLengthenedStayedWet]' passed (0.001 seconds).
Test Case '-[SproutTests.ScheduleExplanationTests testLowLightHumidRoomLengthens]' started.
Test Case '-[SproutTests.ScheduleExplanationTests testLowLightHumidRoomLengthens]' passed (0.001 seconds).
Test Case '-[SproutTests.ScheduleExplanationTests testOverwateredLengthens]' started.
Test Case '-[SproutTests.ScheduleExplanationTests testOverwateredLengthens]' passed (0.000 seconds).
Test Case '-[SproutTests.ScheduleExplanationTests testSettledWhenAdjBackToNeutralButHistoryExists]' started.
Test Case '-[SproutTests.ScheduleExplanationTests testSettledWhenAdjBackToNeutralButHistoryExists]' passed (0.001 seconds).
Test Case '-[SproutTests.ScheduleExplanationTests testShortenedDriedOut]' started.
Test Case '-[SproutTests.ScheduleExplanationTests testShortenedDriedOut]' passed (0.000 seconds).
Test Case '-[SproutTests.ScheduleExplanationTests testSingularDayWording]' started.
Test Case '-[SproutTests.ScheduleExplanationTests testSingularDayWording]' passed (0.001 seconds).
Test Case '-[SproutTests.ScheduleExplanationTests testStillMoistCause]' started.
Test Case '-[SproutTests.ScheduleExplanationTests testStillMoistCause]' passed (0.000 seconds).
Test Case '-[SproutTests.ScheduleExplanationTests testUnchangedAtSeedCadenceWithNoHistory]' started.
Test Case '-[SproutTests.ScheduleExplanationTests testUnchangedAtSeedCadenceWithNoHistory]' passed (0.000 seconds).
Test Suite 'ScheduleExplanationTests' passed at 2026-07-17 05:56:41.088.
	 Executed 12 tests, with 0 failures (0 unexpected) in 0.006 (0.013) seconds
Test Suite 'SettingsViewModelTests' started at 2026-07-17 05:56:41.088.
Test Case '-[SproutTests.SettingsViewModelTests testChangingReminderTimeReschedulesAtTheNewHour]' started.
Test Case '-[SproutTests.SettingsViewModelTests testChangingReminderTimeReschedulesAtTheNewHour]' passed (0.021 seconds).
Test Case '-[SproutTests.SettingsViewModelTests testDeleteAllDataWipesPlantsAndRoomsAndNotifies]' started.
Test Case '-[SproutTests.SettingsViewModelTests testDeleteAllDataWipesPlantsAndRoomsAndNotifies]' passed (0.015 seconds).
Test Case '-[SproutTests.SettingsViewModelTests testDeleteAllDataWithoutRepositoryStillNotifies]' started.
Test Case '-[SproutTests.SettingsViewModelTests testDeleteAllDataWithoutRepositoryStillNotifies]' passed (0.002 seconds).
Test Case '-[SproutTests.SettingsViewModelTests testFreshStoreYieldsDefaultSettings]' started.
Test Case '-[SproutTests.SettingsViewModelTests testFreshStoreYieldsDefaultSettings]' passed (0.001 seconds).
Test Case '-[SproutTests.SettingsViewModelTests testReminderHourIsClampedToValidRange]' started.
Test Case '-[SproutTests.SettingsViewModelTests testReminderHourIsClampedToValidRange]' passed (0.003 seconds).
Test Case '-[SproutTests.SettingsViewModelTests testReminderTimeReflectsTheStoredHour]' started.
Test Case '-[SproutTests.SettingsViewModelTests testReminderTimeReflectsTheStoredHour]' passed (0.002 seconds).
Test Case '-[SproutTests.SettingsViewModelTests testReschedulesEveryPlant]' started.
Test Case '-[SproutTests.SettingsViewModelTests testReschedulesEveryPlant]' passed (0.011 seconds).
Test Case '-[SproutTests.SettingsViewModelTests testSettingsPersistAcrossLaunches]' started.
Test Case '-[SproutTests.SettingsViewModelTests testSettingsPersistAcrossLaunches]' passed (0.003 seconds).
Test Suite 'SettingsViewModelTests' passed at 2026-07-17 05:56:41.151.
	 Executed 8 tests, with 0 failures (0 unexpected) in 0.058 (0.063) seconds
Test Suite 'SproutFontTests' started at 2026-07-17 05:56:41.151.
Test Case '-[SproutTests.SproutFontTests testBricolageGrotesque600Registers]' started.
Test Case '-[SproutTests.SproutFontTests testBricolageGrotesque600Registers]' passed (0.005 seconds).
Test Case '-[SproutTests.SproutFontTests testBricolageGrotesque700Registers]' started.
Test Case '-[SproutTests.SproutFontTests testBricolageGrotesque700Registers]' passed (0.001 seconds).
Test Case '-[SproutTests.SproutFontTests testBricolageGrotesque800Registers]' started.
Test Case '-[SproutTests.SproutFontTests testBricolageGrotesque800Registers]' passed (0.001 seconds).
Test Case '-[SproutTests.SproutFontTests testHankenGrotesk500ItalicRegisters]' started.
Test Case '-[SproutTests.SproutFontTests testHankenGrotesk500ItalicRegisters]' passed (0.001 seconds).
Test Case '-[SproutTests.SproutFontTests testHankenGrotesk500Registers]' started.
Test Case '-[SproutTests.SproutFontTests testHankenGrotesk500Registers]' passed (0.001 seconds).
Test Case '-[SproutTests.SproutFontTests testHankenGrotesk600Registers]' started.
Test Case '-[SproutTests.SproutFontTests testHankenGrotesk600Registers]' passed (0.001 seconds).
Test Case '-[SproutTests.SproutFontTests testHankenGrotesk700Registers]' started.
Test Case '-[SproutTests.SproutFontTests testHankenGrotesk700Registers]' passed (0.000 seconds).
Test Case '-[SproutTests.SproutFontTests testHankenGroteskItalicRegisters]' started.
Test Case '-[SproutTests.SproutFontTests testHankenGroteskItalicRegisters]' passed (0.001 seconds).
Test Case '-[SproutTests.SproutFontTests testHankenGroteskRegularRegisters]' started.
Test Case '-[SproutTests.SproutFontTests testHankenGroteskRegularRegisters]' passed (0.001 seconds).
Test Suite 'SproutFontTests' passed at 2026-07-17 05:56:41.164.
	 Executed 9 tests, with 0 failures (0 unexpected) in 0.010 (0.013) seconds
Test Suite 'SproutIconTests' started at 2026-07-17 05:56:41.164.
Test Case '-[SproutTests.SproutIconTests testChromeIconImagesResolve]' started.
Test Case '-[SproutTests.SproutIconTests testChromeIconImagesResolve]' passed (0.005 seconds).
Test Case '-[SproutTests.SproutIconTests testPlantIconCodable]' started.
Test Case '-[SproutTests.SproutIconTests testPlantIconCodable]' passed (0.001 seconds).
Test Case '-[SproutTests.SproutIconTests testPlantIconDefaultForAloe]' started.
Test Case '-[SproutTests.SproutIconTests testPlantIconDefaultForAloe]' passed (0.001 seconds).
Test Case '-[SproutTests.SproutIconTests testPlantIconDefaultForCactus]' started.
Test Case '-[SproutTests.SproutIconTests testPlantIconDefaultForCactus]' passed (0.000 seconds).
Test Case '-[SproutTests.SproutIconTests testPlantIconDefaultForCarrot]' started.
Test Case '-[SproutTests.SproutIconTests testPlantIconDefaultForCarrot]' passed (0.000 seconds).
Test Case '-[SproutTests.SproutIconTests testPlantIconDefaultForCitrus]' started.
Test Case '-[SproutTests.SproutIconTests testPlantIconDefaultForCitrus]' passed (0.000 seconds).
Test Case '-[SproutTests.SproutIconTests testPlantIconDefaultForClover]' started.
Test Case '-[SproutTests.SproutIconTests testPlantIconDefaultForClover]' passed (0.000 seconds).
Test Case '-[SproutTests.SproutIconTests testPlantIconDefaultForEvergreen]' started.
Test Case '-[SproutTests.SproutIconTests testPlantIconDefaultForEvergreen]' passed (0.000 seconds).
Test Case '-[SproutTests.SproutIconTests testPlantIconDefaultForFern]' started.
Test Case '-[SproutTests.SproutIconTests testPlantIconDefaultForFern]' passed (0.000 seconds).
Test Case '-[SproutTests.SproutIconTests testPlantIconDefaultForFlower]' started.
Test Case '-[SproutTests.SproutIconTests testPlantIconDefaultForFlower]' passed (0.001 seconds).
Test Case '-[SproutTests.SproutIconTests testPlantIconDefaultForHerb]' started.
Test Case '-[SproutTests.SproutIconTests testPlantIconDefaultForHerb]' passed (0.001 seconds).
Test Case '-[SproutTests.SproutIconTests testPlantIconDefaultForMonstera]' started.
Test Case '-[SproutTests.SproutIconTests testPlantIconDefaultForMonstera]' passed (0.000 seconds).
Test Case '-[SproutTests.SproutIconTests testPlantIconDefaultForOrchid]' started.
Test Case '-[SproutTests.SproutIconTests testPlantIconDefaultForOrchid]' passed (0.001 seconds).
Test Case '-[SproutTests.SproutIconTests testPlantIconDefaultForPepper]' started.
Test Case '-[SproutTests.SproutIconTests testPlantIconDefaultForPepper]' passed (0.001 seconds).
Test Case '-[SproutTests.SproutIconTests testPlantIconDefaultForSucculent]' started.
Test Case '-[SproutTests.SproutIconTests testPlantIconDefaultForSucculent]' passed (0.001 seconds).
Test Case '-[SproutTests.SproutIconTests testPlantIconDefaultForTree]' started.
Test Case '-[SproutTests.SproutIconTests testPlantIconDefaultForTree]' passed (0.007 seconds).
Test Case '-[SproutTests.SproutIconTests testPlantIconDefaultForTreePalm]' started.
Test Case '-[SproutTests.SproutIconTests testPlantIconDefaultForTreePalm]' passed (0.001 seconds).
Test Case '-[SproutTests.SproutIconTests testPlantIconDefaultForTulip]' started.
Test Case '-[SproutTests.SproutIconTests testPlantIconDefaultForTulip]' passed (0.000 seconds).
Test Case '-[SproutTests.SproutIconTests testPlantIconImagesResolve]' started.
Test Case '-[SproutTests.SproutIconTests testPlantIconImagesResolve]' passed (0.002 seconds).
Test Suite 'SproutIconTests' passed at 2026-07-17 05:56:41.196.
	 Executed 19 tests, with 0 failures (0 unexpected) in 0.023 (0.033) seconds
Test Suite 'SproutTests' started at 2026-07-17 05:56:41.197.
Test Case '-[SproutTests.SproutTests testExample]' started.
Test Case '-[SproutTests.SproutTests testExample]' passed (0.002 seconds).
Test Suite 'SproutTests' passed at 2026-07-17 05:56:41.199.
	 Executed 1 test, with 0 failures (0 unexpected) in 0.002 (0.003) seconds
Test Suite 'SproutThemeTests' started at 2026-07-17 05:56:41.200.
Test Case '-[SproutTests.SproutThemeTests testBrandGreenResolvesToExpectedSRGB]' started.
Test Case '-[SproutTests.SproutThemeTests testBrandGreenResolvesToExpectedSRGB]' passed (0.001 seconds).
Test Case '-[SproutTests.SproutThemeTests testInkResolvesToExpectedSRGB]' started.
Test Case '-[SproutTests.SproutThemeTests testInkResolvesToExpectedSRGB]' passed (0.000 seconds).
Test Case '-[SproutTests.SproutThemeTests testPaperResolvesToExpectedSRGB]' started.
Test Case '-[SproutTests.SproutThemeTests testPaperResolvesToExpectedSRGB]' passed (0.000 seconds).
Test Case '-[SproutTests.SproutThemeTests testRadiusValuesMatchSpec]' started.
Test Case '-[SproutTests.SproutThemeTests testRadiusValuesMatchSpec]' passed (0.001 seconds).
Test Suite 'SproutThemeTests' passed at 2026-07-17 05:56:41.205.
	 Executed 4 tests, with 0 failures (0 unexpected) in 0.002 (0.005) seconds
Test Suite 'StubPhotoCapturingTests' started at 2026-07-17 05:56:41.205.
Test Case '-[SproutTests.StubPhotoCapturingTests testCaptureCanSimulateFailure]' started.
2026-07-17 05:56:41.205507+0100 Sprout[46658:3751552] [diag] StubPhotoCapturing.capture() — returning nil
🌱 05:56:41.205  StubPhotoCapturing.capture() — returning nil
Test Case '-[SproutTests.StubPhotoCapturingTests testCaptureCanSimulateFailure]' passed (0.001 seconds).
Test Case '-[SproutTests.StubPhotoCapturingTests testCaptureReturnsAnEncodableSquareImage]' started.
2026-07-17 05:56:41.206738+0100 Sprout[46658:3751552] [diag] StubPhotoCapturing.capture() — returning demo image
🌱 05:56:41.206  StubPhotoCapturing.capture() — returning demo image
Test Case '-[SproutTests.StubPhotoCapturingTests testCaptureReturnsAnEncodableSquareImage]' passed (0.005 seconds).
Test Case '-[SproutTests.StubPhotoCapturingTests testReportsUnavailableByDefault]' started.
Test Case '-[SproutTests.StubPhotoCapturingTests testReportsUnavailableByDefault]' passed (0.001 seconds).
Test Suite 'StubPhotoCapturingTests' passed at 2026-07-17 05:56:41.213.
	 Executed 3 tests, with 0 failures (0 unexpected) in 0.006 (0.008) seconds
Test Suite 'WeatherFactorTests' started at 2026-07-17 05:56:41.213.
Test Case '-[SproutTests.WeatherFactorTests testColdForecastYieldsFactorAboveOne]' started.
Test Case '-[SproutTests.WeatherFactorTests testColdForecastYieldsFactorAboveOne]' passed (0.001 seconds).
Test Case '-[SproutTests.WeatherFactorTests testColdSpellStretchesTheEffectiveInterval]' started.
Test Case '-[SproutTests.WeatherFactorTests testColdSpellStretchesTheEffectiveInterval]' passed (0.000 seconds).
Test Case '-[SproutTests.WeatherFactorTests testEmptyForecastIsNeutral]' started.
Test Case '-[SproutTests.WeatherFactorTests testEmptyForecastIsNeutral]' passed (0.000 seconds).
Test Case '-[SproutTests.WeatherFactorTests testEndToEndRecomputeThroughAdaptiveEngineAndExplanation]' started.
Test Case '-[SproutTests.WeatherFactorTests testEndToEndRecomputeThroughAdaptiveEngineAndExplanation]' passed (0.001 seconds).
Test Case '-[SproutTests.WeatherFactorTests testExtremeColdClampsToFactorCeiling]' started.
Test Case '-[SproutTests.WeatherFactorTests testExtremeColdClampsToFactorCeiling]' passed (0.000 seconds).
Test Case '-[SproutTests.WeatherFactorTests testExtremeHeatClampsToFactorFloor]' started.
Test Case '-[SproutTests.WeatherFactorTests testExtremeHeatClampsToFactorFloor]' passed (0.001 seconds).
Test Case '-[SproutTests.WeatherFactorTests testFactorAveragesAcrossDays]' started.
Test Case '-[SproutTests.WeatherFactorTests testFactorAveragesAcrossDays]' passed (0.001 seconds).
Test Case '-[SproutTests.WeatherFactorTests testHotForecastYieldsFactorBelowOne]' started.
Test Case '-[SproutTests.WeatherFactorTests testHotForecastYieldsFactorBelowOne]' passed (0.000 seconds).
Test Case '-[SproutTests.WeatherFactorTests testHotSpellShortensTheEffectiveInterval]' started.
Test Case '-[SproutTests.WeatherFactorTests testHotSpellShortensTheEffectiveInterval]' passed (0.001 seconds).
Test Case '-[SproutTests.WeatherFactorTests testLightRainBelowThresholdIsIgnoredOutdoors]' started.
Test Case '-[SproutTests.WeatherFactorTests testLightRainBelowThresholdIsIgnoredOutdoors]' passed (0.001 seconds).
Test Case '-[SproutTests.WeatherFactorTests testMildForecastIsNeutral]' started.
Test Case '-[SproutTests.WeatherFactorTests testMildForecastIsNeutral]' passed (0.000 seconds).
Test Case '-[SproutTests.WeatherFactorTests testNeutralBandBoundariesAreNeutral]' started.
Test Case '-[SproutTests.WeatherFactorTests testNeutralBandBoundariesAreNeutral]' passed (0.000 seconds).
Test Case '-[SproutTests.WeatherFactorTests testRainIgnoredForIndoorPlants]' started.
Test Case '-[SproutTests.WeatherFactorTests testRainIgnoredForIndoorPlants]' passed (0.000 seconds).
Test Case '-[SproutTests.WeatherFactorTests testRainLengthensForOutdoorPlants]' started.
Test Case '-[SproutTests.WeatherFactorTests testRainLengthensForOutdoorPlants]' passed (0.000 seconds).
Test Suite 'WeatherFactorTests' passed at 2026-07-17 05:56:41.226.
	 Executed 14 tests, with 0 failures (0 unexpected) in 0.007 (0.013) seconds
Test Suite 'WeatherProviderTests' started at 2026-07-17 05:56:41.227.
Test Case '-[SproutTests.WeatherProviderTests testAvailableLocationAndForecastSurfacesForecast]' started.
Test Case '-[SproutTests.WeatherProviderTests testAvailableLocationAndForecastSurfacesForecast]' passed (0.004 seconds).
Test Case '-[SproutTests.WeatherProviderTests testDecodesOpenMeteoFixture]' started.
Test Case '-[SproutTests.WeatherProviderTests testDecodesOpenMeteoFixture]' passed (0.001 seconds).
Test Case '-[SproutTests.WeatherProviderTests testDecodeThrowsOnGarbage]' started.
Test Case '-[SproutTests.WeatherProviderTests testDecodeThrowsOnGarbage]' passed (0.002 seconds).
Test Case '-[SproutTests.WeatherProviderTests testDecodeTruncatesToShortestSeries]' started.
Test Case '-[SproutTests.WeatherProviderTests testDecodeTruncatesToShortestSeries]' passed (0.001 seconds).
Test Case '-[SproutTests.WeatherProviderTests testDeniedLocationYieldsNeutralFactor]' started.
Test Case '-[SproutTests.WeatherProviderTests testDeniedLocationYieldsNeutralFactor]' passed (0.001 seconds).
Test Case '-[SproutTests.WeatherProviderTests testForecastFailureYieldsNeutralFactor]' started.
Test Case '-[SproutTests.WeatherProviderTests testForecastFailureYieldsNeutralFactor]' passed (0.002 seconds).
Test Suite 'WeatherProviderTests' passed at 2026-07-17 05:56:41.239.
	 Executed 6 tests, with 0 failures (0 unexpected) in 0.009 (0.012) seconds
Test Suite 'SproutTests.xctest' passed at 2026-07-17 05:56:41.239.
	 Executed 345 tests, with 0 failures (0 unexpected) in 1.574 (1.760) seconds
Test Suite 'All tests' passed at 2026-07-17 05:56:41.239.
	 Executed 345 tests, with 0 failures (0 unexpected) in 1.574 (1.760) seconds
2026-07-17 05:56:41.597 xcodebuild[46465:3749951] [MT] IDETestOperationsObserverDebug: 10.587 elapsed -- Testing started completed.
2026-07-17 05:56:41.597 xcodebuild[46465:3749951] [MT] IDETestOperationsObserverDebug: 0.000 sec, +0.000 sec -- start
2026-07-17 05:56:41.597 xcodebuild[46465:3749951] [MT] IDETestOperationsObserverDebug: 10.587 sec, +10.587 sec -- end

Test session results, code coverage, and logs:
	/Users/ryankrol/Library/Developer/Xcode/DerivedData/Sprout-bvuuttoslfvxdqbxqlhflydjsroa/Logs/Test/Test-Sprout-2026.07.17_05-56-16-+0100.xcresult

** TEST SUCCEEDED **

Testing started
